Microchip MPLAB XC8 Compiler V2.20

Linker command line:

-W-3 --edf=C:\Program Files\Microchip\xc8\v2.20\pic\dat\en_msgs.txt -cn \
  -h+dist/default/production\inlab07.X.production.sym \
  --cmf=dist/default/production\inlab07.X.production.cmf -z -Q18F26K22 \
  -oC:\Users\james\AppData\Local\Temp\scok.2 --defsym=__MPLAB_BUILD=1 \
  -Mdist/default/production/inlab07.X.production.map -E1 -ver=XC8 Compiler \
  --acfsm=1493 -ASTACK=0120h-0F37h -pstack=STACK -ACODE=00h-0FFFFh \
  -ACONST=00h-0FFFFh -ASMALLCONST=01000h-010FFhx240 \
  -AMEDIUMCONST=01000h-0FFFFh -ACOMRAM=01h-05Fh -AABS1=00h-0F37h \
  -ABIGRAM=01h-0F37h -ARAM=060h-0FFh,0100h-01FFhx14,0F00h-0F37h \
  -ABANK0=060h-0FFh -ABANK1=0100h-01FFh -ABANK2=0200h-02FFh \
  -ABANK3=0300h-03FFh -ABANK4=0400h-04FFh -ABANK5=0500h-05FFh \
  -ABANK6=0600h-06FFh -ABANK7=0700h-07FFh -ABANK8=0800h-08FFh \
  -ABANK9=0900h-09FFh -ABANK10=0A00h-0AFFh -ABANK11=0B00h-0BFFh \
  -ABANK12=0C00h-0CFFh -ABANK13=0D00h-0DFFh -ABANK14=0E00h-0EFFh \
  -ABANK15=0F00h-0F37h -ASFR=0F38h-0F5Fh,0F60h-0FFFh \
  -ACONFIG=0300000h-030000Dh -AIDLOC=0200000h-0200007h \
  -preset_vec=00h,intcode=08h,intcodelo,powerup,init -pramtop=01000h \
  -psmallconst=SMALLCONST -pmediumconst=MEDIUMCONST -pconst=CONST \
  -AFARRAM=00h-00h -AEEDATA=0F00000h-0F003FFh -peeprom_data=EEDATA \
  -prdata=COMRAM,nvrram=COMRAM,nvbit=COMRAM,rbss=COMRAM,rbit=COMRAM \
  -pfarbss=FARRAM,fardata=FARRAM,nvFARRAM=FARRAM \
  -pintsave_regs=BIGRAM,bigbss=BIGRAM,bigdata=BIGRAM -pbss=RAM \
  -pidata=CODE,irdata=CODE,ibigdata=CODE,ifardata=CODE -prparam=COMRAM \
  C:\Users\james\AppData\Local\Temp\scok.o \
  dist/default/production\inlab07.X.production.o 

Object code version is 3.11

Machine type is 18F26K22



                Name                               Link     Load   Length Selector   Space Scale
C:\Users\james\AppData\Local\Temp\scok.o
                idloc                            200000   200000        8        0       5
                config                           300000   300000        E        0       4
                init                                 4C       4C        4        4       0
                reset_vec                             0        0        4        0       0
dist/default/production\inlab07.X.production.o
                intcode                               8        8       44        4       0
                idloc                            200000   200000        8        0       5
                config                           300000   300000        E        0       4
                temp                                 57       57        1        1       1
                mediumconst                        FDA4     FDA4      25C     7ED2       0
                text47                             1542     1542       30        4       0
                text46                             166C     166C       28        4       0
                text45                              F4A      F4A       D4        4       0
                text44                             1798     1798        2      BCC       0
                text43                             1430     1430       3C        4       0
                text41                             1512     1512       30        4       0
                text40                             15F2     15F2       2A        4       0
                text39                             171C     171C       14        4       0
                text38                             15C8     15C8       2A        4       0
                text37                             1708     1708       14        4       0
                text36                             16B6     16B6       20        4       0
                text35                             1786     1786        A        4       0
                text34                             177C     177C        A        4       0
                text33                             1772     1772        A        4       0
                text32                             13B4     13B4       40        4       0
                text31                             1768     1768        A        4       0
                text30                             175E     175E        A        4       0
                text29                             1754     1754        A        4       0
                text28                             1374     1374       40        4       0
                text27                             1790     1790        4        4       0
                text26                             16D6     16D6       1C        4       0
                text25                             1572     1572       2C        4       0
                text24                             174A     174A        A        4       0
                text23                             159E     159E       2A        4       0
                text22                             1730     1730       10        4       0
                text21                             1694     1694       22        4       0
                text20                             1644     1644       28        4       0
                text19                             16F2     16F2       16        4       0
                text18                             1740     1740        A        4       0
                text17                             10E0     10E0       96        4       0
                text16                             12F0     12F0       44        4       0
                text15                             14DC     14DC       36        4       0
                text14                             101E     101E       C2        4       0
                text13                             1296     1296       5A        4       0
                text12                              C5E      C5E      188        4       0
                text11                              DE6      DE6      164        4       0
                text10                             1334     1334       40        4       0
                text9                               6AC      6AC      2DE        4       0
                text8                              13F4     13F4       3C        4       0
                text7                              14A4     14A4       38        4       0
                text6                              146C     146C       38        4       0
                text5                              1238     1238       5E        4       0
                text4                               98A      98A      2D4        4       0
                text3                               388      388      324        4       0
                text2                              1176     1176       64        4       0
                text1                              161C     161C       28        4       0
                text0                                50       50      338        4       0
                cstackCOMRAM                          1        1       4E        1       1
                cstackBANK0                          B9       B9       2F       60       1
                bssBANK1                            100      100       20      100       1
                dataBANK0                            E8       E8        3       60       1
                bssBANK0                             60       60       59       60       1
                dataCOMRAM                           56       56        1        1       1
                bssCOMRAM                            4F       4F        7        1       1
                cinit                              11DA     11DA       5E        4       0
                idataBANK0                         1794     1794        3        4       0
                idataCOMRAM                        179A     179A        1      BCC       0

TOTAL           Name                               Link     Load   Length     Space
        CLASS   STACK          

        CLASS   CODE           
                intcode                               8        8       44         0
                init                                 4C       4C        4         0
                reset_vec                             0        0        4         0
                text47                             1542     1542       30         0
                text46                             166C     166C       28         0
                text45                              F4A      F4A       D4         0
                text44                             1798     1798        2         0
                text43                             1430     1430       3C         0
                text41                             1512     1512       30         0
                text40                             15F2     15F2       2A         0
                text39                             171C     171C       14         0
                text38                             15C8     15C8       2A         0
                text37                             1708     1708       14         0
                text36                             16B6     16B6       20         0
                text35                             1786     1786        A         0
                text34                             177C     177C        A         0
                text33                             1772     1772        A         0
                text32                             13B4     13B4       40         0
                text31                             1768     1768        A         0
                text30                             175E     175E        A         0
                text29                             1754     1754        A         0
                text28                             1374     1374       40         0
                text27                             1790     1790        4         0
                text26                             16D6     16D6       1C         0
                text25                             1572     1572       2C         0
                text24                             174A     174A        A         0
                text23                             159E     159E       2A         0
                text22                             1730     1730       10         0
                text21                             1694     1694       22         0
                text20                             1644     1644       28         0
                text19                             16F2     16F2       16         0
                text18                             1740     1740        A         0
                text17                             10E0     10E0       96         0
                text16                             12F0     12F0       44         0
                text15                             14DC     14DC       36         0
                text14                             101E     101E       C2         0
                text13                             1296     1296       5A         0
                text12                              C5E      C5E      188         0
                text11                              DE6      DE6      164         0
                text10                             1334     1334       40         0
                text9                               6AC      6AC      2DE         0
                text8                              13F4     13F4       3C         0
                text7                              14A4     14A4       38         0
                text6                              146C     146C       38         0
                text5                              1238     1238       5E         0
                text4                               98A      98A      2D4         0
                text3                               388      388      324         0
                text2                              1176     1176       64         0
                text1                              161C     161C       28         0
                text0                                50       50      338         0
                cinit                              11DA     11DA       5E         0
                idataBANK0                         1794     1794        3         0
                idataCOMRAM                        179A     179A        1         0

        CLASS   CONST          

        CLASS   SMALLCONST     

        CLASS   MEDIUMCONST    
                mediumconst                        FDA4     FDA4      25C         0

        CLASS   COMRAM         
                temp                                 57       57        1         1
                cstackCOMRAM                          1        1       4E         1
                dataCOMRAM                           56       56        1         1
                bssCOMRAM                            4F       4F        7         1

        CLASS   ABS1           

        CLASS   BIGRAM         

        CLASS   RAM            

        CLASS   BANK0          
                cstackBANK0                          B9       B9       2F         1
                dataBANK0                            E8       E8        3         1
                bssBANK0                             60       60       59         1

        CLASS   BANK1          
                bssBANK1                            100      100       20         1

        CLASS   BANK2          

        CLASS   BANK3          

        CLASS   BANK4          

        CLASS   BANK5          

        CLASS   BANK6          

        CLASS   BANK7          

        CLASS   BANK8          

        CLASS   BANK9          

        CLASS   BANK10         

        CLASS   BANK11         

        CLASS   BANK12         

        CLASS   BANK13         

        CLASS   BANK14         

        CLASS   BANK15         

        CLASS   SFR            

        CLASS   CONFIG         
                config                           300000   300000        E         4

        CLASS   IDLOC          
                idloc                            200000   200000        8         5

        CLASS   FARRAM         

        CLASS   EEDATA         



SEGMENTS        Name                           Load    Length   Top    Selector   Space  Class

                reset_vec                      000000  000004  000004         0       0  CODE    
                cstackCOMRAM                   000001  000057  000058         1       1  COMRAM  
                intcode                        000008  00178F  001797         4       0  CODE    
                bssBANK0                       000060  00008B  0000EB        60       1  BANK0   
                bssBANK1                       000100  000020  000120       100       1  BANK1   
                text44                         001798  000003  00179B       BCC       0  CODE    
                mediumconst                    00FDA4  00025C  010000      7ED2       0  MEDIUMCO


UNUSED ADDRESS RANGES

        Name                Unused          Largest block    Delta
        BANK0            0000EB-0000FF               15
        BANK1            000120-0001FF               E0
        BANK10           000A00-000AFF              100
        BANK11           000B00-000BFF              100
        BANK12           000C00-000CFF              100
        BANK13           000D00-000DFF              100
        BANK14           000E00-000EFF              100
        BANK15           000F00-000F37               38
        BANK2            000200-0002FF              100
        BANK3            000300-0003FF              100
        BANK4            000400-0004FF              100
        BANK5            000500-0005FF              100
        BANK6            000600-0006FF              100
        BANK7            000700-0007FF              100
        BANK8            000800-0008FF              100
        BANK9            000900-0009FF              100
        BIGRAM           000058-00005F                8
                         0000EB-0000FF               15
                         000120-000F37              E18
        CODE             000004-000007                4
                         001797-001797                1
                         00179B-00FDA3             E609
        COMRAM           000058-00005F                8
        CONST            000004-000007                4
                         001797-001797                1
                         00179B-00FDA3             E609
        EEDATA           F00000-F003FF              400
        MEDIUMCONST      001797-001797                1
                         00179B-00FDA3             E609
        RAM              0000EB-0000FF               15
                         000120-000F37              100
        SFR              000F38-000FFF               28
        SMALLCONST       001797-001797                1
                         00179B-00FDA3              100
        STACK            000120-000F37              E18

                                  Symbol Table

?___aodiv                                       cstackCOMRAM 000009
?___aomod                                       cstackCOMRAM 000009
?_abs                                           cstackCOMRAM 00001B
?_ctoa                                          cstackCOMRAM 000026
?_dtoa                                          cstackCOMRAM 000026
?_isalpha                                       cstackCOMRAM 000009
?_islower                                       cstackCOMRAM 000009
?_isupper                                       cstackCOMRAM 000009
?_pad                                           cstackCOMRAM 00001B
?_printf                                        cstackBANK0  0000DA
?_strlen                                        cstackCOMRAM 000009
?_toupper                                       cstackCOMRAM 00000F
?_vfpfcnvrt                                     cstackBANK0  0000B9
?_vfprintf                                      cstackBANK0  0000D4
?_xtoa                                          cstackCOMRAM 000026
EPWM2_LoadDutyValue@dutyValue                   cstackCOMRAM 000009
EUSART1_SetErrorHandler@interruptHandler        cstackCOMRAM 000009
EUSART1_SetFramingErrorHandler@interruptHandler cstackCOMRAM 000009
EUSART1_SetOverrunErrorHandler@interruptHandler cstackCOMRAM 000009
EUSART1_Write@txData                            cstackCOMRAM 000009
EUSART2_SetErrorHandler@interruptHandler        cstackCOMRAM 000009
EUSART2_SetFramingErrorHandler@interruptHandler cstackCOMRAM 000009
EUSART2_SetOverrunErrorHandler@interruptHandler cstackCOMRAM 000009
TMR1_SetInterruptHandler@InterruptHandler       cstackCOMRAM 000009
TMR1_WriteTimer@timerVal                        cstackCOMRAM 000009
_ANSELA                                         (abs)        000F38
_ANSELB                                         (abs)        000F39
_ANSELC                                         (abs)        000F3A
_BAUDCON1                                       (abs)        000FB8
_BAUDCON2                                       (abs)        000F70
_CCP2CON                                        (abs)        000F66
_CCPR2H                                         (abs)        000F68
_CCPR2L                                         (abs)        000F67
_CCPTMRS0bits                                   (abs)        000F49
_ECCP2AS                                        (abs)        000F64
_EPWM2_Initialize                               text36       0016B6
_EPWM2_LoadDutyValue                            text41       001512
_EUSART1_DefaultErrorHandler                    (abs)        000000
_EUSART1_DefaultFramingErrorHandler             (abs)        000000
_EUSART1_DefaultOverrunErrorHandler             (abs)        000000
_EUSART1_ErrorHandler                           bssBANK0     000082
_EUSART1_FramingErrorHandler                    bssBANK0     000086
_EUSART1_Initialize                             text32       0013B4
_EUSART1_OverrunErrorHandler                    bssBANK0     000084
_EUSART1_Read                                   text40       0015F2
_EUSART1_SetErrorHandler                        text35       001786
_EUSART1_SetFramingErrorHandler                 text34       00177C
_EUSART1_SetOverrunErrorHandler                 text33       001772
_EUSART1_Write                                  text19       0016F2
_EUSART1_is_rx_ready                            text39       00171C
_EUSART2_DefaultErrorHandler                    (abs)        000000
_EUSART2_DefaultFramingErrorHandler             (abs)        000000
_EUSART2_DefaultOverrunErrorHandler             (abs)        000000
_EUSART2_ErrorHandler                           bssBANK0     000088
_EUSART2_FramingErrorHandler                    bssBANK0     00008C
_EUSART2_Initialize                             text28       001374
_EUSART2_OverrunErrorHandler                    bssBANK0     00008A
_EUSART2_Read                                   text38       0015C8
_EUSART2_SetErrorHandler                        text31       001768
_EUSART2_SetFramingErrorHandler                 text30       00175E
_EUSART2_SetOverrunErrorHandler                 text29       001754
_EUSART2_is_rx_ready                            text37       001708
_INTCON2bits                                    (abs)        000FF1
_INTCONbits                                     (abs)        000FF2
_INTERRUPT_Initialize                           text27       001790
_INTERRUPT_InterruptManager                     intcode      000008
_LATA                                           (abs)        000F89
_LATB                                           (abs)        000F8A
_LATC                                           (abs)        000F8B
_OSCCON                                         (abs)        000FD3
_OSCCON2                                        (abs)        000FD2
_OSCILLATOR_Initialize                          text26       0016D6
_OSCTUNE                                        (abs)        000F9B
_PIE1bits                                       (abs)        000F9D
_PIN_MANAGER_Initialize                         text25       001572
_PIR1bits                                       (abs)        000F9E
_PIR3bits                                       (abs)        000FA4
_PLLRDY                                         (abs)        007E97
_PR2                                            (abs)        000FBB
_PSTR2CON                                       (abs)        000F63
_PWM2CON                                        (abs)        000F65
_RCONbits                                       (abs)        000FD0
_RCREG1                                         (abs)        000FAE
_RCREG2                                         (abs)        000F74
_RCSTA1                                         (abs)        000FAB
_RCSTA1bits                                     (abs)        000FAB
_RCSTA2                                         (abs)        000F71
_RCSTA2bits                                     (abs)        000F71
_SPBRG1                                         (abs)        000FAF
_SPBRG2                                         (abs)        000F75
_SPBRGH1                                        (abs)        000FB0
_SPBRGH2                                        (abs)        000F76
_SYSTEM_Initialize                              text21       001694
_T1CON                                          (abs)        000FCD
_T1CONbits                                      (abs)        000FCD
_T1GCON                                         (abs)        000FCC
_T1GCONbits                                     (abs)        000FCC
_T2CON                                          (abs)        000FBA
_T2CONbits                                      (abs)        000FBA
_TMR1                                           (abs)        000FCE
_TMR1H                                          (abs)        000FCF
_TMR1L                                          (abs)        000FCE
_TMR1_DefaultInterruptHandler                   text44       001798
_TMR1_ISR                                       text43       001430
_TMR1_Initialize                                text23       00159E
_TMR1_InterruptHandler                          bssBANK0     00008E
_TMR1_SetInterruptHandler                       text24       00174A
_TMR1_WriteTimer                                text20       001644
_TMR2                                           (abs)        000FBC
_TMR2_Initialize                                text22       001730
_TRISA                                          (abs)        000F92
_TRISB                                          (abs)        000F93
_TRISC                                          (abs)        000F94
_TXREG1                                         (abs)        000FAD
_TXREG2                                         (abs)        000F73
_TXSTA1                                         (abs)        000FAC
_TXSTA1bits                                     (abs)        000FAC
_TXSTA2                                         (abs)        000F72
_TXSTA2bits                                     (abs)        000F72
_WPUB                                           (abs)        000F61
__HRAM                                          (abs)        000000
__Habs1                                         abs1         000000
__Hbank0                                        bank0        000000
__Hbank1                                        bank1        000000
__Hbank10                                       bank10       000000
__Hbank11                                       bank11       000000
__Hbank12                                       bank12       000000
__Hbank13                                       bank13       000000
__Hbank14                                       bank14       000000
__Hbank15                                       bank15       000000
__Hbank2                                        bank2        000000
__Hbank3                                        bank3        000000
__Hbank4                                        bank4        000000
__Hbank5                                        bank5        000000
__Hbank6                                        bank6        000000
__Hbank7                                        bank7        000000
__Hbank8                                        bank8        000000
__Hbank9                                        bank9        000000
__Hbigbss                                       bigbss       000000
__Hbigdata                                      bigdata      000000
__Hbigram                                       bigram       000000
__Hbss                                          bss          000000
__HbssBANK0                                     bssBANK0     000000
__HbssBANK1                                     bssBANK1     000000
__HbssCOMRAM                                    bssCOMRAM    000000
__Hcinit                                        cinit        000000
__Hclrtext                                      clrtext      000000
__Hcomram                                       comram       000000
__Hconfig                                       config       30000E
__Hconst                                        const        000000
__HcstackBANK0                                  cstackBANK0  000000
__HcstackCOMRAM                                 cstackCOMRAM 000000
__Hdata                                         data         000000
__HdataBANK0                                    dataBANK0    000000
__HdataCOMRAM                                   dataCOMRAM   000000
__Heeprom_data                                  eeprom_data  000000
__Hfarbss                                       farbss       000000
__Hfardata                                      fardata      000000
__Hibigdata                                     ibigdata     000000
__Hidata                                        idata        000000
__HidataBANK0                                   idataBANK0   000000
__HidataCOMRAM                                  idataCOMRAM  000000
__Hidloc                                        idloc        200008
__Hifardata                                     ifardata     000000
__Hinit                                         init         000050
__Hintcode                                      intcode      00004C
__Hintcode_body                                 intcode_body 000000
__Hintcodelo                                    intcodelo    00004C
__Hintentry                                     intentry     000000
__Hintret                                       intret       000000
__Hintsave_regs                                 intsave_regs 000000
__Hirdata                                       irdata       000000
__Hmediumconst                                  mediumconst  010000
__HnvFARRAM                                     nvFARRAM     000000
__Hnvbit                                        nvbit        000000
__Hnvrram                                       nvrram       000000
__Hparam                                        rparam       000000
__Hpowerup                                      powerup      00004C
__Hram                                          ram          000000
__Hramtop                                       ramtop       001000
__Hrbit                                         rbit         000000
__Hrbss                                         rbss         000000
__Hrdata                                        rdata        000000
__Hreset_vec                                    reset_vec    000004
__Hrparam                                       rparam       000000
__Hsfr                                          sfr          000000
__Hsmallconst                                   smallconst   000000
__Hspace_0                                      (abs)        010000
__Hspace_1                                      (abs)        000120
__Hspace_2                                      (abs)        000000
__Hspace_4                                      (abs)        60000E
__Hstack                                        stack        000000
__Hstruct                                       struct       000000
__Htemp                                         temp         000058
__Htext                                         text         000000
__Htext0                                        text0        000000
__Htext1                                        text1        000000
__Htext10                                       text10       000000
__Htext11                                       text11       000000
__Htext12                                       text12       000000
__Htext13                                       text13       000000
__Htext14                                       text14       000000
__Htext15                                       text15       000000
__Htext16                                       text16       000000
__Htext17                                       text17       000000
__Htext18                                       text18       000000
__Htext19                                       text19       000000
__Htext2                                        text2        000000
__Htext20                                       text20       000000
__Htext21                                       text21       000000
__Htext22                                       text22       000000
__Htext23                                       text23       000000
__Htext24                                       text24       000000
__Htext25                                       text25       000000
__Htext26                                       text26       000000
__Htext27                                       text27       000000
__Htext28                                       text28       000000
__Htext29                                       text29       000000
__Htext3                                        text3        000000
__Htext30                                       text30       000000
__Htext31                                       text31       000000
__Htext32                                       text32       000000
__Htext33                                       text33       000000
__Htext34                                       text34       000000
__Htext35                                       text35       000000
__Htext36                                       text36       000000
__Htext37                                       text37       000000
__Htext38                                       text38       000000
__Htext39                                       text39       000000
__Htext4                                        text4        000000
__Htext40                                       text40       000000
__Htext41                                       text41       000000
__Htext43                                       text43       000000
__Htext44                                       text44       000000
__Htext45                                       text45       000000
__Htext46                                       text46       000000
__Htext47                                       text47       000000
__Htext48                                       text48       000000
__Htext5                                        text5        000000
__Htext6                                        text6        000000
__Htext7                                        text7        000000
__Htext8                                        text8        000000
__Htext9                                        text9        000000
__LRAM                                          (abs)        000001
__Labs1                                         abs1         000000
__Lbank0                                        bank0        000000
__Lbank1                                        bank1        000000
__Lbank10                                       bank10       000000
__Lbank11                                       bank11       000000
__Lbank12                                       bank12       000000
__Lbank13                                       bank13       000000
__Lbank14                                       bank14       000000
__Lbank15                                       bank15       000000
__Lbank2                                        bank2        000000
__Lbank3                                        bank3        000000
__Lbank4                                        bank4        000000
__Lbank5                                        bank5        000000
__Lbank6                                        bank6        000000
__Lbank7                                        bank7        000000
__Lbank8                                        bank8        000000
__Lbank9                                        bank9        000000
__Lbigbss                                       bigbss       000000
__Lbigdata                                      bigdata      000000
__Lbigram                                       bigram       000000
__Lbss                                          bss          000000
__LbssBANK0                                     bssBANK0     000000
__LbssBANK1                                     bssBANK1     000000
__LbssCOMRAM                                    bssCOMRAM    000000
__Lcinit                                        cinit        000000
__Lclrtext                                      clrtext      000000
__Lcomram                                       comram       000000
__Lconfig                                       config       000000
__Lconst                                        const        000000
__LcstackBANK0                                  cstackBANK0  000000
__LcstackCOMRAM                                 cstackCOMRAM 000000
__Ldata                                         data         000000
__LdataBANK0                                    dataBANK0    000000
__LdataCOMRAM                                   dataCOMRAM   000000
__Leeprom_data                                  eeprom_data  000000
__Lfarbss                                       farbss       000000
__Lfardata                                      fardata      000000
__Libigdata                                     ibigdata     000000
__Lidata                                        idata        000000
__LidataBANK0                                   idataBANK0   000000
__LidataCOMRAM                                  idataCOMRAM  000000
__Lidloc                                        idloc        000000
__Lifardata                                     ifardata     000000
__Linit                                         init         00004C
__Lintcode                                      intcode      000008
__Lintcode_body                                 intcode_body 000000
__Lintcodelo                                    intcodelo    00004C
__Lintentry                                     intentry     000000
__Lintret                                       intret       000000
__Lintsave_regs                                 intsave_regs 000000
__Lirdata                                       irdata       000000
__Lmediumconst                                  mediumconst  00FDA4
__LnvFARRAM                                     nvFARRAM     000000
__Lnvbit                                        nvbit        000000
__Lnvrram                                       nvrram       000000
__Lparam                                        rparam       000000
__Lpowerup                                      powerup      00004C
__Lram                                          ram          000000
__Lramtop                                       ramtop       001000
__Lrbit                                         rbit         000000
__Lrbss                                         rbss         000000
__Lrdata                                        rdata        000000
__Lreset_vec                                    reset_vec    000000
__Lrparam                                       rparam       000000
__Lsfr                                          sfr          000000
__Lsmallconst                                   smallconst   000000
__Lspace_0                                      (abs)        000000
__Lspace_1                                      (abs)        000000
__Lspace_2                                      (abs)        000000
__Lspace_4                                      (abs)        000000
__Lstack                                        stack        000000
__Lstruct                                       struct       000000
__Ltemp                                         temp         000057
__Ltext                                         text         000000
__Ltext0                                        text0        000000
__Ltext1                                        text1        000000
__Ltext10                                       text10       000000
__Ltext11                                       text11       000000
__Ltext12                                       text12       000000
__Ltext13                                       text13       000000
__Ltext14                                       text14       000000
__Ltext15                                       text15       000000
__Ltext16                                       text16       000000
__Ltext17                                       text17       000000
__Ltext18                                       text18       000000
__Ltext19                                       text19       000000
__Ltext2                                        text2        000000
__Ltext20                                       text20       000000
__Ltext21                                       text21       000000
__Ltext22                                       text22       000000
__Ltext23                                       text23       000000
__Ltext24                                       text24       000000
__Ltext25                                       text25       000000
__Ltext26                                       text26       000000
__Ltext27                                       text27       000000
__Ltext28                                       text28       000000
__Ltext29                                       text29       000000
__Ltext3                                        text3        000000
__Ltext30                                       text30       000000
__Ltext31                                       text31       000000
__Ltext32                                       text32       000000
__Ltext33                                       text33       000000
__Ltext34                                       text34       000000
__Ltext35                                       text35       000000
__Ltext36                                       text36       000000
__Ltext37                                       text37       000000
__Ltext38                                       text38       000000
__Ltext39                                       text39       000000
__Ltext4                                        text4        000000
__Ltext40                                       text40       000000
__Ltext41                                       text41       000000
__Ltext43                                       text43       000000
__Ltext44                                       text44       000000
__Ltext45                                       text45       000000
__Ltext46                                       text46       000000
__Ltext47                                       text47       000000
__Ltext48                                       text48       000000
__Ltext5                                        text5        000000
__Ltext6                                        text6        000000
__Ltext7                                        text7        000000
__Ltext8                                        text8        000000
__Ltext9                                        text9        000000
__S0                                            (abs)        010000
__S1                                            (abs)        000120
__S2                                            (abs)        000000
__S4                                            (abs)        000000
__S5                                            (abs)        000000
___aodiv                                        text12       000C5E
___aodiv@counter                                cstackCOMRAM 000019
___aodiv@dividend                               cstackCOMRAM 000009
___aodiv@divisor                                cstackCOMRAM 000011
___aodiv@quotient                               cstackCOMRAM 00001B
___aodiv@sign                                   cstackCOMRAM 00001A
___aomod                                        text11       000DE6
___aomod@counter                                cstackCOMRAM 000019
___aomod@dividend                               cstackCOMRAM 000009
___aomod@divisor                                cstackCOMRAM 000011
___aomod@sign                                   cstackCOMRAM 00001A
___inthi_sp                                     stack        000000
___intlo_sp                                     stack        000000
___param_bank                                   (abs)        000000
___rparam_used                                  (abs)        000001
___sp                                           stack        000000
__accesstop                                     (abs)        000060
__activetblptr                                  (abs)        000003
__end_of_EPWM2_Initialize                       text36       0016D6
__end_of_EPWM2_LoadDutyValue                    text41       001542
__end_of_EUSART1_Initialize                     text32       0013F4
__end_of_EUSART1_Read                           text40       00161C
__end_of_EUSART1_SetErrorHandler                text35       001790
__end_of_EUSART1_SetFramingErrorHandler         text34       001786
__end_of_EUSART1_SetOverrunErrorHandler         text33       00177C
__end_of_EUSART1_Write                          text19       001708
__end_of_EUSART1_is_rx_ready                    text39       001730
__end_of_EUSART2_Initialize                     text28       0013B4
__end_of_EUSART2_Read                           text38       0015F2
__end_of_EUSART2_SetErrorHandler                text31       001772
__end_of_EUSART2_SetFramingErrorHandler         text30       001768
__end_of_EUSART2_SetOverrunErrorHandler         text29       00175E
__end_of_EUSART2_is_rx_ready                    text37       00171C
__end_of_INTERRUPT_Initialize                   text27       001794
__end_of_INTERRUPT_InterruptManager             intcode      00004C
__end_of_OSCILLATOR_Initialize                  text26       0016F2
__end_of_PIN_MANAGER_Initialize                 text25       00159E
__end_of_SYSTEM_Initialize                      text21       0016B6
__end_of_TMR1_DefaultInterruptHandler           text44       00179A
__end_of_TMR1_ISR                               text43       00146C
__end_of_TMR1_Initialize                        text23       0015C8
__end_of_TMR1_SetInterruptHandler               text24       001754
__end_of_TMR1_WriteTimer                        text20       00166C
__end_of_TMR2_Initialize                        text22       001740
__end_of___aodiv                                text12       000DE6
__end_of___aomod                                text11       000F4A
__end_of__initialization                        cinit        00122E
__end_of_abs                                    text10       001374
__end_of_ctoa                                   text13       0012F0
__end_of_dtoa                                   text9        00098A
__end_of_fputc                                  text17       001176
__end_of_fputs                                  text16       001334
__end_of_isalpha                                text8        001430
__end_of_islower                                text6        0014A4
__end_of_isupper                                text7        0014DC
__end_of_main                                   text0        000388
__end_of_myTMR1ISR                              text45       00101E
__end_of_pad                                    text14       0010E0
__end_of_printf                                 text1        001644
__end_of_putch                                  text18       00174A
__end_of_strlen                                 text15       001512
__end_of_toupper                                text5        001296
__end_of_vfpfcnvrt                              text3        0006AC
__end_of_vfprintf                               text2        0011DA
__end_of_xtoa                                   text4        000C5E
__end_ofi2_EPWM2_LoadDutyValue                  text47       001572
__end_ofi2_TMR1_WriteTimer                      text46       001694
__initialization                                cinit        0011DA
__mediumconst                                   mediumconst  00FDA4
__pbssBANK0                                     bssBANK0     000060
__pbssBANK1                                     bssBANK1     000100
__pbssCOMRAM                                    bssCOMRAM    00004F
__pcinit                                        cinit        0011DA
__pcstackBANK0                                  cstackBANK0  0000B9
__pcstackCOMRAM                                 cstackCOMRAM 000001
__pdataBANK0                                    dataBANK0    0000E8
__pdataCOMRAM                                   dataCOMRAM   000056
__pidataBANK0                                   idataBANK0   001794
__pidataCOMRAM                                  idataCOMRAM  00179A
__pintcode                                      intcode      000008
__pmediumconst                                  mediumconst  00FDA4
__ptext0                                        text0        000050
__ptext1                                        text1        00161C
__ptext10                                       text10       001334
__ptext11                                       text11       000DE6
__ptext12                                       text12       000C5E
__ptext13                                       text13       001296
__ptext14                                       text14       00101E
__ptext15                                       text15       0014DC
__ptext16                                       text16       0012F0
__ptext17                                       text17       0010E0
__ptext18                                       text18       001740
__ptext19                                       text19       0016F2
__ptext2                                        text2        001176
__ptext20                                       text20       001644
__ptext21                                       text21       001694
__ptext22                                       text22       001730
__ptext23                                       text23       00159E
__ptext24                                       text24       00174A
__ptext25                                       text25       001572
__ptext26                                       text26       0016D6
__ptext27                                       text27       001790
__ptext28                                       text28       001374
__ptext29                                       text29       001754
__ptext3                                        text3        000388
__ptext30                                       text30       00175E
__ptext31                                       text31       001768
__ptext32                                       text32       0013B4
__ptext33                                       text33       001772
__ptext34                                       text34       00177C
__ptext35                                       text35       001786
__ptext36                                       text36       0016B6
__ptext37                                       text37       001708
__ptext38                                       text38       0015C8
__ptext39                                       text39       00171C
__ptext4                                        text4        00098A
__ptext40                                       text40       0015F2
__ptext41                                       text41       001512
__ptext43                                       text43       001430
__ptext44                                       text44       001798
__ptext45                                       text45       000F4A
__ptext46                                       text46       00166C
__ptext47                                       text47       001542
__ptext48                                       text48       000000
__ptext5                                        text5        001238
__ptext6                                        text6        00146C
__ptext7                                        text7        0014A4
__ptext8                                        text8        0013F4
__ptext9                                        text9        0006AC
__ramtop                                        ramtop       001000
__size_of_EPWM2_Initialize                      (abs)        000000
__size_of_EPWM2_LoadDutyValue                   (abs)        000000
__size_of_EUSART1_Initialize                    (abs)        000000
__size_of_EUSART1_Read                          (abs)        000000
__size_of_EUSART1_SetErrorHandler               (abs)        000000
__size_of_EUSART1_SetFramingErrorHandler        (abs)        000000
__size_of_EUSART1_SetOverrunErrorHandler        (abs)        000000
__size_of_EUSART1_Write                         (abs)        000000
__size_of_EUSART1_is_rx_ready                   (abs)        000000
__size_of_EUSART2_Initialize                    (abs)        000000
__size_of_EUSART2_Read                          (abs)        000000
__size_of_EUSART2_SetErrorHandler               (abs)        000000
__size_of_EUSART2_SetFramingErrorHandler        (abs)        000000
__size_of_EUSART2_SetOverrunErrorHandler        (abs)        000000
__size_of_EUSART2_is_rx_ready                   (abs)        000000
__size_of_INTERRUPT_Initialize                  (abs)        000000
__size_of_INTERRUPT_InterruptManager            (abs)        000000
__size_of_OSCILLATOR_Initialize                 (abs)        000000
__size_of_PIN_MANAGER_Initialize                (abs)        000000
__size_of_SYSTEM_Initialize                     (abs)        000000
__size_of_TMR1_DefaultInterruptHandler          (abs)        000000
__size_of_TMR1_ISR                              (abs)        000000
__size_of_TMR1_Initialize                       (abs)        000000
__size_of_TMR1_SetInterruptHandler              (abs)        000000
__size_of_TMR1_WriteTimer                       (abs)        000000
__size_of_TMR2_Initialize                       (abs)        000000
__size_of___aodiv                               (abs)        000000
__size_of___aomod                               (abs)        000000
__size_of_abs                                   (abs)        000000
__size_of_ctoa                                  (abs)        000000
__size_of_dtoa                                  (abs)        000000
__size_of_fputc                                 (abs)        000000
__size_of_fputs                                 (abs)        000000
__size_of_isalpha                               (abs)        000000
__size_of_islower                               (abs)        000000
__size_of_isupper                               (abs)        000000
__size_of_main                                  (abs)        000000
__size_of_myTMR1ISR                             (abs)        000000
__size_of_pad                                   (abs)        000000
__size_of_printf                                (abs)        000000
__size_of_putch                                 (abs)        000000
__size_of_strlen                                (abs)        000000
__size_of_toupper                               (abs)        000000
__size_of_vfpfcnvrt                             (abs)        000000
__size_of_vfprintf                              (abs)        000000
__size_of_xtoa                                  (abs)        000000
__size_ofi2_EPWM2_LoadDutyValue                 (abs)        000000
__size_ofi2_TMR1_WriteTimer                     (abs)        000000
__smallconst                                    smallconst   000000
_abs                                            text10       001334
_bitPeriodInTMR1Counts                          dataBANK0    0000E8
_ctoa                                           text13       001296
_dbuf                                           bssBANK0     000099
_dtoa                                           text9        0006AC
_dtoa$1870                                      cstackCOMRAM 000038
_eusart1RxLastError                             bssBANK0     000092
_eusart2RxLastError                             bssBANK0     000093
_flags                                          bssCOMRAM    000053
_fputc                                          text17       0010E0
_fputs                                          text16       0012F0
_isalpha                                        text8        0013F4
_islower                                        text6        00146C
_isupper                                        text7        0014A4
_letter                                         dataBANK0    0000EA
_main                                           text0        000050
_myTMR1ISR                                      text45       000F4A
_newCharacterToSend                             bssCOMRAM    000055
_nout                                           bssBANK0     000080
_pad                                            text14       00101E
_prec                                           bssCOMRAM    000051
_printf                                         text1        00161C
_putch                                          text18       001740
_receiveBusy                                    bssBANK0     000096
_receiveNewMessage                              bssBANK0     000095
_recieveIRBuffer                                bssBANK1     000100
_strlen                                         text15       0014DC
_timer1ReloadVal                                bssBANK0     000090
_toupper                                        text5        001238
_toupper$1960                                   cstackCOMRAM 000015
_transmitBusy                                   bssBANK0     000097
_transmitIRBuffer                               bssBANK0     000060
_transmitStart                                  bssBANK0     000098
_vfpfcnvrt                                      text3        000388
_vfprintf                                       text2        001176
_width                                          bssCOMRAM    00004F
_xtoa                                           text4        00098A
_xtoa$1880                                      cstackCOMRAM 000039
_xtoa$1881                                      cstackCOMRAM 00003B
abs@a                                           cstackCOMRAM 00001B
btemp                                           temp         000057
ctoa@c                                          cstackCOMRAM 000028
ctoa@fp                                         cstackCOMRAM 000026
ctoa@w                                          cstackCOMRAM 000029
dtoa@d                                          cstackCOMRAM 000028
dtoa@fp                                         cstackCOMRAM 000026
dtoa@i                                          cstackCOMRAM 000048
dtoa@n                                          cstackCOMRAM 000040
dtoa@p                                          cstackCOMRAM 00003A
dtoa@s                                          cstackCOMRAM 00003E
dtoa@w                                          cstackCOMRAM 00003C
end_of_initialization                           cinit        00122E
fputc@c                                         cstackCOMRAM 00000B
fputc@fp                                        cstackCOMRAM 00000D
fputs@c                                         cstackCOMRAM 000018
fputs@fp                                        cstackCOMRAM 000016
fputs@i                                         cstackCOMRAM 000019
fputs@s                                         cstackCOMRAM 000014
i2EPWM2_LoadDutyValue@dutyValue                 cstackCOMRAM 000001
i2TMR1_WriteTimer@timerVal                      cstackCOMRAM 000001
i2_EPWM2_LoadDutyValue                          text47       001542
i2_TMR1_WriteTimer                              text46       00166C
int$flags                                       temp         000057
intlevel0                                       text         000000
intlevel1                                       text         000000
intlevel2                                       text         000000
intlevel3                                       text         000000
isalpha@c                                       cstackCOMRAM 000009
islower@c                                       cstackCOMRAM 000009
isupper@c                                       cstackCOMRAM 000009
main@cmd                                        cstackBANK0  0000E6
main@i                                          cstackBANK0  0000E7
myTMR1ISR@mask                                  dataCOMRAM   000056
myTMR1ISR@tmr1ISRstate                          bssBANK0     000094
pad@buf                                         cstackCOMRAM 00001D
pad@fp                                          cstackCOMRAM 00001B
pad@i                                           cstackCOMRAM 000022
pad@p                                           cstackCOMRAM 00001F
pad@w                                           cstackCOMRAM 000024
printf@ap                                       cstackBANK0  0000E2
printf@fmt                                      cstackBANK0  0000DA
putch@txData                                    cstackCOMRAM 00000A
stackhi                                         (abs)        000F37
stacklo                                         (abs)        000120
start                                           init         00004C
start_initialization                            cinit        0011DA
strlen@a                                        cstackCOMRAM 00000B
strlen@s                                        cstackCOMRAM 000009
toupper@c                                       cstackCOMRAM 00000F
ttemp5                                          temp         000058
ttemp6                                          temp         00005B
ttemp7                                          temp         00005F
vfpfcnvrt@ap                                    cstackBANK0  0000BD
vfpfcnvrt@c                                     cstackBANK0  0000D3
vfpfcnvrt@fmt                                   cstackBANK0  0000BB
vfpfcnvrt@fp                                    cstackBANK0  0000B9
vfpfcnvrt@ll                                    cstackBANK0  0000C3
vfpfcnvrt@llu                                   cstackBANK0  0000CB
vfprintf@ap                                     cstackBANK0  0000D8
vfprintf@cfmt                                   cstackCOMRAM 00004D
vfprintf@fmt                                    cstackBANK0  0000D6
vfprintf@fp                                     cstackBANK0  0000D4
wtemp8                                          temp         000058
xtoa@c                                          cstackCOMRAM 00004B
xtoa@d                                          cstackCOMRAM 000028
xtoa@fp                                         cstackCOMRAM 000026
xtoa@i                                          cstackCOMRAM 000049
xtoa@n                                          cstackCOMRAM 000041
xtoa@p                                          cstackCOMRAM 00003D
xtoa@w                                          cstackCOMRAM 00003F
xtoa@x                                          cstackCOMRAM 000030


FUNCTION INFORMATION:

 *************** function _main *****************
 Defined at:
		line 49 in file "main.c"
 Parameters:    Size  Location     Type
		None
 Auto vars:     Size  Location     Type
  i               1   46[BANK0 ] unsigned char 
  cmd             1   45[BANK0 ] unsigned char 
 Return value:  Size  Location     Type
                  1    wreg      void 
 Registers used:
		wreg, fsr1l, fsr1h, fsr2l, fsr2h, status,2, status,0, tblptrl, tblptrh, tblptru, cstack
 Tracked objects:
		On entry : 
		On exit  : 
		Unchanged: 
 Data sizes:     COMRAM   BANK0   BANK1   BANK2   BANK3   BANK4   BANK5   BANK6   BANK7   BANK8   BANK9  BANK10  BANK11  BANK12  BANK13  BANK14  BANK15
      Params:         0       0       0       0       0       0       0       0       0       0       0       0       0       0       0       0       0
      Locals:         0       2       0       0       0       0       0       0       0       0       0       0       0       0       0       0       0
      Temps:          0       2       0       0       0       0       0       0       0       0       0       0       0       0       0       0       0
      Totals:         0       4       0       0       0       0       0       0       0       0       0       0       0       0       0       0       0
Total ram usage:        4 bytes
 Hardware stack levels required when called:   13
 This function calls:
		_EPWM2_LoadDutyValue
		_EUSART1_Read
		_EUSART1_is_rx_ready
		_EUSART2_Read
		_EUSART2_is_rx_ready
		_SYSTEM_Initialize
		_TMR1_SetInterruptHandler
		_TMR1_WriteTimer
		_printf
 This function is called by:
		Startup code after reset
 This function uses a non-reentrant model


 *************** function _printf *****************
 Defined at:
		line 5 in file "C:\Program Files\Microchip\xc8\v2.20\pic\sources\c99\common\printf.c"
 Parameters:    Size  Location     Type
  fmt             2   33[BANK0 ] PTR const unsigned char 
		 -> STR_28(17), STR_27(14), STR_26(21), STR_25(32), 
		 -> STR_24(31), STR_23(21), STR_22(2), STR_21(2), 
		 -> STR_20(8), STR_19(52), STR_18(43), STR_17(19), 
		 -> STR_16(37), STR_15(34), STR_14(24), STR_13(21), 
		 -> STR_12(7), STR_11(15), STR_10(52), STR_9(10), 
		 -> STR_8(12), STR_7(52), STR_6(5), STR_5(42), 
		 -> STR_4(70), STR_3(22), STR_2(37), STR_1(8), 
 Auto vars:     Size  Location     Type
  ap              2   41[BANK0 ] PTR void [1]
		 -> ?_printf(2), 
  ret             2    0        int 
 Return value:  Size  Location     Type
                  2   33[BANK0 ] int 
 Registers used:
		wreg, fsr1l, fsr1h, fsr2l, fsr2h, status,2, status,0, tblptrl, tblptrh, tblptru, cstack
 Tracked objects:
		On entry : 
		On exit  : 
		Unchanged: 
 Data sizes:     COMRAM   BANK0   BANK1   BANK2   BANK3   BANK4   BANK5   BANK6   BANK7   BANK8   BANK9  BANK10  BANK11  BANK12  BANK13  BANK14  BANK15
      Params:         0       6       0       0       0       0       0       0       0       0       0       0       0       0       0       0       0
      Locals:         0       4       0       0       0       0       0       0       0       0       0       0       0       0       0       0       0
      Temps:          0       0       0       0       0       0       0       0       0       0       0       0       0       0       0       0       0
      Totals:         0      10       0       0       0       0       0       0       0       0       0       0       0       0       0       0       0
Total ram usage:       10 bytes
 Hardware stack levels used:    1
 Hardware stack levels required when called:   12
 This function calls:
		_vfprintf
 This function is called by:
		_main
 This function uses a non-reentrant model


 *************** function _vfprintf *****************
 Defined at:
		line 1368 in file "C:\Program Files\Microchip\xc8\v2.20\pic\sources\c99\common\doprnt.c"
 Parameters:    Size  Location     Type
  fp              2   27[BANK0 ] PTR struct _IO_FILE
		 -> NULL(0), 
  fmt             2   29[BANK0 ] PTR const unsigned char 
		 -> STR_28(17), STR_27(14), STR_26(21), STR_25(32), 
		 -> STR_24(31), STR_23(21), STR_22(2), STR_21(2), 
		 -> STR_20(8), STR_19(52), STR_18(43), STR_17(19), 
		 -> STR_16(37), STR_15(34), STR_14(24), STR_13(21), 
		 -> STR_12(7), STR_11(15), STR_10(52), STR_9(10), 
		 -> STR_8(12), STR_7(52), STR_6(5), STR_5(42), 
		 -> STR_4(70), STR_3(22), STR_2(37), STR_1(8), 
  ap              2   31[BANK0 ] PTR PTR void 
		 -> printf@ap(2), 
 Auto vars:     Size  Location     Type
  cfmt            2   76[COMRAM] PTR unsigned char 
		 -> STR_28(17), STR_27(14), STR_26(21), STR_25(32), 
		 -> STR_24(31), STR_23(21), STR_22(2), STR_21(2), 
		 -> STR_20(8), STR_19(52), STR_18(43), STR_17(19), 
		 -> STR_16(37), STR_15(34), STR_14(24), STR_13(21), 
		 -> STR_12(7), STR_11(15), STR_10(52), STR_9(10), 
		 -> STR_8(12), STR_7(52), STR_6(5), STR_5(42), 
		 -> STR_4(70), STR_3(22), STR_2(37), STR_1(8), 
 Return value:  Size  Location     Type
                  2   27[BANK0 ] int 
 Registers used:
		wreg, fsr1l, fsr1h, fsr2l, fsr2h, status,2, status,0, tblptrl, tblptrh, tblptru, cstack
 Tracked objects:
		On entry : 
		On exit  : 
		Unchanged: 
 Data sizes:     COMRAM   BANK0   BANK1   BANK2   BANK3   BANK4   BANK5   BANK6   BANK7   BANK8   BANK9  BANK10  BANK11  BANK12  BANK13  BANK14  BANK15
      Params:         0       6       0       0       0       0       0       0       0       0       0       0       0       0       0       0       0
      Locals:         2       0       0       0       0       0       0       0       0       0       0       0       0       0       0       0       0
      Temps:          0       0       0       0       0       0       0       0       0       0       0       0       0       0       0       0       0
      Totals:         2       6       0       0       0       0       0       0       0       0       0       0       0       0       0       0       0
Total ram usage:        8 bytes
 Hardware stack levels used:    1
 Hardware stack levels required when called:   11
 This function calls:
		_vfpfcnvrt
 This function is called by:
		_printf
 This function uses a non-reentrant model


 *************** function _vfpfcnvrt *****************
 Defined at:
		line 670 in file "C:\Program Files\Microchip\xc8\v2.20\pic\sources\c99\common\doprnt.c"
 Parameters:    Size  Location     Type
  fp              2    0[BANK0 ] PTR struct _IO_FILE
		 -> NULL(0), 
  fmt             2    2[BANK0 ] PTR PTR unsigned char 
		 -> vfprintf@cfmt(2), 
  ap              2    4[BANK0 ] PTR PTR void 
		 -> printf@ap(2), 
 Auto vars:     Size  Location     Type
  llu             8   18[BANK0 ] unsigned long long 
  ll              8   10[BANK0 ] long long 
  f               4    0        long long 
  vp              3    0        PTR void 
  ct              3    0        unsigned char [3]
  cp              3    0        PTR unsigned char 
  i               2    0        int 
  done            2    0        int 
  c               1   26[BANK0 ] unsigned char 
 Return value:  Size  Location     Type
                  2    0[BANK0 ] int 
 Registers used:
		wreg, fsr1l, fsr1h, fsr2l, fsr2h, status,2, status,0, tblptrl, tblptrh, tblptru, cstack
 Tracked objects:
		On entry : 
		On exit  : 
		Unchanged: 
 Data sizes:     COMRAM   BANK0   BANK1   BANK2   BANK3   BANK4   BANK5   BANK6   BANK7   BANK8   BANK9  BANK10  BANK11  BANK12  BANK13  BANK14  BANK15
      Params:         0       6       0       0       0       0       0       0       0       0       0       0       0       0       0       0       0
      Locals:         0      17       0       0       0       0       0       0       0       0       0       0       0       0       0       0       0
      Temps:          0       4       0       0       0       0       0       0       0       0       0       0       0       0       0       0       0
      Totals:         0      27       0       0       0       0       0       0       0       0       0       0       0       0       0       0       0
Total ram usage:       27 bytes
 Hardware stack levels used:    1
 Hardware stack levels required when called:   10
 This function calls:
		_ctoa
		_dtoa
		_fputc
		_xtoa
 This function is called by:
		_vfprintf
 This function uses a non-reentrant model


 *************** function _xtoa *****************
 Defined at:
		line 623 in file "C:\Program Files\Microchip\xc8\v2.20\pic\sources\c99\common\doprnt.c"
 Parameters:    Size  Location     Type
  fp              2   37[COMRAM] PTR struct _IO_FILE
		 -> NULL(0), 
  d               8   39[COMRAM] unsigned long long 
  x               1   47[COMRAM] unsigned char 
 Auto vars:     Size  Location     Type
  n               8   64[COMRAM] unsigned long long 
  c               2   74[COMRAM] int 
  i               2   72[COMRAM] int 
  w               2   62[COMRAM] int 
  p               2   60[COMRAM] int 
 Return value:  Size  Location     Type
                  2   37[COMRAM] int 
 Registers used:
		wreg, fsr1l, fsr1h, fsr2l, fsr2h, status,2, status,0, cstack
 Tracked objects:
		On entry : 
		On exit  : 
		Unchanged: 
 Data sizes:     COMRAM   BANK0   BANK1   BANK2   BANK3   BANK4   BANK5   BANK6   BANK7   BANK8   BANK9  BANK10  BANK11  BANK12  BANK13  BANK14  BANK15
      Params:        11       0       0       0       0       0       0       0       0       0       0       0       0       0       0       0       0
      Locals:        20       0       0       0       0       0       0       0       0       0       0       0       0       0       0       0       0
      Temps:          8       0       0       0       0       0       0       0       0       0       0       0       0       0       0       0       0
      Totals:        39       0       0       0       0       0       0       0       0       0       0       0       0       0       0       0       0
Total ram usage:       39 bytes
 Hardware stack levels used:    1
 Hardware stack levels required when called:    9
 This function calls:
		_isalpha
		_isupper
		_pad
		_toupper
 This function is called by:
		_vfpfcnvrt
 This function uses a non-reentrant model


 *************** function _toupper *****************
 Defined at:
		line 4 in file "C:\Program Files\Microchip\xc8\v2.20\pic\sources\c99\common\toupper.c"
 Parameters:    Size  Location     Type
  c               2   14[COMRAM] int 
 Auto vars:     Size  Location     Type
		None
 Return value:  Size  Location     Type
                  2   14[COMRAM] int 
 Registers used:
		wreg, status,2, status,0
 Tracked objects:
		On entry : 
		On exit  : 
		Unchanged: 
 Data sizes:     COMRAM   BANK0   BANK1   BANK2   BANK3   BANK4   BANK5   BANK6   BANK7   BANK8   BANK9  BANK10  BANK11  BANK12  BANK13  BANK14  BANK15
      Params:         2       0       0       0       0       0       0       0       0       0       0       0       0       0       0       0       0
      Locals:         2       0       0       0       0       0       0       0       0       0       0       0       0       0       0       0       0
      Temps:          4       0       0       0       0       0       0       0       0       0       0       0       0       0       0       0       0
      Totals:         8       0       0       0       0       0       0       0       0       0       0       0       0       0       0       0       0
Total ram usage:        8 bytes
 Hardware stack levels used:    1
 Hardware stack levels required when called:    5
 This function calls:
		_islower
 This function is called by:
		_xtoa
 This function uses a non-reentrant model


 *************** function _islower *****************
 Defined at:
		line 5 in file "C:\Program Files\Microchip\xc8\v2.20\pic\sources\c99\common\islower.c"
 Parameters:    Size  Location     Type
  c               2    8[COMRAM] int 
 Auto vars:     Size  Location     Type
		None
 Return value:  Size  Location     Type
                  2    8[COMRAM] int 
 Registers used:
		wreg, status,2, status,0
 Tracked objects:
		On entry : 
		On exit  : 
		Unchanged: 
 Data sizes:     COMRAM   BANK0   BANK1   BANK2   BANK3   BANK4   BANK5   BANK6   BANK7   BANK8   BANK9  BANK10  BANK11  BANK12  BANK13  BANK14  BANK15
      Params:         2       0       0       0       0       0       0       0       0       0       0       0       0       0       0       0       0
      Locals:         0       0       0       0       0       0       0       0       0       0       0       0       0       0       0       0       0
      Temps:          4       0       0       0       0       0       0       0       0       0       0       0       0       0       0       0       0
      Totals:         6       0       0       0       0       0       0       0       0       0       0       0       0       0       0       0       0
Total ram usage:        6 bytes
 Hardware stack levels used:    1
 Hardware stack levels required when called:    4
 This function calls:
		Nothing
 This function is called by:
		_toupper
 This function uses a non-reentrant model


 *************** function _isupper *****************
 Defined at:
		line 5 in file "C:\Program Files\Microchip\xc8\v2.20\pic\sources\c99\common\isupper.c"
 Parameters:    Size  Location     Type
  c               2    8[COMRAM] int 
 Auto vars:     Size  Location     Type
		None
 Return value:  Size  Location     Type
                  2    8[COMRAM] int 
 Registers used:
		wreg, status,2, status,0
 Tracked objects:
		On entry : 
		On exit  : 
		Unchanged: 
 Data sizes:     COMRAM   BANK0   BANK1   BANK2   BANK3   BANK4   BANK5   BANK6   BANK7   BANK8   BANK9  BANK10  BANK11  BANK12  BANK13  BANK14  BANK15
      Params:         2       0       0       0       0       0       0       0       0       0       0       0       0       0       0       0       0
      Locals:         0       0       0       0       0       0       0       0       0       0       0       0       0       0       0       0       0
      Temps:          4       0       0       0       0       0       0       0       0       0       0       0       0       0       0       0       0
      Totals:         6       0       0       0       0       0       0       0       0       0       0       0       0       0       0       0       0
Total ram usage:        6 bytes
 Hardware stack levels used:    1
 Hardware stack levels required when called:    4
 This function calls:
		Nothing
 This function is called by:
		_xtoa
 This function uses a non-reentrant model


 *************** function _isalpha *****************
 Defined at:
		line 5 in file "C:\Program Files\Microchip\xc8\v2.20\pic\sources\c99\common\isalpha.c"
 Parameters:    Size  Location     Type
  c               2    8[COMRAM] int 
 Auto vars:     Size  Location     Type
		None
 Return value:  Size  Location     Type
                  2    8[COMRAM] int 
 Registers used:
		wreg, status,2, status,0
 Tracked objects:
		On entry : 
		On exit  : 
		Unchanged: 
 Data sizes:     COMRAM   BANK0   BANK1   BANK2   BANK3   BANK4   BANK5   BANK6   BANK7   BANK8   BANK9  BANK10  BANK11  BANK12  BANK13  BANK14  BANK15
      Params:         2       0       0       0       0       0       0       0       0       0       0       0       0       0       0       0       0
      Locals:         0       0       0       0       0       0       0       0       0       0       0       0       0       0       0       0       0
      Temps:          4       0       0       0       0       0       0       0       0       0       0       0       0       0       0       0       0
      Totals:         6       0       0       0       0       0       0       0       0       0       0       0       0       0       0       0       0
Total ram usage:        6 bytes
 Hardware stack levels used:    1
 Hardware stack levels required when called:    4
 This function calls:
		Nothing
 This function is called by:
		_xtoa
 This function uses a non-reentrant model


 *************** function _dtoa *****************
 Defined at:
		line 274 in file "C:\Program Files\Microchip\xc8\v2.20\pic\sources\c99\common\doprnt.c"
 Parameters:    Size  Location     Type
  fp              2   37[COMRAM] PTR struct _IO_FILE
		 -> NULL(0), 
  d               8   39[COMRAM] long long 
 Auto vars:     Size  Location     Type
  n               8   63[COMRAM] long long 
  i               2   71[COMRAM] int 
  s               2   61[COMRAM] int 
  w               2   59[COMRAM] int 
  p               2   57[COMRAM] int 
 Return value:  Size  Location     Type
                  2   37[COMRAM] int 
 Registers used:
		wreg, fsr1l, fsr1h, fsr2l, fsr2h, status,2, status,0, cstack
 Tracked objects:
		On entry : 
		On exit  : 
		Unchanged: 
 Data sizes:     COMRAM   BANK0   BANK1   BANK2   BANK3   BANK4   BANK5   BANK6   BANK7   BANK8   BANK9  BANK10  BANK11  BANK12  BANK13  BANK14  BANK15
      Params:        10       0       0       0       0       0       0       0       0       0       0       0       0       0       0       0       0
      Locals:        18       0       0       0       0       0       0       0       0       0       0       0       0       0       0       0       0
      Temps:          8       0       0       0       0       0       0       0       0       0       0       0       0       0       0       0       0
      Totals:        36       0       0       0       0       0       0       0       0       0       0       0       0       0       0       0       0
Total ram usage:       36 bytes
 Hardware stack levels used:    1
 Hardware stack levels required when called:    9
 This function calls:
		___aodiv
		___aomod
		_abs
		_pad
 This function is called by:
		_vfpfcnvrt
 This function uses a non-reentrant model


 *************** function _abs *****************
 Defined at:
[...]
      Temps:          0       0       0       0       0       0       0       0       0       0       0       0       0       0       0       0       0
      Totals:         0       0       0       0       0       0       0       0       0       0       0       0       0       0       0       0       0
Total ram usage:        0 bytes
 Hardware stack levels used:    1
 Hardware stack levels required when called:    4
 This function calls:
		Nothing
 This function is called by:
		_main
 This function uses a non-reentrant model


 *************** function _EUSART2_Read *****************
 Defined at:
		line 113 in file "mcc_generated_files/eusart2.c"
 Parameters:    Size  Location     Type
		None
 Auto vars:     Size  Location     Type
		None
 Return value:  Size  Location     Type
                  1    wreg      unsigned char 
 Registers used:
		wreg, status,2
 Tracked objects:
		On entry : 
		On exit  : 
		Unchanged: 
 Data sizes:     COMRAM   BANK0   BANK1   BANK2   BANK3   BANK4   BANK5   BANK6   BANK7   BANK8   BANK9  BANK10  BANK11  BANK12  BANK13  BANK14  BANK15
      Params:         0       0       0       0       0       0       0       0       0       0       0       0       0       0       0       0       0
      Locals:         0       0       0       0       0       0       0       0       0       0       0       0       0       0       0       0       0
      Temps:          0       0       0       0       0       0       0       0       0       0       0       0       0       0       0       0       0
      Totals:         0       0       0       0       0       0       0       0       0       0       0       0       0       0       0       0       0
Total ram usage:        0 bytes
 Hardware stack levels used:    1
 Hardware stack levels required when called:    4
 This function calls:
		Nothing
 This function is called by:
		_main
 This function uses a non-reentrant model


 *************** function _EUSART1_is_rx_ready *****************
 Defined at:
		line 99 in file "mcc_generated_files/eusart1.c"
 Parameters:    Size  Location     Type
		None
 Auto vars:     Size  Location     Type
		None
 Return value:  Size  Location     Type
                  1    wreg      _Bool 
 Registers used:
		wreg
 Tracked objects:
		On entry : 
		On exit  : 
		Unchanged: 
 Data sizes:     COMRAM   BANK0   BANK1   BANK2   BANK3   BANK4   BANK5   BANK6   BANK7   BANK8   BANK9  BANK10  BANK11  BANK12  BANK13  BANK14  BANK15
      Params:         0       0       0       0       0       0       0       0       0       0       0       0       0       0       0       0       0
      Locals:         0       0       0       0       0       0       0       0       0       0       0       0       0       0       0       0       0
      Temps:          0       0       0       0       0       0       0       0       0       0       0       0       0       0       0       0       0
      Totals:         0       0       0       0       0       0       0       0       0       0       0       0       0       0       0       0       0
Total ram usage:        0 bytes
 Hardware stack levels used:    1
 Hardware stack levels required when called:    4
 This function calls:
		Nothing
 This function is called by:
		_main
 This function uses a non-reentrant model


 *************** function _EUSART1_Read *****************
 Defined at:
		line 113 in file "mcc_generated_files/eusart1.c"
 Parameters:    Size  Location     Type
		None
 Auto vars:     Size  Location     Type
		None
 Return value:  Size  Location     Type
                  1    wreg      unsigned char 
 Registers used:
		wreg, status,2
 Tracked objects:
		On entry : 
		On exit  : 
		Unchanged: 
 Data sizes:     COMRAM   BANK0   BANK1   BANK2   BANK3   BANK4   BANK5   BANK6   BANK7   BANK8   BANK9  BANK10  BANK11  BANK12  BANK13  BANK14  BANK15
      Params:         0       0       0       0       0       0       0       0       0       0       0       0       0       0       0       0       0
      Locals:         0       0       0       0       0       0       0       0       0       0       0       0       0       0       0       0       0
      Temps:          0       0       0       0       0       0       0       0       0       0       0       0       0       0       0       0       0
      Totals:         0       0       0       0       0       0       0       0       0       0       0       0       0       0       0       0       0
Total ram usage:        0 bytes
 Hardware stack levels used:    1
 Hardware stack levels required when called:    4
 This function calls:
		Nothing
 This function is called by:
		_main
		_getch
 This function uses a non-reentrant model


 *************** function _EPWM2_LoadDutyValue *****************
 Defined at:
		line 90 in file "mcc_generated_files/epwm2.c"
 Parameters:    Size  Location     Type
  dutyValue       2    8[COMRAM] unsigned short 
 Auto vars:     Size  Location     Type
		None
 Return value:  Size  Location     Type
                  1    wreg      void 
 Registers used:
		wreg, status,2, status,0
 Tracked objects:
		On entry : 
		On exit  : 
		Unchanged: 
 Data sizes:     COMRAM   BANK0   BANK1   BANK2   BANK3   BANK4   BANK5   BANK6   BANK7   BANK8   BANK9  BANK10  BANK11  BANK12  BANK13  BANK14  BANK15
      Params:         2       0       0       0       0       0       0       0       0       0       0       0       0       0       0       0       0
      Locals:         0       0       0       0       0       0       0       0       0       0       0       0       0       0       0       0       0
      Temps:          2       0       0       0       0       0       0       0       0       0       0       0       0       0       0       0       0
      Totals:         4       0       0       0       0       0       0       0       0       0       0       0       0       0       0       0       0
Total ram usage:        4 bytes
 Hardware stack levels used:    1
 Hardware stack levels required when called:    4
 This function calls:
		Nothing
 This function is called by:
		_main
 This function uses a non-reentrant model


 *************** function _INTERRUPT_InterruptManager *****************
 Defined at:
		line 58 in file "mcc_generated_files/interrupt_manager.c"
 Parameters:    Size  Location     Type
		None
 Auto vars:     Size  Location     Type
		None
 Return value:  Size  Location     Type
                  1    wreg      void 
 Registers used:
		wreg, status,2, status,0, pclath, tosl, cstack
 Tracked objects:
		On entry : 
		On exit  : 
		Unchanged: 
 Data sizes:     COMRAM   BANK0   BANK1   BANK2   BANK3   BANK4   BANK5   BANK6   BANK7   BANK8   BANK9  BANK10  BANK11  BANK12  BANK13  BANK14  BANK15
      Params:         0       0       0       0       0       0       0       0       0       0       0       0       0       0       0       0       0
      Locals:         0       0       0       0       0       0       0       0       0       0       0       0       0       0       0       0       0
      Temps:          2       0       0       0       0       0       0       0       0       0       0       0       0       0       0       0       0
      Totals:         2       0       0       0       0       0       0       0       0       0       0       0       0       0       0       0       0
Total ram usage:        2 bytes
 Hardware stack levels used:    1
 Hardware stack levels required when called:    3
 This function calls:
		_TMR1_ISR
 This function is called by:
		Interrupt level 2
 This function uses a non-reentrant model


 *************** function _TMR1_ISR *****************
 Defined at:
		line 158 in file "mcc_generated_files/tmr1.c"
 Parameters:    Size  Location     Type
		None
 Auto vars:     Size  Location     Type
		None
 Return value:  Size  Location     Type
                  1    wreg      void 
 Registers used:
		wreg, status,2, status,0, pclath, tosl, cstack
 Tracked objects:
		On entry : 
		On exit  : 
		Unchanged: 
 Data sizes:     COMRAM   BANK0   BANK1   BANK2   BANK3   BANK4   BANK5   BANK6   BANK7   BANK8   BANK9  BANK10  BANK11  BANK12  BANK13  BANK14  BANK15
      Params:         0       0       0       0       0       0       0       0       0       0       0       0       0       0       0       0       0
      Locals:         0       0       0       0       0       0       0       0       0       0       0       0       0       0       0       0       0
      Temps:          0       0       0       0       0       0       0       0       0       0       0       0       0       0       0       0       0
      Totals:         0       0       0       0       0       0       0       0       0       0       0       0       0       0       0       0       0
Total ram usage:        0 bytes
 Hardware stack levels used:    1
 Hardware stack levels required when called:    2
 This function calls:
		Absolute function
		_TMR1_DefaultInterruptHandler
		_myTMR1ISR
		i2_TMR1_WriteTimer
 This function is called by:
		_INTERRUPT_InterruptManager
 This function uses a non-reentrant model


 *************** function _TMR1_DefaultInterruptHandler *****************
 Defined at:
		line 176 in file "mcc_generated_files/tmr1.c"
 Parameters:    Size  Location     Type
		None
 Auto vars:     Size  Location     Type
		None
 Return value:  Size  Location     Type
                  1    wreg      void 
 Registers used:
		None
 Tracked objects:
		On entry : 
		On exit  : 
		Unchanged: 
 Data sizes:     COMRAM   BANK0   BANK1   BANK2   BANK3   BANK4   BANK5   BANK6   BANK7   BANK8   BANK9  BANK10  BANK11  BANK12  BANK13  BANK14  BANK15
      Params:         0       0       0       0       0       0       0       0       0       0       0       0       0       0       0       0       0
      Locals:         0       0       0       0       0       0       0       0       0       0       0       0       0       0       0       0       0
      Temps:          0       0       0       0       0       0       0       0       0       0       0       0       0       0       0       0       0
      Totals:         0       0       0       0       0       0       0       0       0       0       0       0       0       0       0       0       0
Total ram usage:        0 bytes
 Hardware stack levels used:    1
 This function calls:
		Nothing
 This function is called by:
		_TMR1_Initialize
		_TMR1_ISR
 This function uses a non-reentrant model


 *************** function _myTMR1ISR *****************
 Defined at:
		line 187 in file "main.c"
 Parameters:    Size  Location     Type
		None
 Auto vars:     Size  Location     Type
		None
 Return value:  Size  Location     Type
                  1    wreg      void 
 Registers used:
		wreg, status,2, status,0, cstack
 Tracked objects:
		On entry : 
		On exit  : 
		Unchanged: 
 Data sizes:     COMRAM   BANK0   BANK1   BANK2   BANK3   BANK4   BANK5   BANK6   BANK7   BANK8   BANK9  BANK10  BANK11  BANK12  BANK13  BANK14  BANK15
      Params:         0       0       0       0       0       0       0       0       0       0       0       0       0       0       0       0       0
      Locals:         0       0       0       0       0       0       0       0       0       0       0       0       0       0       0       0       0
      Temps:          2       0       0       0       0       0       0       0       0       0       0       0       0       0       0       0       0
      Totals:         2       0       0       0       0       0       0       0       0       0       0       0       0       0       0       0       0
Total ram usage:        2 bytes
 Hardware stack levels used:    1
 Hardware stack levels required when called:    1
 This function calls:
		i2_EPWM2_LoadDutyValue
		i2_TMR1_WriteTimer
 This function is called by:
		_main
		_TMR1_ISR
 This function uses a non-reentrant model


 *************** function i2_TMR1_WriteTimer *****************
 Defined at:
		line 121 in file "mcc_generated_files/tmr1.c"
 Parameters:    Size  Location     Type
  timerVal        2    0[COMRAM] unsigned short 
 Auto vars:     Size  Location     Type
		None
 Return value:  Size  Location     Type
                  1    wreg      void 
 Registers used:
		wreg, status,2
 Tracked objects:
		On entry : 
		On exit  : 
		Unchanged: 
 Data sizes:     COMRAM   BANK0   BANK1   BANK2   BANK3   BANK4   BANK5   BANK6   BANK7   BANK8   BANK9  BANK10  BANK11  BANK12  BANK13  BANK14  BANK15
      Params:         2       0       0       0       0       0       0       0       0       0       0       0       0       0       0       0       0
      Locals:         0       0       0       0       0       0       0       0       0       0       0       0       0       0       0       0       0
      Temps:          0       0       0       0       0       0       0       0       0       0       0       0       0       0       0       0       0
      Totals:         2       0       0       0       0       0       0       0       0       0       0       0       0       0       0       0       0
Total ram usage:        2 bytes
 Hardware stack levels used:    1
 This function calls:
		Nothing
 This function is called by:
		_myTMR1ISR
		_TMR1_ISR
 This function uses a non-reentrant model


 *************** function i2_EPWM2_LoadDutyValue *****************
 Defined at:
		line 90 in file "mcc_generated_files/epwm2.c"
 Parameters:    Size  Location     Type
  dutyValue       2    0[COMRAM] unsigned short 
 Auto vars:     Size  Location     Type
		None
 Return value:  Size  Location     Type
                  1    wreg      void 
 Registers used:
		wreg, status,2, status,0
 Tracked objects:
		On entry : 
		On exit  : 
		Unchanged: 
 Data sizes:     COMRAM   BANK0   BANK1   BANK2   BANK3   BANK4   BANK5   BANK6   BANK7   BANK8   BANK9  BANK10  BANK11  BANK12  BANK13  BANK14  BANK15
      Params:         2       0       0       0       0       0       0       0       0       0       0       0       0       0       0       0       0
      Locals:         0       0       0       0       0       0       0       0       0       0       0       0       0       0       0       0       0
      Temps:          2       0       0       0       0       0       0       0       0       0       0       0       0       0       0       0       0
      Totals:         4       0       0       0       0       0       0       0       0       0       0       0       0       0       0       0       0
Total ram usage:        4 bytes
 Hardware stack levels used:    1
 This function calls:
		Nothing
 This function is called by:
		_myTMR1ISR
 This function uses a non-reentrant model



MODULE INFORMATION

Module		Function		Class		Link	Load	Size
C:\Program Files\Microchip\xc8\v2.20\pic\sources\c99\common\nf_fputc.c
		_fputc         		CODE           	10E0	0000	151

C:\Program Files\Microchip\xc8\v2.20\pic\sources\c99\common\nf_fputc.c estimated size: 151

mcc_generated_files/eusart2.c
		_EUSART2_Read  		CODE           	15C8	0000	43
		_EUSART2_SetOverrunErrorHandler		CODE           	1754	0000	11
		_EUSART2_SetErrorHandler		CODE           	1768	0000	11
		_EUSART2_is_rx_ready		CODE           	1708	0000	21
		_EUSART2_Initialize		CODE           	1374	0000	65
		_EUSART2_SetFramingErrorHandler		CODE           	175E	0000	11

mcc_generated_files/eusart2.c estimated size: 162

C:\Program Files\Microchip\xc8\v2.20\pic\sources\c99\common\doprnt.c
		_vfpfcnvrt     		CODE           	0388	0000	805
		_pad           		CODE           	101E	0000	195
		_ctoa          		CODE           	1296	0000	91
		_dtoa          		CODE           	06AC	0000	735
		_vfprintf      		CODE           	1176	0000	101
		_xtoa          		CODE           	098A	0000	725

C:\Program Files\Microchip\xc8\v2.20\pic\sources\c99\common\doprnt.c estimated size: 2652

mcc_generated_files/tmr2.c
		_TMR2_Initialize		CODE           	1730	0000	17

mcc_generated_files/tmr2.c estimated size: 17

mcc_generated_files/interrupt_manager.c
		_INTERRUPT_Initialize		CODE           	1790	0000	5
		_INTERRUPT_InterruptManager		CODE           	0008	0000	69

mcc_generated_files/interrupt_manager.c estimated size: 74

mcc_generated_files/epwm2.c
		_EPWM2_LoadDutyValue		CODE           	1512	0000	49
		_EPWM2_Initialize		CODE           	16B6	0000	33

mcc_generated_files/epwm2.c estimated size: 82

mcc_generated_files/pin_manager.c
		_PIN_MANAGER_Initialize		CODE           	1572	0000	45

mcc_generated_files/pin_manager.c estimated size: 45

C:\Program Files\Microchip\xc8\v2.20\pic\sources\c99\common\aomod.c
		___aomod       		CODE           	0DE6	0000	357

C:\Program Files\Microchip\xc8\v2.20\pic\sources\c99\common\aomod.c estimated size: 357

C:\Program Files\Microchip\xc8\v2.20\pic\sources\c99\common\islower.c
		_islower       		CODE           	146C	0000	57

C:\Program Files\Microchip\xc8\v2.20\pic\sources\c99\common\islower.c estimated size: 57

C:\Program Files\Microchip\xc8\v2.20\pic\sources\c99\common\nf_fputs.c
		_fputs         		CODE           	12F0	0000	69

C:\Program Files\Microchip\xc8\v2.20\pic\sources\c99\common\nf_fputs.c estimated size: 69

C:\Program Files\Microchip\xc8\v2.20\pic\sources\c99\common\isupper.c
		_isupper       		CODE           	14A4	0000	57

C:\Program Files\Microchip\xc8\v2.20\pic\sources\c99\common\isupper.c estimated size: 57

C:\Program Files\Microchip\xc8\v2.20\pic\sources\c99\common\toupper.c
		_toupper       		CODE           	1238	0000	95

C:\Program Files\Microchip\xc8\v2.20\pic\sources\c99\common\toupper.c estimated size: 95

shared
		__initialization		CODE           	11DA	0000	85
		i2_TMR1_WriteTimer		CODE           	166C	0000	41
		i2_EPWM2_LoadDutyValue		CODE           	1542	0000	49

shared estimated size: 175

mcc_generated_files/eusart1.c
		_EUSART1_is_rx_ready		CODE           	171C	0000	21
		_EUSART1_Initialize		CODE           	13B4	0000	65
		_putch         		CODE           	1740	0000	11
		_EUSART1_SetFramingErrorHandler		CODE           	177C	0000	11
		_EUSART1_Read  		CODE           	15F2	0000	43
		_EUSART1_SetOverrunErrorHandler		CODE           	1772	0000	11
		_EUSART1_SetErrorHandler		CODE           	1786	0000	11
		_EUSART1_Write 		CODE           	16F2	0000	23

mcc_generated_files/eusart1.c estimated size: 196

mcc_generated_files/mcc.c
		_OSCILLATOR_Initialize		CODE           	16D6	0000	29
		_SYSTEM_Initialize		CODE           	1694	0000	35

mcc_generated_files/mcc.c estimated size: 64

C:\Program Files\Microchip\xc8\v2.20\pic\sources\c99\common\printf.c
		_printf        		CODE           	161C	0000	41

C:\Program Files\Microchip\xc8\v2.20\pic\sources\c99\common\printf.c estimated size: 41

C:\Program Files\Microchip\xc8\v2.20\pic\sources\c99\common\aodiv.c
		___aodiv       		CODE           	0C5E	0000	393

C:\Program Files\Microchip\xc8\v2.20\pic\sources\c99\common\aodiv.c estimated size: 393

mcc_generated_files/tmr1.c
		_TMR1_Initialize		CODE           	159E	0000	43
		_TMR1_SetInterruptHandler		CODE           	174A	0000	11
		_TMR1_DefaultInterruptHandler		CODE           	1798	0000	3
		_TMR1_WriteTimer		CODE           	1644	0000	41
		_TMR1_ISR      		CODE           	1430	0000	61

mcc_generated_files/tmr1.c estimated size: 159

C:\Program Files\Microchip\xc8\v2.20\pic\sources\c99\common\abs.c
		_abs           		CODE           	1334	0000	65

C:\Program Files\Microchip\xc8\v2.20\pic\sources\c99\common\abs.c estimated size: 65

C:\Program Files\Microchip\xc8\v2.20\pic\sources\c99\common\strlen.c
		_strlen        		CODE           	14DC	0000	55

C:\Program Files\Microchip\xc8\v2.20\pic\sources\c99\common\strlen.c estimated size: 55

C:\Program Files\Microchip\xc8\v2.20\pic\sources\c99\common\isalpha.c
		_isalpha       		CODE           	13F4	0000	61

C:\Program Files\Microchip\xc8\v2.20\pic\sources\c99\common\isalpha.c estimated size: 61

main.c
		_myTMR1ISR     		CODE           	0F4A	0000	213
		_main          		CODE           	0050	0000	825

main.c estimated size: 1038

