Microchip MPLAB XC8 Compiler V2.20

Linker command line:

-W-3 --edf=C:\Program Files\Microchip\xc8\v2.20\pic\dat\en_msgs.txt -cn \
  -h+dist/default/production\Lab02.X.production.sym \
  --cmf=dist/default/production\Lab02.X.production.cmf -z -Q18F26K22 \
  -oC:\Users\BRYCEG~1\AppData\Local\Temp\s2ag.2 --defsym=__MPLAB_BUILD=1 \
  -Mdist/default/production/Lab02.X.production.map -E1 -ver=XC8 Compiler \
  --acfsm=1493 -ASTACK=0182h-0F37h -pstack=STACK -ACODE=00h-0FFFFh \
  -ACONST=00h-0FFFFh -ASMALLCONST=01000h-010FFhx240 \
  -AMEDIUMCONST=01000h-0FFFFh -ACOMRAM=01h-05Fh -AABS1=00h-0F37h \
  -ABIGRAM=01h-0F37h -ARAM=060h-0FFh,0100h-01FFhx14,0F00h-0F37h \
  -ABANK0=060h-0FFh -ABANK1=0100h-01FFh -ABANK2=0200h-02FFh \
  -ABANK3=0300h-03FFh -ABANK4=0400h-04FFh -ABANK5=0500h-05FFh \
  -ABANK6=0600h-06FFh -ABANK7=0700h-07FFh -ABANK8=0800h-08FFh \
  -ABANK9=0900h-09FFh -ABANK10=0A00h-0AFFh -ABANK11=0B00h-0BFFh \
  -ABANK12=0C00h-0CFFh -ABANK13=0D00h-0DFFh -ABANK14=0E00h-0EFFh \
  -ABANK15=0F00h-0F37h -ASFR=0F38h-0F5Fh,0F60h-0FFFh \
  -ACONFIG=0300000h-030000Dh -AIDLOC=0200000h-0200007h \
  -preset_vec=00h,intcode,intcodelo,powerup,init -pramtop=01000h \
  -psmallconst=SMALLCONST -pmediumconst=MEDIUMCONST -pconst=CONST \
  -AFARRAM=00h-00h -AEEDATA=0F00000h-0F003FFh -peeprom_data=EEDATA \
  -prdata=COMRAM,nvrram=COMRAM,nvbit=COMRAM,rbss=COMRAM,rbit=COMRAM \
  -pfarbss=FARRAM,fardata=FARRAM,nvFARRAM=FARRAM \
  -pintsave_regs=BIGRAM,bigbss=BIGRAM,bigdata=BIGRAM -pbss=RAM \
  -pidata=CODE,irdata=CODE,ibigdata=CODE,ifardata=CODE -prparam=COMRAM \
  C:\Users\BRYCEG~1\AppData\Local\Temp\s2ag.o \
  dist/default/production\Lab02.X.production.o 

Object code version is 3.11

Machine type is 18F26K22



                Name                               Link     Load   Length Selector   Space Scale
C:\Users\BRYCEG~1\AppData\Local\Temp\s2ag.o
                idloc                            200000   200000        8        0       5
                config                           300000   300000        E        0       4
                init                                  0        0        4        0       0
dist/default/production\Lab02.X.production.o
                idloc                            200000   200000        8        0       5
                config                           300000   300000        E        0       4
                text5                              FD2E     FD2E       32     7E97       0
                text4                              FD60     FD60       32     7EB0       0
                text3                              FD92     FD92       34     7EC9       0
                text2                              FEF0     FEF0      110     7F78       0
                text1                              FD1A     FD1A       14     7E8D       0
                text0                              FE0C     FE0C       62     7F06       0
                cstackCOMRAM                          1        1        F        1       1
                cstackBANK0                          60       60       86       60       1
                dataBANK1                           100      100       82      100       1
                dataCOMRAM                           10       10        4        1       1
                cinit                              FDC6     FDC6       46     7EE3       0
                idataBANK1                         FE6E     FE6E       82     FE6E       0
                idataCOMRAM                        FD16     FD16        4     FD16       0

TOTAL           Name                               Link     Load   Length     Space
        CLASS   STACK          

        CLASS   CODE           
                init                                  0        0        4         0
                text5                              FD2E     FD2E       32         0
                text4                              FD60     FD60       32         0
                text3                              FD92     FD92       34         0
                text2                              FEF0     FEF0      110         0
                text1                              FD1A     FD1A       14         0
                text0                              FE0C     FE0C       62         0
                cinit                              FDC6     FDC6       46         0
                idataBANK1                         FE6E     FE6E       82         0
                idataCOMRAM                        FD16     FD16        4         0

        CLASS   CONST          

        CLASS   SMALLCONST     

        CLASS   MEDIUMCONST    

        CLASS   COMRAM         
                cstackCOMRAM                          1        1        F         1
                dataCOMRAM                           10       10        4         1

        CLASS   ABS1           

        CLASS   BIGRAM         

        CLASS   RAM            

        CLASS   BANK0          
                cstackBANK0                          60       60       86         1

        CLASS   BANK1          
                dataBANK1                           100      100       82         1

        CLASS   BANK2          

        CLASS   BANK3          

        CLASS   BANK4          

        CLASS   BANK5          

        CLASS   BANK6          

        CLASS   BANK7          

        CLASS   BANK8          

        CLASS   BANK9          

        CLASS   BANK10         

        CLASS   BANK11         

        CLASS   BANK12         

        CLASS   BANK13         

        CLASS   BANK14         

        CLASS   BANK15         

        CLASS   SFR            

        CLASS   CONFIG         
                config                           300000   300000        E         4

        CLASS   IDLOC          
                idloc                            200000   200000        8         5

        CLASS   FARRAM         

        CLASS   EEDATA         



SEGMENTS        Name                           Load    Length   Top    Selector   Space  Class

                reset_vec                      000000  000004  000004         0       0  CODE    
                cstackCOMRAM                   000001  000013  000014         1       1  COMRAM  
                cstackBANK0                    000060  000086  0000E6        60       1  BANK0   
                dataBANK1                      000100  000082  000182       100       1  BANK1   
                idataCOMRAM                    00FD16  000004  00FD1A      FD16       0  CODE    
                text1                          00FD1A  000014  00FD2E      7E8D       0  CODE    
                text5                          00FD2E  000032  00FD60      7E97       0  CODE    
                text4                          00FD60  000032  00FD92      7EB0       0  CODE    
                text3                          00FD92  000034  00FDC6      7EC9       0  CODE    
                cinit                          00FDC6  000046  00FE0C      7EE3       0  CODE    
                text0                          00FE0C  000062  00FE6E      7F06       0  CODE    
                idataBANK1                     00FE6E  000082  00FEF0      FE6E       0  CODE    
                text2                          00FEF0  000110  010000      7F78       0  CODE    


UNUSED ADDRESS RANGES

        Name                Unused          Largest block    Delta
        BANK0            0000E6-0000FF               1A
        BANK1            000182-0001FF               7E
        BANK10           000A00-000AFF              100
        BANK11           000B00-000BFF              100
        BANK12           000C00-000CFF              100
        BANK13           000D00-000DFF              100
        BANK14           000E00-000EFF              100
        BANK15           000F00-000F37               38
        BANK2            000200-0002FF              100
        BANK3            000300-0003FF              100
        BANK4            000400-0004FF              100
        BANK5            000500-0005FF              100
        BANK6            000600-0006FF              100
        BANK7            000700-0007FF              100
        BANK8            000800-0008FF              100
        BANK9            000900-0009FF              100
        BIGRAM           000014-00005F               4C
                         0000E6-0000FF               1A
                         000182-000F37              DB6
        CODE             000004-00FD15             FD12
        COMRAM           000014-00005F               4C
        CONST            000004-00FD15             FD12
        EEDATA           F00000-F003FF              400
        MEDIUMCONST      001000-00FD15             ED16
        RAM              0000E6-0000FF               1A
                         000182-000F37              100
        SFR              000F38-000FFF               28
        SMALLCONST       001000-00FD15              100
        STACK            000182-000F37              DB6

                                  Symbol Table

_ANSELAbits                (abs)        000F38
_ANSELBbits                (abs)        000F39
_LATBbits                  (abs)        000F8A
_OSCCONbits                (abs)        000FD3
_OSCTUNEbits               (abs)        000F9B
_PORTAbits                 (abs)        000F80
_TRISAbits                 (abs)        000F92
_TRISBbits                 (abs)        000F93
__HRAM                     (abs)        000000
__Habs1                    abs1         000000
__Hbank0                   bank0        000000
__Hbank1                   bank1        000000
__Hbank10                  bank10       000000
__Hbank11                  bank11       000000
__Hbank12                  bank12       000000
__Hbank13                  bank13       000000
__Hbank14                  bank14       000000
__Hbank15                  bank15       000000
__Hbank2                   bank2        000000
__Hbank3                   bank3        000000
__Hbank4                   bank4        000000
__Hbank5                   bank5        000000
__Hbank6                   bank6        000000
__Hbank7                   bank7        000000
__Hbank8                   bank8        000000
__Hbank9                   bank9        000000
__Hbigbss                  bigbss       000000
__Hbigdata                 bigdata      000000
__Hbigram                  bigram       000000
__Hbss                     bss          000000
__Hcinit                   cinit        000000
__Hclrtext                 clrtext      000000
__Hcomram                  comram       000000
__Hconfig                  config       30000E
__Hconst                   const        000000
__HcstackBANK0             cstackBANK0  000000
__HcstackCOMRAM            cstackCOMRAM 000000
__Hdata                    data         000000
__HdataBANK1               dataBANK1    000000
__HdataCOMRAM              dataCOMRAM   000000
__Heeprom_data             eeprom_data  000000
__Hfarbss                  farbss       000000
__Hfardata                 fardata      000000
__Hibigdata                ibigdata     000000
__Hidata                   idata        000000
__HidataBANK1              idataBANK1   000000
__HidataCOMRAM             idataCOMRAM  000000
__Hidloc                   idloc        200008
__Hifardata                ifardata     000000
__Hinit                    init         000004
__Hintcode                 intcode      000000
__Hintcode_body            intcode_body 000000
__Hintcodelo               intcodelo    000000
__Hintentry                intentry     000000
__Hintret                  intret       000000
__Hintsave_regs            intsave_regs 000000
__Hirdata                  irdata       000000
__Hmediumconst             mediumconst  000000
__HnvFARRAM                nvFARRAM     000000
__Hnvbit                   nvbit        000000
__Hnvrram                  nvrram       000000
__Hparam                   rparam       000000
__Hpowerup                 powerup      000000
__Hram                     ram          000000
__Hramtop                  ramtop       001000
__Hrbit                    rbit         000000
__Hrbss                    rbss         000000
__Hrdata                   rdata        000000
__Hreset_vec               reset_vec    000000
__Hrparam                  rparam       000000
__Hsfr                     sfr          000000
__Hsmallconst              smallconst   000000
__Hspace_0                 (abs)        010000
__Hspace_1                 (abs)        000182
__Hspace_2                 (abs)        000000
__Hspace_4                 (abs)        60000E
__Hstack                   stack        000000
__Hstruct                  struct       000000
__Htemp                    temp         000000
__Htext                    text         000000
__Htext0                   text0        000000
__Htext1                   text1        000000
__Htext2                   text2        000000
__Htext3                   text3        000000
__Htext4                   text4        000000
__Htext5                   text5        000000
__LRAM                     (abs)        000001
__Labs1                    abs1         000000
__Lbank0                   bank0        000000
__Lbank1                   bank1        000000
__Lbank10                  bank10       000000
__Lbank11                  bank11       000000
__Lbank12                  bank12       000000
__Lbank13                  bank13       000000
__Lbank14                  bank14       000000
__Lbank15                  bank15       000000
__Lbank2                   bank2        000000
__Lbank3                   bank3        000000
__Lbank4                   bank4        000000
__Lbank5                   bank5        000000
__Lbank6                   bank6        000000
__Lbank7                   bank7        000000
__Lbank8                   bank8        000000
__Lbank9                   bank9        000000
__Lbigbss                  bigbss       000000
__Lbigdata                 bigdata      000000
__Lbigram                  bigram       000000
__Lbss                     bss          000000
__Lcinit                   cinit        000000
__Lclrtext                 clrtext      000000
__Lcomram                  comram       000000
__Lconfig                  config       000000
__Lconst                   const        000000
__LcstackBANK0             cstackBANK0  000000
__LcstackCOMRAM            cstackCOMRAM 000000
__Ldata                    data         000000
__LdataBANK1               dataBANK1    000000
__LdataCOMRAM              dataCOMRAM   000000
__Leeprom_data             eeprom_data  000000
__Lfarbss                  farbss       000000
__Lfardata                 fardata      000000
__Libigdata                ibigdata     000000
__Lidata                   idata        000000
__LidataBANK1              idataBANK1   000000
__LidataCOMRAM             idataCOMRAM  000000
__Lidloc                   idloc        000000
__Lifardata                ifardata     000000
__Linit                    init         000000
__Lintcode                 intcode      000000
__Lintcode_body            intcode_body 000000
__Lintcodelo               intcodelo    000000
__Lintentry                intentry     000000
__Lintret                  intret       000000
__Lintsave_regs            intsave_regs 000000
__Lirdata                  irdata       000000
__Lmediumconst             mediumconst  000000
__LnvFARRAM                nvFARRAM     000000
__Lnvbit                   nvbit        000000
__Lnvrram                  nvrram       000000
__Lparam                   rparam       000000
__Lpowerup                 powerup      000000
__Lram                     ram          000000
__Lramtop                  ramtop       001000
__Lrbit                    rbit         000000
__Lrbss                    rbss         000000
__Lrdata                   rdata        000000
__Lreset_vec               reset_vec    000000
__Lrparam                  rparam       000000
__Lsfr                     sfr          000000
__Lsmallconst              smallconst   000000
__Lspace_0                 (abs)        000000
__Lspace_1                 (abs)        000000
__Lspace_2                 (abs)        000000
__Lspace_4                 (abs)        000000
__Lstack                   stack        000000
__Lstruct                  struct       000000
__Ltemp                    temp         000000
__Ltext                    text         000000
__Ltext0                   text0        000000
__Ltext1                   text1        000000
__Ltext2                   text2        000000
__Ltext3                   text3        000000
__Ltext4                   text4        000000
__Ltext5                   text5        000000
__S0                       (abs)        010000
__S1                       (abs)        000182
__S2                       (abs)        000000
__S4                       (abs)        000000
__S5                       (abs)        000000
___inthi_sp                stack        000000
___intlo_sp                stack        000000
___param_bank              (abs)        000000
___rparam_used             (abs)        000001
___sp                      stack        000000
__accesstop                (abs)        000060
__activetblptr             (abs)        000000
__end_of__initialization   cinit        00FE06
__end_of_blink             text2        010000
__end_of_convert           text5        00FD60
__end_of_initpic           text1        00FD2E
__end_of_main              text0        00FE6E
__end_of_microSecondDelay  text4        00FD92
__end_of_milliSecondDelay  text3        00FDC6
__initialization           cinit        00FDC6
__mediumconst              mediumconst  000000
__pcinit                   cinit        00FDC6
__pcstackBANK0             cstackBANK0  000060
__pcstackCOMRAM            cstackCOMRAM 000001
__pdataBANK1               dataBANK1    000100
__pdataCOMRAM              dataCOMRAM   000010
__pidataBANK1              idataBANK1   00FE6E
__pidataCOMRAM             idataCOMRAM  00FD16
__ptext0                   text0        00FE0C
__ptext1                   text1        00FD1A
__ptext2                   text2        00FEF0
__ptext3                   text3        00FD92
__ptext4                   text4        00FD60
__ptext5                   text5        00FD2E
__ramtop                   ramtop       001000
__size_of_blink            (abs)        000000
__size_of_convert          (abs)        000000
__size_of_initpic          (abs)        000000
__size_of_main             (abs)        000000
__size_of_microSecondDelay (abs)        000000
__size_of_milliSecondDelay (abs)        000000
__smallconst               smallconst   000000
_blink                     text2        00FEF0
_convert                   text5        00FD2E
_initpic                   text1        00FD1A
_main                      text0        00FE0C
_microSecondDelay          text4        00FD60
_milliSecondDelay          text3        00FD92
blink@F6088                dataBANK1    000100
blink@i                    cstackBANK0  0000E5
blink@index                cstackBANK0  0000E2
blink@letter               cstackBANK0  0000E3
blink@morseCode            cstackBANK0  000060
blink@sign                 cstackBANK0  0000E4
convert@letter             cstackCOMRAM 000001
convert@num                cstackCOMRAM 000002
end_of_initialization      cinit        00FE06
intlevel0                  text         000000
intlevel1                  text         000000
intlevel2                  text         000000
intlevel3                  text         000000
main@F6074                 dataCOMRAM   000010
main@i                     cstackCOMRAM 00000F
main@phrase                cstackCOMRAM 00000B
microSecondDelay@i         cstackCOMRAM 000003
microSecondDelay@us        cstackCOMRAM 000001
milliSecondDelay@i         cstackCOMRAM 000007
milliSecondDelay@ms        cstackCOMRAM 000005
stackhi                    (abs)        000F37
stacklo                    (abs)        000182
start                      init         000000
start_initialization       cinit        00FDC6


FUNCTION INFORMATION:

 *************** function _main *****************
 Defined at:
		line 66 in file "Lab02.c"
 Parameters:    Size  Location     Type
		None
 Auto vars:     Size  Location     Type
  i               1   14[COMRAM] unsigned char 
  phrase          4   10[COMRAM] unsigned char [4]
 Return value:  Size  Location     Type
                  1    wreg      void 
 Registers used:
		wreg, fsr1l, fsr1h, fsr2l, fsr2h, status,2, status,0, prodl, prodh, cstack
 Tracked objects:
		On entry : 
		On exit  : 
		Unchanged: 
 Data sizes:     COMRAM   BANK0   BANK1   BANK2   BANK3   BANK4   BANK5   BANK6   BANK7   BANK8   BANK9  BANK10  BANK11  BANK12  BANK13  BANK14  BANK15
      Params:         0       0       0       0       0       0       0       0       0       0       0       0       0       0       0       0       0
      Locals:         5       0       0       0       0       0       0       0       0       0       0       0       0       0       0       0       0
      Temps:          0       0       0       0       0       0       0       0       0       0       0       0       0       0       0       0       0
      Totals:         5       0       0       0       0       0       0       0       0       0       0       0       0       0       0       0       0
Total ram usage:        5 bytes
 Hardware stack levels required when called:    3
 This function calls:
		_blink
		_initpic
 This function is called by:
		Startup code after reset
 This function uses a non-reentrant model


 *************** function _initpic *****************
 Defined at:
		line 166 in file "Lab02.c"
 Parameters:    Size  Location     Type
		None
 Auto vars:     Size  Location     Type
		None
 Return value:  Size  Location     Type
                  1    wreg      void 
 Registers used:
		None
 Tracked objects:
		On entry : 
		On exit  : 
		Unchanged: 
 Data sizes:     COMRAM   BANK0   BANK1   BANK2   BANK3   BANK4   BANK5   BANK6   BANK7   BANK8   BANK9  BANK10  BANK11  BANK12  BANK13  BANK14  BANK15
      Params:         0       0       0       0       0       0       0       0       0       0       0       0       0       0       0       0       0
      Locals:         0       0       0       0       0       0       0       0       0       0       0       0       0       0       0       0       0
      Temps:          0       0       0       0       0       0       0       0       0       0       0       0       0       0       0       0       0
      Totals:         0       0       0       0       0       0       0       0       0       0       0       0       0       0       0       0       0
Total ram usage:        0 bytes
 Hardware stack levels used:    1
 This function calls:
		Nothing
 This function is called by:
		_main
 This function uses a non-reentrant model


 *************** function _blink *****************
 Defined at:
		line 104 in file "Lab02.c"
 Parameters:    Size  Location     Type
  letter          1    wreg     unsigned char 
 Auto vars:     Size  Location     Type
  letter          1  131[BANK0 ] unsigned char 
  sign            1  132[BANK0 ] unsigned char 
  i               1  133[BANK0 ] unsigned char 
  morseCode     130    0[BANK0 ] unsigned char [5][26]
  index           1  130[BANK0 ] unsigned char 
 Return value:  Size  Location     Type
                  1    wreg      void 
 Registers used:
		wreg, fsr1l, fsr1h, fsr2l, fsr2h, status,2, status,0, prodl, prodh, cstack
 Tracked objects:
		On entry : 
		On exit  : 
		Unchanged: 
 Data sizes:     COMRAM   BANK0   BANK1   BANK2   BANK3   BANK4   BANK5   BANK6   BANK7   BANK8   BANK9  BANK10  BANK11  BANK12  BANK13  BANK14  BANK15
      Params:         0       0       0       0       0       0       0       0       0       0       0       0       0       0       0       0       0
      Locals:         0     134       0       0       0       0       0       0       0       0       0       0       0       0       0       0       0
      Temps:          2       0       0       0       0       0       0       0       0       0       0       0       0       0       0       0       0
      Totals:         2     134       0       0       0       0       0       0       0       0       0       0       0       0       0       0       0
Total ram usage:      136 bytes
 Hardware stack levels used:    1
 Hardware stack levels required when called:    2
 This function calls:
		_convert
		_milliSecondDelay
 This function is called by:
		_main
 This function uses a non-reentrant model


 *************** function _milliSecondDelay *****************
 Defined at:
		line 90 in file "Lab02.c"
 Parameters:    Size  Location     Type
  ms              2    4[COMRAM] unsigned short 
 Auto vars:     Size  Location     Type
  i               2    6[COMRAM] unsigned short 
 Return value:  Size  Location     Type
                  1    wreg      void 
 Registers used:
		wreg, status,2, status,0, cstack
 Tracked objects:
		On entry : 
		On exit  : 
		Unchanged: 
 Data sizes:     COMRAM   BANK0   BANK1   BANK2   BANK3   BANK4   BANK5   BANK6   BANK7   BANK8   BANK9  BANK10  BANK11  BANK12  BANK13  BANK14  BANK15
      Params:         2       0       0       0       0       0       0       0       0       0       0       0       0       0       0       0       0
      Locals:         2       0       0       0       0       0       0       0       0       0       0       0       0       0       0       0       0
      Temps:          0       0       0       0       0       0       0       0       0       0       0       0       0       0       0       0       0
      Totals:         4       0       0       0       0       0       0       0       0       0       0       0       0       0       0       0       0
Total ram usage:        4 bytes
 Hardware stack levels used:    1
 Hardware stack levels required when called:    1
 This function calls:
		_microSecondDelay
 This function is called by:
		_blink
 This function uses a non-reentrant model


 *************** function _microSecondDelay *****************
 Defined at:
		line 80 in file "Lab02.c"
 Parameters:    Size  Location     Type
  us              2    0[COMRAM] unsigned short 
 Auto vars:     Size  Location     Type
  i               2    2[COMRAM] unsigned short 
 Return value:  Size  Location     Type
                  1    wreg      void 
 Registers used:
		wreg, status,2, status,0
 Tracked objects:
		On entry : 
		On exit  : 
		Unchanged: 
 Data sizes:     COMRAM   BANK0   BANK1   BANK2   BANK3   BANK4   BANK5   BANK6   BANK7   BANK8   BANK9  BANK10  BANK11  BANK12  BANK13  BANK14  BANK15
      Params:         2       0       0       0       0       0       0       0       0       0       0       0       0       0       0       0       0
      Locals:         2       0       0       0       0       0       0       0       0       0       0       0       0       0       0       0       0
      Temps:          0       0       0       0       0       0       0       0       0       0       0       0       0       0       0       0       0
      Totals:         4       0       0       0       0       0       0       0       0       0       0       0       0       0       0       0       0
Total ram usage:        4 bytes
 Hardware stack levels used:    1
 This function calls:
		Nothing
 This function is called by:
		_milliSecondDelay
 This function uses a non-reentrant model


 *************** function _convert *****************
 Defined at:
		line 96 in file "Lab02.c"
 Parameters:    Size  Location     Type
  letter          1    wreg     unsigned char 
 Auto vars:     Size  Location     Type
  letter          1    0[COMRAM] unsigned char 
  num             1    1[COMRAM] unsigned char 
 Return value:  Size  Location     Type
                  1    wreg      unsigned char 
 Registers used:
		wreg, status,2, status,0
 Tracked objects:
		On entry : 
		On exit  : 
		Unchanged: 
 Data sizes:     COMRAM   BANK0   BANK1   BANK2   BANK3   BANK4   BANK5   BANK6   BANK7   BANK8   BANK9  BANK10  BANK11  BANK12  BANK13  BANK14  BANK15
      Params:         0       0       0       0       0       0       0       0       0       0       0       0       0       0       0       0       0
      Locals:         2       0       0       0       0       0       0       0       0       0       0       0       0       0       0       0       0
      Temps:          0       0       0       0       0       0       0       0       0       0       0       0       0       0       0       0       0
      Totals:         2       0       0       0       0       0       0       0       0       0       0       0       0       0       0       0       0
Total ram usage:        2 bytes
 Hardware stack levels used:    1
 This function calls:
		Nothing
 This function is called by:
		_blink
 This function uses a non-reentrant model



MODULE INFORMATION

Module		Function		Class		Link	Load	Size
Lab02.c
		_main          		CODE           	FE0C	0000	99
		_initpic       		CODE           	FD1A	0000	21
		_milliSecondDelay		CODE           	FD92	0000	53
		_convert       		CODE           	FD2E	0000	51
		_blink         		CODE           	FEF0	0000	273
		_microSecondDelay		CODE           	FD60	0000	51

Lab02.c estimated size: 548

shared
		__initialization		CODE           	FDC6	0000	65

shared estimated size: 65

