Microchip MPLAB XC8 Compiler V2.20

Linker command line:

-W-3 --edf=C:\Program Files\Microchip\xc8\v2.20\pic\dat\en_msgs.txt -cn \
  -h+dist/default/production\Lab5.X.production.sym \
  --cmf=dist/default/production\Lab5.X.production.cmf -z -Q18F26K22 \
  -oC:\Users\BRYCEG~1\AppData\Local\Temp\skos.2 --defsym=__MPLAB_BUILD=1 \
  -Mdist/default/production/Lab5.X.production.map -E1 -ver=XC8 Compiler \
  --acfsm=1493 -ASTACK=0EFh-0F37h -pstack=STACK -ACODE=00h-0FFFFh \
  -ACONST=00h-0FFFFh -ASMALLCONST=01000h-010FFhx240 \
  -AMEDIUMCONST=01000h-0FFFFh -ACOMRAM=01h-05Fh -AABS1=00h-0F37h \
  -ABIGRAM=01h-0F37h -ARAM=060h-0FFh,0100h-01FFhx14,0F00h-0F37h \
  -ABANK0=060h-0FFh -ABANK1=0100h-01FFh -ABANK2=0200h-02FFh \
  -ABANK3=0300h-03FFh -ABANK4=0400h-04FFh -ABANK5=0500h-05FFh \
  -ABANK6=0600h-06FFh -ABANK7=0700h-07FFh -ABANK8=0800h-08FFh \
  -ABANK9=0900h-09FFh -ABANK10=0A00h-0AFFh -ABANK11=0B00h-0BFFh \
  -ABANK12=0C00h-0CFFh -ABANK13=0D00h-0DFFh -ABANK14=0E00h-0EFFh \
  -ABANK15=0F00h-0F37h -ASFR=0F38h-0F5Fh,0F60h-0FFFh \
  -ACONFIG=0300000h-030000Dh -AIDLOC=0200000h-0200007h \
  -preset_vec=00h,intcode=08h,intcodelo,powerup,init -pramtop=01000h \
  -psmallconst=SMALLCONST -pmediumconst=MEDIUMCONST -pconst=CONST \
  -AFARRAM=00h-00h -AEEDATA=0F00000h-0F003FFh -peeprom_data=EEDATA \
  -prdata=COMRAM,nvrram=COMRAM,nvbit=COMRAM,rbss=COMRAM,rbit=COMRAM \
  -pfarbss=FARRAM,fardata=FARRAM,nvFARRAM=FARRAM \
  -pintsave_regs=BIGRAM,bigbss=BIGRAM,bigdata=BIGRAM -pbss=RAM \
  -pidata=CODE,irdata=CODE,ibigdata=CODE,ifardata=CODE -prparam=COMRAM \
  C:\Users\BRYCEG~1\AppData\Local\Temp\skos.o \
  dist/default/production\Lab5.X.production.o 

Object code version is 3.11

Machine type is 18F26K22



                Name                               Link     Load   Length Selector   Space Scale
C:\Users\BRYCEG~1\AppData\Local\Temp\skos.o
                idloc                            200000   200000        8        0       5
                config                           300000   300000        E        0       4
                init                                 5E       5E        4        4       0
                reset_vec                             0        0        4        0       0
dist/default/production\Lab5.X.production.o
                intcode                               8        8       56        4       0
                idloc                            200000   200000        8        0       5
                config                           300000   300000        E        0       4
                temp                                 52       52        1        1       1
                mediumconst                        FDE4     FDE4      21C     7EF2       0
                text42                             1260     1260        A        4       0
                text41                             107E     107E       30        4       0
                text40                             104E     104E       30        4       0
                text39                              FBC      FBC       32        4       0
                text38                              A18      A18       EC        4       0
                text37                             126E     126E        2        4       0
                text36                              EE8      EE8       38        4       0
                text34                             101E     101E       30        4       0
                text33                              FEE      FEE       30        4       0
                text32                              F8A      F8A       32        4       0
                text31                             112A     112A       28        4       0
                text30                             120A     120A       14        4       0
                text29                             11B8     11B8       20        4       0
                text28                             1198     1198       20        4       0
                text27                             1178     1178       20        4       0
                text26                             1256     1256        A        4       0
                text25                             124C     124C        A        4       0
                text24                             1242     1242        A        4       0
                text23                              DFE      DFE       3E        4       0
                text22                             126A     126A        4        4       0
                text21                             11D8     11D8       1C        4       0
                text20                             10AE     10AE       2C        4       0
                text19                             1238     1238        A        4       0
                text18                              F56      F56       34        4       0
                text17                             121E     121E       10        4       0
                text16                             1152     1152       26        4       0
                text15                             11F4     11F4       16        4       0
                text14                             122E     122E        A        4       0
                text13                              BC6      BC6       96        4       0
                text12                              D78      D78       44        4       0
                text11                              F20      F20       36        4       0
                text10                              B04      B04       C2        4       0
                text9                               D1E      D1E       5A        4       0
                text8                               E3C      E3C       3C        4       0
                text7                               EB0      EB0       38        4       0
                text6                               E78      E78       38        4       0
                text5                               CC0      CC0       5E        4       0
                text4                               4E8      4E8      2DA        4       0
                text3                               7C2      7C2      256        4       0
                text2                               C5C      C5C       64        4       0
                text1                              1102     1102       28        4       0
                text0                                62       62      486        4       0
                cstackCOMRAM                          1        1       46        1       1
                cstackBANK0                          60       60       38       60       1
                dataBANK0                            C7       C7       28       60       1
                bssBANK0                             98       98       2F       60       1
                bssCOMRAM                            47       47        B        1       1
                cinit                               DBC      DBC       42        4       0
                idataBANK0                         10DA     10DA       28        4       0

TOTAL           Name                               Link     Load   Length     Space
        CLASS   STACK          

        CLASS   CODE           
                intcode                               8        8       56         0
                init                                 5E       5E        4         0
                reset_vec                             0        0        4         0
                text42                             1260     1260        A         0
                text41                             107E     107E       30         0
                text40                             104E     104E       30         0
                text39                              FBC      FBC       32         0
                text38                              A18      A18       EC         0
                text37                             126E     126E        2         0
                text36                              EE8      EE8       38         0
                text34                             101E     101E       30         0
                text33                              FEE      FEE       30         0
                text32                              F8A      F8A       32         0
                text31                             112A     112A       28         0
                text30                             120A     120A       14         0
                text29                             11B8     11B8       20         0
                text28                             1198     1198       20         0
                text27                             1178     1178       20         0
                text26                             1256     1256        A         0
                text25                             124C     124C        A         0
                text24                             1242     1242        A         0
                text23                              DFE      DFE       3E         0
                text22                             126A     126A        4         0
                text21                             11D8     11D8       1C         0
                text20                             10AE     10AE       2C         0
                text19                             1238     1238        A         0
                text18                              F56      F56       34         0
                text17                             121E     121E       10         0
                text16                             1152     1152       26         0
                text15                             11F4     11F4       16         0
                text14                             122E     122E        A         0
                text13                              BC6      BC6       96         0
                text12                              D78      D78       44         0
                text11                              F20      F20       36         0
                text10                              B04      B04       C2         0
                text9                               D1E      D1E       5A         0
                text8                               E3C      E3C       3C         0
                text7                               EB0      EB0       38         0
                text6                               E78      E78       38         0
                text5                               CC0      CC0       5E         0
                text4                               4E8      4E8      2DA         0
                text3                               7C2      7C2      256         0
                text2                               C5C      C5C       64         0
                text1                              1102     1102       28         0
                text0                                62       62      486         0
                cinit                               DBC      DBC       42         0
                idataBANK0                         10DA     10DA       28         0

        CLASS   CONST          

        CLASS   SMALLCONST     

        CLASS   MEDIUMCONST    
                mediumconst                        FDE4     FDE4      21C         0

        CLASS   COMRAM         
                temp                                 52       52        1         1
                cstackCOMRAM                          1        1       46         1
                bssCOMRAM                            47       47        B         1

        CLASS   ABS1           

        CLASS   BIGRAM         

        CLASS   RAM            

        CLASS   BANK0          
                cstackBANK0                          60       60       38         1
                dataBANK0                            C7       C7       28         1
                bssBANK0                             98       98       2F         1

        CLASS   BANK1          

        CLASS   BANK2          

        CLASS   BANK3          

        CLASS   BANK4          

        CLASS   BANK5          

        CLASS   BANK6          

        CLASS   BANK7          

        CLASS   BANK8          

        CLASS   BANK9          

        CLASS   BANK10         

        CLASS   BANK11         

        CLASS   BANK12         

        CLASS   BANK13         

        CLASS   BANK14         

        CLASS   BANK15         

        CLASS   SFR            

        CLASS   CONFIG         
                config                           300000   300000        E         4

        CLASS   IDLOC          
                idloc                            200000   200000        8         5

        CLASS   FARRAM         

        CLASS   EEDATA         



SEGMENTS        Name                           Load    Length   Top    Selector   Space  Class

                reset_vec                      000000  000004  000004         0       0  CODE    
                cstackCOMRAM                   000001  000052  000053         1       1  COMRAM  
                intcode                        000008  001268  001270         4       0  CODE    
                cstackBANK0                    000060  00008F  0000EF        60       1  BANK0   
                mediumconst                    00FDE4  00021C  010000      7EF2       0  MEDIUMCO


UNUSED ADDRESS RANGES

        Name                Unused          Largest block    Delta
        BANK0            0000EF-0000FF               11
        BANK1            000100-0001FF              100
        BANK10           000A00-000AFF              100
        BANK11           000B00-000BFF              100
        BANK12           000C00-000CFF              100
        BANK13           000D00-000DFF              100
        BANK14           000E00-000EFF              100
        BANK15           000F00-000F37               38
        BANK2            000200-0002FF              100
        BANK3            000300-0003FF              100
        BANK4            000400-0004FF              100
        BANK5            000500-0005FF              100
        BANK6            000600-0006FF              100
        BANK7            000700-0007FF              100
        BANK8            000800-0008FF              100
        BANK9            000900-0009FF              100
        BIGRAM           000053-00005F                D
                         0000EF-000F37              E49
        CODE             000004-000007                4
                         001270-00FDE3             EB74
        COMRAM           000053-00005F                D
        CONST            000004-000007                4
                         001270-00FDE3             EB74
        EEDATA           F00000-F003FF              400
        MEDIUMCONST      001270-00FDE3             EB74
        RAM              0000EF-000F37              100
        SFR              000F38-000FFF               28
        SMALLCONST       001270-00FDE3              100
        STACK            0000EF-000F37              E49

                                  Symbol Table

?_ctoa                                          cstackCOMRAM 00002A
?_isalpha                                       cstackCOMRAM 00000D
?_islower                                       cstackCOMRAM 00000D
?_isupper                                       cstackCOMRAM 00000D
?_pad                                           cstackCOMRAM 00001F
?_printf                                        cstackBANK0  000089
?_strlen                                        cstackCOMRAM 00000D
?_toupper                                       cstackCOMRAM 000013
?_vfpfcnvrt                                     cstackBANK0  000074
?_vfprintf                                      cstackBANK0  000083
?_xtoa                                          cstackCOMRAM 00002A
EPWM1_LoadDutyValue@dutyValue                   cstackCOMRAM 00000D
EPWM2_LoadDutyValue@dutyValue                   cstackCOMRAM 00000D
EPWM3_LoadDutyValue@dutyValue                   cstackCOMRAM 00000D
EUSART1_SetErrorHandler@interruptHandler        cstackCOMRAM 00000D
EUSART1_SetFramingErrorHandler@interruptHandler cstackCOMRAM 00000D
EUSART1_SetOverrunErrorHandler@interruptHandler cstackCOMRAM 00000D
EUSART1_Write@txData                            cstackCOMRAM 00000D
TMR0_SetInterruptHandler@InterruptHandler       cstackCOMRAM 00000D
TMR0_WriteTimer@timerVal                        cstackCOMRAM 000001
_ANSELA                                         (abs)        000F38
_ANSELB                                         (abs)        000F39
_ANSELC                                         (abs)        000F3A
_BAUDCON1                                       (abs)        000FB8
_CCP1CON                                        (abs)        000FBD
_CCP2CON                                        (abs)        000F66
_CCP3CON                                        (abs)        000F5D
_CCPR1H                                         (abs)        000FBF
_CCPR1L                                         (abs)        000FBE
_CCPR2H                                         (abs)        000F68
_CCPR2L                                         (abs)        000F67
_CCPR3H                                         (abs)        000F5F
_CCPR3L                                         (abs)        000F5E
_CCPTMRS0bits                                   (abs)        000F49
_ECCP1AS                                        (abs)        000FB6
_ECCP2AS                                        (abs)        000F64
_ECCP3AS                                        (abs)        000F5B
_EPWM1_Initialize                               text29       0011B8
_EPWM1_LoadDutyValue                            text34       00101E
_EPWM2_Initialize                               text28       001198
_EPWM2_LoadDutyValue                            text33       000FEE
_EPWM3_Initialize                               text27       001178
_EPWM3_LoadDutyValue                            text32       000F8A
_EUSART1_DefaultErrorHandler                    (abs)        000000
_EUSART1_DefaultFramingErrorHandler             (abs)        000000
_EUSART1_DefaultOverrunErrorHandler             (abs)        000000
_EUSART1_ErrorHandler                           bssBANK0     00009E
_EUSART1_FramingErrorHandler                    bssBANK0     0000A2
_EUSART1_Initialize                             text23       000DFE
_EUSART1_OverrunErrorHandler                    bssBANK0     0000A0
_EUSART1_Read                                   text31       00112A
_EUSART1_SetErrorHandler                        text26       001256
_EUSART1_SetFramingErrorHandler                 text25       00124C
_EUSART1_SetOverrunErrorHandler                 text24       001242
_EUSART1_Write                                  text15       0011F4
_EUSART1_is_rx_ready                            text30       00120A
_INTCON2bits                                    (abs)        000FF1
_INTCONbits                                     (abs)        000FF2
_INTERRUPT_Initialize                           text22       00126A
_INTERRUPT_InterruptManager                     intcode      000008
_LATA                                           (abs)        000F89
_LATB                                           (abs)        000F8A
_LATC                                           (abs)        000F8B
_OSCCON                                         (abs)        000FD3
_OSCCON2                                        (abs)        000FD2
_OSCILLATOR_Initialize                          text21       0011D8
_OSCTUNE                                        (abs)        000F9B
_PIN_MANAGER_Initialize                         text20       0010AE
_PIR1bits                                       (abs)        000F9E
_PLLRDY                                         (abs)        007E97
_PR2                                            (abs)        000FBB
_PSTR1CON                                       (abs)        000FB9
_PSTR2CON                                       (abs)        000F63
_PSTR3CON                                       (abs)        000F5A
_PWM1CON                                        (abs)        000FB7
_PWM2CON                                        (abs)        000F65
_PWM3CON                                        (abs)        000F5C
_RCONbits                                       (abs)        000FD0
_RCREG1                                         (abs)        000FAE
_RCSTA1                                         (abs)        000FAB
_RCSTA1bits                                     (abs)        000FAB
_SPBRG1                                         (abs)        000FAF
_SPBRGH1                                        (abs)        000FB0
_SYSTEM_Initialize                              text16       001152
_T0CON                                          (abs)        000FD5
_T0CONbits                                      (abs)        000FD5
_T2CON                                          (abs)        000FBA
_T2CONbits                                      (abs)        000FBA
_TMR0H                                          (abs)        000FD7
_TMR0L                                          (abs)        000FD6
_TMR0_DefaultInterruptHandler                   text37       00126E
_TMR0_ISR                                       text36       000EE8
_TMR0_Initialize                                text18       000F56
_TMR0_InterruptHandler                          bssBANK0     0000A4
_TMR0_SetInterruptHandler                       text19       001238
_TMR0_WriteTimer                                text42       001260
_TMR2                                           (abs)        000FBC
_TMR2_Initialize                                text17       00121E
_TRISA                                          (abs)        000F92
_TRISB                                          (abs)        000F93
_TRISC                                          (abs)        000F94
_TXREG1                                         (abs)        000FAD
_TXSTA1                                         (abs)        000FAC
_TXSTA1bits                                     (abs)        000FAC
_WPUB                                           (abs)        000F61
__HRAM                                          (abs)        000000
__Habs1                                         abs1         000000
__Hbank0                                        bank0        000000
__Hbank1                                        bank1        000000
__Hbank10                                       bank10       000000
__Hbank11                                       bank11       000000
__Hbank12                                       bank12       000000
__Hbank13                                       bank13       000000
__Hbank14                                       bank14       000000
__Hbank15                                       bank15       000000
__Hbank2                                        bank2        000000
__Hbank3                                        bank3        000000
__Hbank4                                        bank4        000000
__Hbank5                                        bank5        000000
__Hbank6                                        bank6        000000
__Hbank7                                        bank7        000000
__Hbank8                                        bank8        000000
__Hbank9                                        bank9        000000
__Hbigbss                                       bigbss       000000
__Hbigdata                                      bigdata      000000
__Hbigram                                       bigram       000000
__Hbss                                          bss          000000
__HbssBANK0                                     bssBANK0     000000
__HbssCOMRAM                                    bssCOMRAM    000000
__Hcinit                                        cinit        000000
__Hclrtext                                      clrtext      000000
__Hcomram                                       comram       000000
__Hconfig                                       config       30000E
__Hconst                                        const        000000
__HcstackBANK0                                  cstackBANK0  000000
__HcstackCOMRAM                                 cstackCOMRAM 000000
__Hdata                                         data         000000
__HdataBANK0                                    dataBANK0    000000
__Heeprom_data                                  eeprom_data  000000
__Hfarbss                                       farbss       000000
__Hfardata                                      fardata      000000
__Hibigdata                                     ibigdata     000000
__Hidata                                        idata        000000
__HidataBANK0                                   idataBANK0   000000
__Hidloc                                        idloc        200008
__Hifardata                                     ifardata     000000
__Hinit                                         init         000062
__Hintcode                                      intcode      00005E
__Hintcode_body                                 intcode_body 000000
__Hintcodelo                                    intcodelo    00005E
__Hintentry                                     intentry     000000
__Hintret                                       intret       000000
__Hintsave_regs                                 intsave_regs 000000
__Hirdata                                       irdata       000000
__Hmediumconst                                  mediumconst  010000
__HnvFARRAM                                     nvFARRAM     000000
__Hnvbit                                        nvbit        000000
__Hnvrram                                       nvrram       000000
__Hparam                                        rparam       000000
__Hpowerup                                      powerup      00005E
__Hram                                          ram          000000
__Hramtop                                       ramtop       001000
__Hrbit                                         rbit         000000
__Hrbss                                         rbss         000000
__Hrdata                                        rdata        000000
__Hreset_vec                                    reset_vec    000004
__Hrparam                                       rparam       000000
__Hsfr                                          sfr          000000
__Hsmallconst                                   smallconst   000000
__Hspace_0                                      (abs)        010000
__Hspace_1                                      (abs)        0000EF
__Hspace_2                                      (abs)        000000
__Hspace_4                                      (abs)        60000E
__Hstack                                        stack        000000
__Hstruct                                       struct       000000
__Htemp                                         temp         000053
__Htext                                         text         000000
__Htext0                                        text0        000000
__Htext1                                        text1        000000
__Htext10                                       text10       000000
__Htext11                                       text11       000000
__Htext12                                       text12       000000
__Htext13                                       text13       000000
__Htext14                                       text14       000000
__Htext15                                       text15       000000
__Htext16                                       text16       000000
__Htext17                                       text17       000000
__Htext18                                       text18       000000
__Htext19                                       text19       000000
__Htext2                                        text2        000000
__Htext20                                       text20       000000
__Htext21                                       text21       000000
__Htext22                                       text22       000000
__Htext23                                       text23       000000
__Htext24                                       text24       000000
__Htext25                                       text25       000000
__Htext26                                       text26       000000
__Htext27                                       text27       000000
__Htext28                                       text28       000000
__Htext29                                       text29       000000
__Htext3                                        text3        000000
__Htext30                                       text30       000000
__Htext31                                       text31       000000
__Htext32                                       text32       000000
__Htext33                                       text33       000000
__Htext34                                       text34       000000
__Htext36                                       text36       000000
__Htext37                                       text37       000000
__Htext38                                       text38       000000
__Htext39                                       text39       000000
__Htext4                                        text4        000000
__Htext40                                       text40       000000
__Htext41                                       text41       000000
__Htext42                                       text42       000000
__Htext43                                       text43       000000
__Htext5                                        text5        000000
__Htext6                                        text6        000000
__Htext7                                        text7        000000
__Htext8                                        text8        000000
__Htext9                                        text9        000000
__LRAM                                          (abs)        000001
__Labs1                                         abs1         000000
__Lbank0                                        bank0        000000
__Lbank1                                        bank1        000000
__Lbank10                                       bank10       000000
__Lbank11                                       bank11       000000
__Lbank12                                       bank12       000000
__Lbank13                                       bank13       000000
__Lbank14                                       bank14       000000
__Lbank15                                       bank15       000000
__Lbank2                                        bank2        000000
__Lbank3                                        bank3        000000
__Lbank4                                        bank4        000000
__Lbank5                                        bank5        000000
__Lbank6                                        bank6        000000
__Lbank7                                        bank7        000000
__Lbank8                                        bank8        000000
__Lbank9                                        bank9        000000
__Lbigbss                                       bigbss       000000
__Lbigdata                                      bigdata      000000
__Lbigram                                       bigram       000000
__Lbss                                          bss          000000
__LbssBANK0                                     bssBANK0     000000
__LbssCOMRAM                                    bssCOMRAM    000000
__Lcinit                                        cinit        000000
__Lclrtext                                      clrtext      000000
__Lcomram                                       comram       000000
__Lconfig                                       config       000000
__Lconst                                        const        000000
__LcstackBANK0                                  cstackBANK0  000000
__LcstackCOMRAM                                 cstackCOMRAM 000000
__Ldata                                         data         000000
__LdataBANK0                                    dataBANK0    000000
__Leeprom_data                                  eeprom_data  000000
__Lfarbss                                       farbss       000000
__Lfardata                                      fardata      000000
__Libigdata                                     ibigdata     000000
__Lidata                                        idata        000000
__LidataBANK0                                   idataBANK0   000000
__Lidloc                                        idloc        000000
__Lifardata                                     ifardata     000000
__Linit                                         init         00005E
__Lintcode                                      intcode      000008
__Lintcode_body                                 intcode_body 000000
__Lintcodelo                                    intcodelo    00005E
__Lintentry                                     intentry     000000
__Lintret                                       intret       000000
__Lintsave_regs                                 intsave_regs 000000
__Lirdata                                       irdata       000000
__Lmediumconst                                  mediumconst  00FDE4
__LnvFARRAM                                     nvFARRAM     000000
__Lnvbit                                        nvbit        000000
__Lnvrram                                       nvrram       000000
__Lparam                                        rparam       000000
__Lpowerup                                      powerup      00005E
__Lram                                          ram          000000
__Lramtop                                       ramtop       001000
__Lrbit                                         rbit         000000
__Lrbss                                         rbss         000000
__Lrdata                                        rdata        000000
__Lreset_vec                                    reset_vec    000000
__Lrparam                                       rparam       000000
__Lsfr                                          sfr          000000
__Lsmallconst                                   smallconst   000000
__Lspace_0                                      (abs)        000000
__Lspace_1                                      (abs)        000000
__Lspace_2                                      (abs)        000000
__Lspace_4                                      (abs)        000000
__Lstack                                        stack        000000
__Lstruct                                       struct       000000
__Ltemp                                         temp         000052
__Ltext                                         text         000000
__Ltext0                                        text0        000000
__Ltext1                                        text1        000000
__Ltext10                                       text10       000000
__Ltext11                                       text11       000000
__Ltext12                                       text12       000000
__Ltext13                                       text13       000000
__Ltext14                                       text14       000000
__Ltext15                                       text15       000000
__Ltext16                                       text16       000000
__Ltext17                                       text17       000000
__Ltext18                                       text18       000000
__Ltext19                                       text19       000000
__Ltext2                                        text2        000000
__Ltext20                                       text20       000000
__Ltext21                                       text21       000000
__Ltext22                                       text22       000000
__Ltext23                                       text23       000000
__Ltext24                                       text24       000000
__Ltext25                                       text25       000000
__Ltext26                                       text26       000000
__Ltext27                                       text27       000000
__Ltext28                                       text28       000000
__Ltext29                                       text29       000000
__Ltext3                                        text3        000000
__Ltext30                                       text30       000000
__Ltext31                                       text31       000000
__Ltext32                                       text32       000000
__Ltext33                                       text33       000000
__Ltext34                                       text34       000000
__Ltext36                                       text36       000000
__Ltext37                                       text37       000000
__Ltext38                                       text38       000000
__Ltext39                                       text39       000000
__Ltext4                                        text4        000000
__Ltext40                                       text40       000000
__Ltext41                                       text41       000000
__Ltext42                                       text42       000000
__Ltext43                                       text43       000000
__Ltext5                                        text5        000000
__Ltext6                                        text6        000000
__Ltext7                                        text7        000000
__Ltext8                                        text8        000000
__Ltext9                                        text9        000000
__S0                                            (abs)        010000
__S1                                            (abs)        0000EF
__S2                                            (abs)        000000
__S4                                            (abs)        000000
__S5                                            (abs)        000000
___inthi_sp                                     stack        000000
___intlo_sp                                     stack        000000
___param_bank                                   (abs)        000000
___rparam_used                                  (abs)        000001
___sp                                           stack        000000
__accesstop                                     (abs)        000060
__activetblptr                                  (abs)        000003
__end_of_EPWM1_Initialize                       text29       0011D8
__end_of_EPWM1_LoadDutyValue                    text34       00104E
__end_of_EPWM2_Initialize                       text28       0011B8
__end_of_EPWM2_LoadDutyValue                    text33       00101E
__end_of_EPWM3_Initialize                       text27       001198
__end_of_EPWM3_LoadDutyValue                    text32       000FBC
__end_of_EUSART1_Initialize                     text23       000E3C
__end_of_EUSART1_Read                           text31       001152
__end_of_EUSART1_SetErrorHandler                text26       001260
__end_of_EUSART1_SetFramingErrorHandler         text25       001256
__end_of_EUSART1_SetOverrunErrorHandler         text24       00124C
__end_of_EUSART1_Write                          text15       00120A
__end_of_EUSART1_is_rx_ready                    text30       00121E
__end_of_INTERRUPT_Initialize                   text22       00126E
__end_of_INTERRUPT_InterruptManager             intcode      00005E
__end_of_OSCILLATOR_Initialize                  text21       0011F4
__end_of_PIN_MANAGER_Initialize                 text20       0010DA
__end_of_SYSTEM_Initialize                      text16       001178
__end_of_TMR0_DefaultInterruptHandler           text37       001270
__end_of_TMR0_ISR                               text36       000F20
__end_of_TMR0_Initialize                        text18       000F8A
__end_of_TMR0_SetInterruptHandler               text19       001242
__end_of_TMR0_WriteTimer                        text42       00126A
__end_of_TMR2_Initialize                        text17       00122E
__end_of__initialization                        cinit        000DF4
__end_of_ctoa                                   text9        000D78
__end_of_fputc                                  text13       000C5C
__end_of_fputs                                  text12       000DBC
__end_of_isalpha                                text8        000E78
__end_of_islower                                text6        000EB0
__end_of_isupper                                text7        000EE8
__end_of_main                                   text0        0004E8
__end_of_myTMR0ISR                              text38       000B04
__end_of_pad                                    text10       000BC6
__end_of_printf                                 text1        00112A
__end_of_putch                                  text14       001238
__end_of_strlen                                 text11       000F56
__end_of_toupper                                text5        000D1E
__end_of_vfpfcnvrt                              text3        000A18
__end_of_vfprintf                               text2        000CC0
__end_of_xtoa                                   text4        0007C2
__end_ofi2_EPWM1_LoadDutyValue                  text41       0010AE
__end_ofi2_EPWM2_LoadDutyValue                  text40       00107E
__end_ofi2_EPWM3_LoadDutyValue                  text39       000FEE
__initialization                                cinit        000DBC
__mediumconst                                   mediumconst  00FDE4
__pbssBANK0                                     bssBANK0     000098
__pbssCOMRAM                                    bssCOMRAM    000047
__pcinit                                        cinit        000DBC
__pcstackBANK0                                  cstackBANK0  000060
__pcstackCOMRAM                                 cstackCOMRAM 000001
__pdataBANK0                                    dataBANK0    0000C7
__pidataBANK0                                   idataBANK0   0010DA
__pintcode                                      intcode      000008
__pmediumconst                                  mediumconst  00FDE4
__ptext0                                        text0        000062
__ptext1                                        text1        001102
__ptext10                                       text10       000B04
__ptext11                                       text11       000F20
__ptext12                                       text12       000D78
__ptext13                                       text13       000BC6
__ptext14                                       text14       00122E
__ptext15                                       text15       0011F4
__ptext16                                       text16       001152
__ptext17                                       text17       00121E
__ptext18                                       text18       000F56
__ptext19                                       text19       001238
__ptext2                                        text2        000C5C
__ptext20                                       text20       0010AE
__ptext21                                       text21       0011D8
__ptext22                                       text22       00126A
__ptext23                                       text23       000DFE
__ptext24                                       text24       001242
__ptext25                                       text25       00124C
__ptext26                                       text26       001256
__ptext27                                       text27       001178
__ptext28                                       text28       001198
__ptext29                                       text29       0011B8
__ptext3                                        text3        0007C2
__ptext30                                       text30       00120A
__ptext31                                       text31       00112A
__ptext32                                       text32       000F8A
__ptext33                                       text33       000FEE
__ptext34                                       text34       00101E
__ptext36                                       text36       000EE8
__ptext37                                       text37       00126E
__ptext38                                       text38       000A18
__ptext39                                       text39       000FBC
__ptext4                                        text4        0004E8
__ptext40                                       text40       00104E
__ptext41                                       text41       00107E
__ptext42                                       text42       001260
__ptext43                                       text43       000000
__ptext5                                        text5        000CC0
__ptext6                                        text6        000E78
__ptext7                                        text7        000EB0
__ptext8                                        text8        000E3C
__ptext9                                        text9        000D1E
__ramtop                                        ramtop       001000
__size_of_EPWM1_Initialize                      (abs)        000000
__size_of_EPWM1_LoadDutyValue                   (abs)        000000
__size_of_EPWM2_Initialize                      (abs)        000000
__size_of_EPWM2_LoadDutyValue                   (abs)        000000
__size_of_EPWM3_Initialize                      (abs)        000000
__size_of_EPWM3_LoadDutyValue                   (abs)        000000
__size_of_EUSART1_Initialize                    (abs)        000000
__size_of_EUSART1_Read                          (abs)        000000
__size_of_EUSART1_SetErrorHandler               (abs)        000000
__size_of_EUSART1_SetFramingErrorHandler        (abs)        000000
__size_of_EUSART1_SetOverrunErrorHandler        (abs)        000000
__size_of_EUSART1_Write                         (abs)        000000
__size_of_EUSART1_is_rx_ready                   (abs)        000000
__size_of_INTERRUPT_Initialize                  (abs)        000000
__size_of_INTERRUPT_InterruptManager            (abs)        000000
__size_of_OSCILLATOR_Initialize                 (abs)        000000
__size_of_PIN_MANAGER_Initialize                (abs)        000000
__size_of_SYSTEM_Initialize                     (abs)        000000
__size_of_TMR0_DefaultInterruptHandler          (abs)        000000
__size_of_TMR0_ISR                              (abs)        000000
__size_of_TMR0_Initialize                       (abs)        000000
__size_of_TMR0_SetInterruptHandler              (abs)        000000
__size_of_TMR0_WriteTimer                       (abs)        000000
__size_of_TMR2_Initialize                       (abs)        000000
__size_of_ctoa                                  (abs)        000000
__size_of_fputc                                 (abs)        000000
__size_of_fputs                                 (abs)        000000
__size_of_isalpha                               (abs)        000000
__size_of_islower                               (abs)        000000
__size_of_isupper                               (abs)        000000
__size_of_main                                  (abs)        000000
__size_of_myTMR0ISR                             (abs)        000000
__size_of_pad                                   (abs)        000000
__size_of_printf                                (abs)        000000
__size_of_putch                                 (abs)        000000
__size_of_strlen                                (abs)        000000
__size_of_toupper                               (abs)        000000
__size_of_vfpfcnvrt                             (abs)        000000
__size_of_vfprintf                              (abs)        000000
__size_of_xtoa                                  (abs)        000000
__size_ofi2_EPWM1_LoadDutyValue                 (abs)        000000
__size_ofi2_EPWM2_LoadDutyValue                 (abs)        000000
__size_ofi2_EPWM3_LoadDutyValue                 (abs)        000000
__smallconst                                    smallconst   000000
_colorTour                                      bssBANK0     0000A6
_ctoa                                           text9        000D1E
_dbuf                                           bssBANK0     0000A7
_deltaBlu                                       dataBANK0    0000C7
_deltaGre                                       dataBANK0    0000CD
_deltaRed                                       dataBANK0    0000D3
_eusart1RxLastError                             bssCOMRAM    000051
_flags                                          bssCOMRAM    00004B
_fputc                                          text13       000BC6
_fputs                                          text12       000D78
_initBlu                                        dataBANK0    0000D9
_initGre                                        dataBANK0    0000DF
_initRed                                        dataBANK0    0000E5
_isalpha                                        text8        000E3C
_islower                                        text6        000E78
_isupper                                        text7        000EB0
_main                                           text0        000062
_myTMR0ISR                                      text38       000A18
_nout                                           bssBANK0     000098
_pad                                            text10       000B04
_prec                                           bssCOMRAM    000049
_printf                                         text1        001102
_putch                                          text14       00122E
_strlen                                         text11       000F20
_timer0ReloadVal                                bssCOMRAM    00004D
_timerInterval                                  dataBANK0    0000ED
_toupper                                        text5        000CC0
_toupper$1510                                   cstackCOMRAM 000019
_vfpfcnvrt                                      text3        0007C2
_vfprintf                                       text2        000C5C
_width                                          bssCOMRAM    000047
_xtoa                                           text4        0004E8
_xtoa$1433                                      cstackBANK0  000060
_xtoa$1434                                      cstackBANK0  000062
btemp                                           temp         000052
ctoa@c                                          cstackCOMRAM 00002C
ctoa@fp                                         cstackCOMRAM 00002A
ctoa@w                                          cstackCOMRAM 00002D
end_of_initialization                           cinit        000DF4
fputc@c                                         cstackCOMRAM 00000F
fputc@fp                                        cstackCOMRAM 000011
fputs@c                                         cstackCOMRAM 00001C
fputs@fp                                        cstackCOMRAM 00001A
fputs@i                                         cstackCOMRAM 00001D
fputs@s                                         cstackCOMRAM 000018
i2EPWM1_LoadDutyValue@dutyValue                 cstackCOMRAM 000001
i2EPWM2_LoadDutyValue@dutyValue                 cstackCOMRAM 000001
i2EPWM3_LoadDutyValue@dutyValue                 cstackCOMRAM 000001
i2_EPWM1_LoadDutyValue                          text41       00107E
i2_EPWM2_LoadDutyValue                          text40       00104E
i2_EPWM3_LoadDutyValue                          text39       000FBC
int$flags                                       temp         000052
intlevel0                                       text         000000
intlevel1                                       text         000000
intlevel2                                       text         000000
intlevel3                                       text         000000
isalpha@c                                       cstackCOMRAM 00000D
islower@c                                       cstackCOMRAM 00000D
isupper@c                                       cstackCOMRAM 00000D
main@cmd                                        cstackBANK0  00008F
main@dutyBlu                                    cstackBANK0  000096
main@dutyGre                                    cstackBANK0  000094
main@dutyRed                                    cstackBANK0  000092
main@i                                          cstackBANK0  000090
main@i_898                                      cstackBANK0  000091
myTMR0ISR@bluVal                                dataBANK0    0000EB
myTMR0ISR@edge                                  bssCOMRAM    00004F
myTMR0ISR@greVal                                bssBANK0     00009A
myTMR0ISR@redVal                                bssBANK0     00009C
myTMR0ISR@step                                  bssCOMRAM    000050
pad@buf                                         cstackCOMRAM 000021
pad@fp                                          cstackCOMRAM 00001F
pad@i                                           cstackCOMRAM 000026
pad@p                                           cstackCOMRAM 000023
pad@w                                           cstackCOMRAM 000028
printf@ap                                       cstackCOMRAM 000045
printf@fmt                                      cstackBANK0  000089
putch@txData                                    cstackCOMRAM 00000E
stackhi                                         (abs)        000F37
stacklo                                         (abs)        0000EF
start                                           init         00005E
start_initialization                            cinit        000DBC
strlen@a                                        cstackCOMRAM 00000F
strlen@s                                        cstackCOMRAM 00000D
toupper@c                                       cstackCOMRAM 000013
ttemp5                                          temp         000053
ttemp6                                          temp         000056
ttemp7                                          temp         00005A
vfpfcnvrt@ap                                    cstackBANK0  000078
vfpfcnvrt@c                                     cstackBANK0  000082
vfpfcnvrt@fmt                                   cstackBANK0  000076
vfpfcnvrt@fp                                    cstackBANK0  000074
vfpfcnvrt@llu                                   cstackBANK0  00007A
vfprintf@ap                                     cstackBANK0  000087
vfprintf@cfmt                                   cstackCOMRAM 000041
vfprintf@fmt                                    cstackBANK0  000085
vfprintf@fp                                     cstackBANK0  000083
wtemp8                                          temp         000053
xtoa@c                                          cstackBANK0  000072
xtoa@d                                          cstackCOMRAM 00002C
xtoa@fp                                         cstackCOMRAM 00002A
xtoa@i                                          cstackBANK0  000070
xtoa@n                                          cstackBANK0  000068
xtoa@p                                          cstackBANK0  000064
xtoa@w                                          cstackBANK0  000066
xtoa@x                                          cstackCOMRAM 000034


FUNCTION INFORMATION:

 *************** function _main *****************
 Defined at:
		line 55 in file "main.c"
 Parameters:    Size  Location     Type
		None
 Auto vars:     Size  Location     Type
  i               1   49[BANK0 ] unsigned char 
  i               1   48[BANK0 ] unsigned char 
  dutyBlu         2   54[BANK0 ] unsigned short 
  dutyGre         2   52[BANK0 ] unsigned short 
  dutyRed         2   50[BANK0 ] unsigned short 
  cmd             1   47[BANK0 ] unsigned char 
 Return value:  Size  Location     Type
                  1    wreg      void 
 Registers used:
		wreg, fsr1l, fsr1h, fsr2l, fsr2h, status,2, status,0, tblptrl, tblptrh, tblptru, cstack
 Tracked objects:
		On entry : 
		On exit  : 
		Unchanged: 
 Data sizes:     COMRAM   BANK0   BANK1   BANK2   BANK3   BANK4   BANK5   BANK6   BANK7   BANK8   BANK9  BANK10  BANK11  BANK12  BANK13  BANK14  BANK15
      Params:         0       0       0       0       0       0       0       0       0       0       0       0       0       0       0       0       0
      Locals:         0       9       0       0       0       0       0       0       0       0       0       0       0       0       0       0       0
      Temps:          0       2       0       0       0       0       0       0       0       0       0       0       0       0       0       0       0
      Totals:         0      11       0       0       0       0       0       0       0       0       0       0       0       0       0       0       0
Total ram usage:       11 bytes
 Hardware stack levels required when called:   13
 This function calls:
		_EPWM1_LoadDutyValue
		_EPWM2_LoadDutyValue
		_EPWM3_LoadDutyValue
		_EUSART1_Read
		_EUSART1_is_rx_ready
		_SYSTEM_Initialize
		_TMR0_SetInterruptHandler
		_printf
 This function is called by:
		Startup code after reset
 This function uses a non-reentrant model


 *************** function _printf *****************
 Defined at:
		line 5 in file "C:\Program Files\Microchip\xc8\v2.20\pic\sources\c99\common\printf.c"
 Parameters:    Size  Location     Type
  fmt             2   41[BANK0 ] PTR const unsigned char 
		 -> STR_28(17), STR_27(29), STR_26(29), STR_25(8), 
		 -> STR_24(2), STR_23(2), STR_22(33), STR_21(47), 
		 -> STR_20(18), STR_19(30), STR_18(40), STR_17(41), 
		 -> STR_16(39), STR_15(24), STR_14(21), STR_13(15), 
		 -> STR_12(33), STR_11(15), STR_10(15), STR_9(15), 
		 -> STR_8(33), STR_7(3), STR_6(19), STR_5(20), 
		 -> STR_4(18), STR_3(23), STR_2(13), STR_1(9), 
 Auto vars:     Size  Location     Type
  ap              2   68[COMRAM] PTR void [1]
		 -> ?_printf(2), 
  ret             2    0        int 
 Return value:  Size  Location     Type
                  2   41[BANK0 ] int 
 Registers used:
		wreg, fsr1l, fsr1h, fsr2l, fsr2h, status,2, status,0, tblptrl, tblptrh, tblptru, cstack
 Tracked objects:
		On entry : 
		On exit  : 
		Unchanged: 
 Data sizes:     COMRAM   BANK0   BANK1   BANK2   BANK3   BANK4   BANK5   BANK6   BANK7   BANK8   BANK9  BANK10  BANK11  BANK12  BANK13  BANK14  BANK15
      Params:         0       4       0       0       0       0       0       0       0       0       0       0       0       0       0       0       0
      Locals:         4       0       0       0       0       0       0       0       0       0       0       0       0       0       0       0       0
      Temps:          0       0       0       0       0       0       0       0       0       0       0       0       0       0       0       0       0
      Totals:         4       4       0       0       0       0       0       0       0       0       0       0       0       0       0       0       0
Total ram usage:        8 bytes
 Hardware stack levels used:    1
 Hardware stack levels required when called:   12
 This function calls:
		_vfprintf
 This function is called by:
		_main
 This function uses a non-reentrant model


 *************** function _vfprintf *****************
 Defined at:
		line 1368 in file "C:\Program Files\Microchip\xc8\v2.20\pic\sources\c99\common\doprnt.c"
 Parameters:    Size  Location     Type
  fp              2   35[BANK0 ] PTR struct _IO_FILE
		 -> NULL(0), 
  fmt             2   37[BANK0 ] PTR const unsigned char 
		 -> STR_28(17), STR_27(29), STR_26(29), STR_25(8), 
		 -> STR_24(2), STR_23(2), STR_22(33), STR_21(47), 
		 -> STR_20(18), STR_19(30), STR_18(40), STR_17(41), 
		 -> STR_16(39), STR_15(24), STR_14(21), STR_13(15), 
		 -> STR_12(33), STR_11(15), STR_10(15), STR_9(15), 
		 -> STR_8(33), STR_7(3), STR_6(19), STR_5(20), 
		 -> STR_4(18), STR_3(23), STR_2(13), STR_1(9), 
  ap              2   39[BANK0 ] PTR PTR void 
		 -> printf@ap(2), 
 Auto vars:     Size  Location     Type
  cfmt            2   64[COMRAM] PTR unsigned char 
		 -> STR_28(17), STR_27(29), STR_26(29), STR_25(8), 
		 -> STR_24(2), STR_23(2), STR_22(33), STR_21(47), 
		 -> STR_20(18), STR_19(30), STR_18(40), STR_17(41), 
		 -> STR_16(39), STR_15(24), STR_14(21), STR_13(15), 
		 -> STR_12(33), STR_11(15), STR_10(15), STR_9(15), 
		 -> STR_8(33), STR_7(3), STR_6(19), STR_5(20), 
		 -> STR_4(18), STR_3(23), STR_2(13), STR_1(9), 
 Return value:  Size  Location     Type
                  2   35[BANK0 ] int 
 Registers used:
		wreg, fsr1l, fsr1h, fsr2l, fsr2h, status,2, status,0, tblptrl, tblptrh, tblptru, cstack
 Tracked objects:
		On entry : 
		On exit  : 
		Unchanged: 
 Data sizes:     COMRAM   BANK0   BANK1   BANK2   BANK3   BANK4   BANK5   BANK6   BANK7   BANK8   BANK9  BANK10  BANK11  BANK12  BANK13  BANK14  BANK15
      Params:         0       6       0       0       0       0       0       0       0       0       0       0       0       0       0       0       0
      Locals:         2       0       0       0       0       0       0       0       0       0       0       0       0       0       0       0       0
      Temps:          0       0       0       0       0       0       0       0       0       0       0       0       0       0       0       0       0
      Totals:         2       6       0       0       0       0       0       0       0       0       0       0       0       0       0       0       0
Total ram usage:        8 bytes
 Hardware stack levels used:    1
 Hardware stack levels required when called:   11
 This function calls:
		_vfpfcnvrt
 This function is called by:
		_printf
 This function uses a non-reentrant model


 *************** function _vfpfcnvrt *****************
 Defined at:
		line 670 in file "C:\Program Files\Microchip\xc8\v2.20\pic\sources\c99\common\doprnt.c"
 Parameters:    Size  Location     Type
  fp              2   20[BANK0 ] PTR struct _IO_FILE
		 -> NULL(0), 
  fmt             2   22[BANK0 ] PTR PTR unsigned char 
		 -> vfprintf@cfmt(2), 
  ap              2   24[BANK0 ] PTR PTR void 
		 -> printf@ap(2), 
 Auto vars:     Size  Location     Type
  llu             8   26[BANK0 ] unsigned long long 
  ll              8    0        long long 
  f               4    0        long long 
  vp              3    0        PTR void 
  ct              3    0        unsigned char [3]
  cp              3    0        PTR unsigned char 
  i               2    0        int 
  done            2    0        int 
  c               1   34[BANK0 ] unsigned char 
 Return value:  Size  Location     Type
                  2   20[BANK0 ] int 
 Registers used:
		wreg, fsr1l, fsr1h, fsr2l, fsr2h, status,2, status,0, tblptrl, tblptrh, tblptru, cstack
 Tracked objects:
		On entry : 
		On exit  : 
		Unchanged: 
 Data sizes:     COMRAM   BANK0   BANK1   BANK2   BANK3   BANK4   BANK5   BANK6   BANK7   BANK8   BANK9  BANK10  BANK11  BANK12  BANK13  BANK14  BANK15
      Params:         0       6       0       0       0       0       0       0       0       0       0       0       0       0       0       0       0
      Locals:         0       9       0       0       0       0       0       0       0       0       0       0       0       0       0       0       0
      Temps:          4       0       0       0       0       0       0       0       0       0       0       0       0       0       0       0       0
      Totals:         4      15       0       0       0       0       0       0       0       0       0       0       0       0       0       0       0
Total ram usage:       19 bytes
 Hardware stack levels used:    1
 Hardware stack levels required when called:   10
 This function calls:
		_ctoa
		_fputc
		_xtoa
 This function is called by:
		_vfprintf
 This function uses a non-reentrant model


 *************** function _xtoa *****************
 Defined at:
		line 623 in file "C:\Program Files\Microchip\xc8\v2.20\pic\sources\c99\common\doprnt.c"
 Parameters:    Size  Location     Type
  fp              2   41[COMRAM] PTR struct _IO_FILE
		 -> NULL(0), 
  d               8   43[COMRAM] unsigned long long 
  x               1   51[COMRAM] unsigned char 
 Auto vars:     Size  Location     Type
  n               8    8[BANK0 ] unsigned long long 
  c               2   18[BANK0 ] int 
  i               2   16[BANK0 ] int 
  w               2    6[BANK0 ] int 
  p               2    4[BANK0 ] int 
 Return value:  Size  Location     Type
                  2   41[COMRAM] int 
 Registers used:
		wreg, fsr1l, fsr1h, fsr2l, fsr2h, status,2, status,0, cstack
 Tracked objects:
		On entry : 
		On exit  : 
		Unchanged: 
 Data sizes:     COMRAM   BANK0   BANK1   BANK2   BANK3   BANK4   BANK5   BANK6   BANK7   BANK8   BANK9  BANK10  BANK11  BANK12  BANK13  BANK14  BANK15
      Params:        11       0       0       0       0       0       0       0       0       0       0       0       0       0       0       0       0
      Locals:         0      20       0       0       0       0       0       0       0       0       0       0       0       0       0       0       0
      Temps:          8       0       0       0       0       0       0       0       0       0       0       0       0       0       0       0       0
      Totals:        19      20       0       0       0       0       0       0       0       0       0       0       0       0       0       0       0
Total ram usage:       39 bytes
 Hardware stack levels used:    1
 Hardware stack levels required when called:    9
 This function calls:
		_isalpha
		_isupper
		_pad
		_toupper
 This function is called by:
		_vfpfcnvrt
 This function uses a non-reentrant model


 *************** function _toupper *****************
 Defined at:
		line 4 in file "C:\Program Files\Microchip\xc8\v2.20\pic\sources\c99\common\toupper.c"
 Parameters:    Size  Location     Type
  c               2   18[COMRAM] int 
 Auto vars:     Size  Location     Type
		None
 Return value:  Size  Location     Type
                  2   18[COMRAM] int 
 Registers used:
		wreg, status,2, status,0
 Tracked objects:
		On entry : 
		On exit  : 
		Unchanged: 
 Data sizes:     COMRAM   BANK0   BANK1   BANK2   BANK3   BANK4   BANK5   BANK6   BANK7   BANK8   BANK9  BANK10  BANK11  BANK12  BANK13  BANK14  BANK15
      Params:         2       0       0       0       0       0       0       0       0       0       0       0       0       0       0       0       0
      Locals:         2       0       0       0       0       0       0       0       0       0       0       0       0       0       0       0       0
      Temps:          4       0       0       0       0       0       0       0       0       0       0       0       0       0       0       0       0
      Totals:         8       0       0       0       0       0       0       0       0       0       0       0       0       0       0       0       0
Total ram usage:        8 bytes
 Hardware stack levels used:    1
 Hardware stack levels required when called:    5
 This function calls:
		_islower
 This function is called by:
		_xtoa
 This function uses a non-reentrant model


 *************** function _islower *****************
 Defined at:
		line 5 in file "C:\Program Files\Microchip\xc8\v2.20\pic\sources\c99\common\islower.c"
 Parameters:    Size  Location     Type
  c               2   12[COMRAM] int 
 Auto vars:     Size  Location     Type
		None
 Return value:  Size  Location     Type
                  2   12[COMRAM] int 
 Registers used:
		wreg, status,2, status,0
 Tracked objects:
		On entry : 
		On exit  : 
		Unchanged: 
 Data sizes:     COMRAM   BANK0   BANK1   BANK2   BANK3   BANK4   BANK5   BANK6   BANK7   BANK8   BANK9  BANK10  BANK11  BANK12  BANK13  BANK14  BANK15
      Params:         2       0       0       0       0       0       0       0       0       0       0       0       0       0       0       0       0
      Locals:         0       0       0       0       0       0       0       0       0       0       0       0       0       0       0       0       0
      Temps:          4       0       0       0       0       0       0       0       0       0       0       0       0       0       0       0       0
      Totals:         6       0       0       0       0       0       0       0       0       0       0       0       0       0       0       0       0
Total ram usage:        6 bytes
 Hardware stack levels used:    1
 Hardware stack levels required when called:    4
 This function calls:
		Nothing
 This function is called by:
		_toupper
 This function uses a non-reentrant model


 *************** function _isupper *****************
 Defined at:
		line 5 in file "C:\Program Files\Microchip\xc8\v2.20\pic\sources\c99\common\isupper.c"
 Parameters:    Size  Location     Type
  c               2   12[COMRAM] int 
 Auto vars:     Size  Location     Type
		None
 Return value:  Size  Location     Type
                  2   12[COMRAM] int 
 Registers used:
		wreg, status,2, status,0
 Tracked objects:
		On entry : 
		On exit  : 
		Unchanged: 
 Data sizes:     COMRAM   BANK0   BANK1   BANK2   BANK3   BANK4   BANK5   BANK6   BANK7   BANK8   BANK9  BANK10  BANK11  BANK12  BANK13  BANK14  BANK15
      Params:         2       0       0       0       0       0       0       0       0       0       0       0       0       0       0       0       0
      Locals:         0       0       0       0       0       0       0       0       0       0       0       0       0       0       0       0       0
      Temps:          4       0       0       0       0       0       0       0       0       0       0       0       0       0       0       0       0
      Totals:         6       0       0       0       0       0       0       0       0       0       0       0       0       0       0       0       0
Total ram usage:        6 bytes
 Hardware stack levels used:    1
 Hardware stack levels required when called:    4
 This function calls:
		Nothing
 This function is called by:
		_xtoa
 This function uses a non-reentrant model


 *************** function _isalpha *****************
 Defined at:
		line 5 in file "C:\Program Files\Microchip\xc8\v2.20\pic\sources\c99\common\isalpha.c"
 Parameters:    Size  Location     Type
  c               2   12[COMRAM] int 
 Auto vars:     Size  Location     Type
		None
 Return value:  Size  Location     Type
                  2   12[COMRAM] int 
 Registers used:
		wreg, status,2, status,0
 Tracked objects:
		On entry : 
		On exit  : 
		Unchanged: 
 Data sizes:     COMRAM   BANK0   BANK1   BANK2   BANK3   BANK4   BANK5   BANK6   BANK7   BANK8   BANK9  BANK10  BANK11  BANK12  BANK13  BANK14  BANK15
      Params:         2       0       0       0       0       0       0       0       0       0       0       0       0       0       0       0       0
      Locals:         0       0       0       0       0       0       0       0       0       0       0       0       0       0       0       0       0
      Temps:          4       0       0       0       0       0       0       0       0       0       0       0       0       0       0       0       0
      Totals:         6       0       0       0       0       0       0       0       0       0       0       0       0       0       0       0       0
Total ram usage:        6 bytes
 Hardware stack levels used:    1
 Hardware stack levels required when called:    4
 This function calls:
		Nothing
 This function is called by:
		_xtoa
 This function uses a non-reentrant model


 *************** function _ctoa *****************
 Defined at:
		line 259 in file "C:\Program Files\Microchip\xc8\v2.20\pic\sources\c99\common\doprnt.c"
 Parameters:    Size  Location     Type
  fp              2   41[COMRAM] PTR struct _IO_FILE
		 -> NULL(0), 
  c               1   43[COMRAM] unsigned char 
 Auto vars:     Size  Location     Type
  w               2   44[COMRAM] int 
  l               2    0        int 
 Return value:  Size  Location     Type
                  2   41[COMRAM] int 
 Registers used:
		wreg, fsr1l, fsr1h, fsr2l, fsr2h, status,2, status,0, cstack
 Tracked objects:
		On entry : 
		On exit  : 
		Unchanged: 
 Data sizes:     COMRAM   BANK0   BANK1   BANK2   BANK3   BANK4   BANK5   BANK6   BANK7   BANK8   BANK9  BANK10  BANK11  BANK12  BANK13  BANK14  BANK15
      Params:         3       0       0       0       0       0       0       0       0       0       0       0       0       0       0       0       0
      Locals:         2       0       0       0       0       0       0       0       0       0       0       0       0       0       0       0       0
      Temps:          0       0       0       0       0       0       0       0       0       0       0       0       0       0       0       0       0
      Totals:         5       0       0       0       0       0       0       0       0       0       0       0       0       0       0       0       0
Total ram usage:        5 bytes
 Hardware stack levels used:    1
 Hardware stack levels required when called:    9
 This function calls:
		_pad
 This function is called by:
		_vfpfcnvrt
 This function uses a non-reentrant model


 *************** function _pad *****************
 Defined at:
		line 72 in file "C:\Program Files\Microchip\xc8\v2.20\pic\sources\c99\common\doprnt.c"
 Parameters:    Size  Location     Type
  fp              2   30[COMRAM] PTR struct _IO_FILE
		 -> NULL(0), 
  buf             2   32[COMRAM] PTR unsigned char 
		 -> dbuf(32), 
  p               2   34[COMRAM] int 
 Auto vars:     Size  Location     Type
  w               2   39[COMRAM] int 
  i               2   37[COMRAM] int 
 Return value:  Size  Location     Type
                  2   30[COMRAM] int 
 Registers used:
		wreg, fsr1l, fsr1h, fsr2l, fsr2h, status,2, status,0, cstack
 Tracked objects:
		On entry : 
		On exit  : 
		Unchanged: 
 Data sizes:     COMRAM   BANK0   BANK1   BANK2   BANK3   BANK4   BANK5   BANK6   BANK7   BANK8   BANK9  BANK10  BANK11  BANK12  BANK13  BANK14  BANK15
      Params:         6       0       0       0       0       0       0       0       0       0       0       0       0       0       0       0       0
      Locals:         4       0       0       0       0       0       0       0       0       0       0       0       0       0       0       0       0
      Temps:          1       0       0       0       0       0       0       0       0       0       0       0       0       0       0       0       0
      Totals:        11       0       0       0       0       0       0       0       0       0       0       0       0       0       0       0       0
Total ram usage:       11 bytes
 Hardware stack levels used:    1
 Hardware stack levels required when called:    8
 This function calls:
		_fputc
		_fputs
		_strlen
 This function is called by:
		_ctoa
		_xtoa
 This function uses a non-reentrant model


 *************** function _strlen *****************
 Defined at:
		line 5 in file "C:\Program Files\Microchip\xc8\v2.20\pic\sources\c99\common\strlen.c"
 Parameters:    Size  Location     Type
  s               2   12[COMRAM] PTR const unsigned char 
		 -> dbuf(32), 
 Auto vars:     Size  Location     Type
  a               2   14[COMRAM] PTR const unsigned char 
		 -> dbuf(32), 
 Return value:  Size  Location     Type
                  2   12[COMRAM] unsigned int 
 Registers used:
		wreg, fsr2l, fsr2h, status,2, status,0
 Tracked objects:
		On entry : 
		On exit  : 
		Unchanged: 
 Data sizes:     COMRAM   BANK0   BANK1   BANK2   BANK3   BANK4   BANK5   BANK6   BANK7   BANK8   BANK9  BANK10  BANK11  BANK12  BANK13  BANK14  BANK15
      Params:         2       0       0       0       0       0       0       0       0       0       0       0       0       0       0       0       0
      Locals:         2       0       0       0       0       0       0       0       0       0       0       0       0       0       0       0       0
      Temps:          0       0       0       0       0       0       0       0       0       0       0       0       0       0       0       0       0
      Totals:         4       0       0       0       0       0       0       0       0       0       0       0       0       0       0       0       0
Total ram usage:        4 bytes
 Hardware stack levels used:    1
 Hardware stack levels required when called:    4
 This function calls:
		Nothing
 This function is called by:
		_pad
 This function uses a non-reentrant model


 *************** function _fputs *****************
 Defined at:
		line 8 in file "C:\Program Files\Microchip\xc8\v2.20\pic\sources\c99\common\nf_fputs.c"
 Parameters:    Size  Location     Type
  s               2   23[COMRAM] PTR const unsigned char 
		 -> dbuf(32), 
  fp              2   25[COMRAM] PTR struct _IO_FILE
		 -> NULL(0), 
 Auto vars:     Size  Location     Type
  i               2   28[COMRAM] int 
  c               1   27[COMRAM] unsigned char 
 Return value:  Size  Location     Type
                  2   23[COMRAM] int 
 Registers used:
		wreg, fsr1l, fsr1h, fsr2l, fsr2h, status,2, status,0, cstack
 Tracked objects:
		On entry : 
		On exit  : 
		Unchanged: 
 Data sizes:     COMRAM   BANK0   BANK1   BANK2   BANK3   BANK4   BANK5   BANK6   BANK7   BANK8   BANK9  BANK10  BANK11  BANK12  BANK13  BANK14  BANK15
      Params:         4       0       0       0       0       0       0       0       0       0       0       0       0       0       0       0       0
      Locals:         3       0       0       0       0       0       0       0       0       0       0       0       0       0       0       0       0
      Temps:          0       0       0       0       0       0       0       0       0       0       0       0       0       0       0       0       0
      Totals:         7       0       0       0       0       0       0       0       0       0       0       0       0       0       0       0       0
Total ram usage:        7 bytes
 Hardware stack levels used:    1
 Hardware stack levels required when called:    7
 This function calls:
		_fputc
 This function is called by:
		_pad
 This function uses a non-reentrant model


 *************** function _fputc *****************
 Defined at:
		line 8 in file "C:\Program Files\Microchip\xc8\v2.20\pic\sources\c99\common\nf_fputc.c"
 Parameters:    Size  Location     Type
  c               2   14[COMRAM] int 
  fp              2   16[COMRAM] PTR struct _IO_FILE
		 -> NULL(0), 
 Auto vars:     Size  Location     Type
		None
 Return value:  Size  Location     Type
                  2   14[COMRAM] int 
 Registers used:
		wreg, fsr1l, fsr1h, fsr2l, fsr2h, status,2, status,0, cstack
 Tracked objects:
		On entry : 
		On exit  : 
		Unchanged: 
 Data sizes:     COMRAM   BANK0   BANK1   BANK2   BANK3   BANK4   BANK5   BANK6   BANK7   BANK8   BANK9  BANK10  BANK11  BANK12  BANK13  BANK14  BANK15
      Params:         4       0       0       0       0       0       0       0       0       0       0       0       0       0       0       0       0
      Locals:         0       0       0       0       0       0       0       0       0       0       0       0       0       0       0       0       0
      Temps:          5       0       0       0       0       0       0       0       0       0       0       0       0       0       0       0       0
      Totals:         9       0       0       0       0       0       0       0       0       0       0       0       0       0       0       0       0
Total ram usage:        9 bytes
 Hardware stack levels used:    1
 Hardware stack levels required when called:    6
[...]
                  1    wreg      void 
 Registers used:
		wreg, status,2, status,0
 Tracked objects:
		On entry : 
		On exit  : 
		Unchanged: 
 Data sizes:     COMRAM   BANK0   BANK1   BANK2   BANK3   BANK4   BANK5   BANK6   BANK7   BANK8   BANK9  BANK10  BANK11  BANK12  BANK13  BANK14  BANK15
      Params:         2       0       0       0       0       0       0       0       0       0       0       0       0       0       0       0       0
      Locals:         0       0       0       0       0       0       0       0       0       0       0       0       0       0       0       0       0
      Temps:          2       0       0       0       0       0       0       0       0       0       0       0       0       0       0       0       0
      Totals:         4       0       0       0       0       0       0       0       0       0       0       0       0       0       0       0       0
Total ram usage:        4 bytes
 Hardware stack levels used:    1
 Hardware stack levels required when called:    4
 This function calls:
		Nothing
 This function is called by:
		_main
 This function uses a non-reentrant model


 *************** function _EPWM2_LoadDutyValue *****************
 Defined at:
		line 90 in file "mcc_generated_files/epwm2.c"
 Parameters:    Size  Location     Type
  dutyValue       2   12[COMRAM] unsigned short 
 Auto vars:     Size  Location     Type
		None
 Return value:  Size  Location     Type
                  1    wreg      void 
 Registers used:
		wreg, status,2, status,0
 Tracked objects:
		On entry : 
		On exit  : 
		Unchanged: 
 Data sizes:     COMRAM   BANK0   BANK1   BANK2   BANK3   BANK4   BANK5   BANK6   BANK7   BANK8   BANK9  BANK10  BANK11  BANK12  BANK13  BANK14  BANK15
      Params:         2       0       0       0       0       0       0       0       0       0       0       0       0       0       0       0       0
      Locals:         0       0       0       0       0       0       0       0       0       0       0       0       0       0       0       0       0
      Temps:          2       0       0       0       0       0       0       0       0       0       0       0       0       0       0       0       0
      Totals:         4       0       0       0       0       0       0       0       0       0       0       0       0       0       0       0       0
Total ram usage:        4 bytes
 Hardware stack levels used:    1
 Hardware stack levels required when called:    4
 This function calls:
		Nothing
 This function is called by:
		_main
 This function uses a non-reentrant model


 *************** function _EPWM1_LoadDutyValue *****************
 Defined at:
		line 90 in file "mcc_generated_files/epwm1.c"
 Parameters:    Size  Location     Type
  dutyValue       2   12[COMRAM] unsigned short 
 Auto vars:     Size  Location     Type
		None
 Return value:  Size  Location     Type
                  1    wreg      void 
 Registers used:
		wreg, status,2, status,0
 Tracked objects:
		On entry : 
		On exit  : 
		Unchanged: 
 Data sizes:     COMRAM   BANK0   BANK1   BANK2   BANK3   BANK4   BANK5   BANK6   BANK7   BANK8   BANK9  BANK10  BANK11  BANK12  BANK13  BANK14  BANK15
      Params:         2       0       0       0       0       0       0       0       0       0       0       0       0       0       0       0       0
      Locals:         0       0       0       0       0       0       0       0       0       0       0       0       0       0       0       0       0
      Temps:          2       0       0       0       0       0       0       0       0       0       0       0       0       0       0       0       0
      Totals:         4       0       0       0       0       0       0       0       0       0       0       0       0       0       0       0       0
Total ram usage:        4 bytes
 Hardware stack levels used:    1
 Hardware stack levels required when called:    4
 This function calls:
		Nothing
 This function is called by:
		_main
 This function uses a non-reentrant model


 *************** function _INTERRUPT_InterruptManager *****************
 Defined at:
		line 58 in file "mcc_generated_files/interrupt_manager.c"
 Parameters:    Size  Location     Type
		None
 Auto vars:     Size  Location     Type
		None
 Return value:  Size  Location     Type
                  1    wreg      void 
 Registers used:
		wreg, fsr2l, fsr2h, status,2, status,0, pclath, tosl, prodl, prodh, cstack
 Tracked objects:
		On entry : 
		On exit  : 
		Unchanged: 
 Data sizes:     COMRAM   BANK0   BANK1   BANK2   BANK3   BANK4   BANK5   BANK6   BANK7   BANK8   BANK9  BANK10  BANK11  BANK12  BANK13  BANK14  BANK15
      Params:         0       0       0       0       0       0       0       0       0       0       0       0       0       0       0       0       0
      Locals:         0       0       0       0       0       0       0       0       0       0       0       0       0       0       0       0       0
      Temps:          6       0       0       0       0       0       0       0       0       0       0       0       0       0       0       0       0
      Totals:         6       0       0       0       0       0       0       0       0       0       0       0       0       0       0       0       0
Total ram usage:        6 bytes
 Hardware stack levels used:    1
 Hardware stack levels required when called:    3
 This function calls:
		_TMR0_ISR
 This function is called by:
		Interrupt level 2
 This function uses a non-reentrant model


 *************** function _TMR0_ISR *****************
 Defined at:
		line 136 in file "mcc_generated_files/tmr0.c"
 Parameters:    Size  Location     Type
		None
 Auto vars:     Size  Location     Type
		None
 Return value:  Size  Location     Type
                  1    wreg      void 
 Registers used:
		wreg, fsr2l, fsr2h, status,2, status,0, pclath, tosl, prodl, prodh, cstack
 Tracked objects:
		On entry : 
		On exit  : 
		Unchanged: 
 Data sizes:     COMRAM   BANK0   BANK1   BANK2   BANK3   BANK4   BANK5   BANK6   BANK7   BANK8   BANK9  BANK10  BANK11  BANK12  BANK13  BANK14  BANK15
      Params:         0       0       0       0       0       0       0       0       0       0       0       0       0       0       0       0       0
      Locals:         0       0       0       0       0       0       0       0       0       0       0       0       0       0       0       0       0
      Temps:          0       0       0       0       0       0       0       0       0       0       0       0       0       0       0       0       0
      Totals:         0       0       0       0       0       0       0       0       0       0       0       0       0       0       0       0       0
Total ram usage:        0 bytes
 Hardware stack levels used:    1
 Hardware stack levels required when called:    2
 This function calls:
		Absolute function
		_TMR0_DefaultInterruptHandler
		_myTMR0ISR
 This function is called by:
		_INTERRUPT_InterruptManager
 This function uses a non-reentrant model


 *************** function _TMR0_DefaultInterruptHandler *****************
 Defined at:
		line 160 in file "mcc_generated_files/tmr0.c"
 Parameters:    Size  Location     Type
		None
 Auto vars:     Size  Location     Type
		None
 Return value:  Size  Location     Type
                  1    wreg      void 
 Registers used:
		None
 Tracked objects:
		On entry : 
		On exit  : 
		Unchanged: 
 Data sizes:     COMRAM   BANK0   BANK1   BANK2   BANK3   BANK4   BANK5   BANK6   BANK7   BANK8   BANK9  BANK10  BANK11  BANK12  BANK13  BANK14  BANK15
      Params:         0       0       0       0       0       0       0       0       0       0       0       0       0       0       0       0       0
      Locals:         0       0       0       0       0       0       0       0       0       0       0       0       0       0       0       0       0
      Temps:          0       0       0       0       0       0       0       0       0       0       0       0       0       0       0       0       0
      Totals:         0       0       0       0       0       0       0       0       0       0       0       0       0       0       0       0       0
Total ram usage:        0 bytes
 Hardware stack levels used:    1
 This function calls:
		Nothing
 This function is called by:
		_TMR0_Initialize
		_TMR0_ISR
 This function uses a non-reentrant model


 *************** function _myTMR0ISR *****************
 Defined at:
		line 200 in file "main.c"
 Parameters:    Size  Location     Type
		None
 Auto vars:     Size  Location     Type
		None
 Return value:  Size  Location     Type
                  1    wreg      void 
 Registers used:
		wreg, fsr2l, fsr2h, status,2, status,0, prodl, prodh, cstack
 Tracked objects:
		On entry : 
		On exit  : 
		Unchanged: 
 Data sizes:     COMRAM   BANK0   BANK1   BANK2   BANK3   BANK4   BANK5   BANK6   BANK7   BANK8   BANK9  BANK10  BANK11  BANK12  BANK13  BANK14  BANK15
      Params:         0       0       0       0       0       0       0       0       0       0       0       0       0       0       0       0       0
      Locals:         0       0       0       0       0       0       0       0       0       0       0       0       0       0       0       0       0
      Temps:          2       0       0       0       0       0       0       0       0       0       0       0       0       0       0       0       0
      Totals:         2       0       0       0       0       0       0       0       0       0       0       0       0       0       0       0       0
Total ram usage:        2 bytes
 Hardware stack levels used:    1
 Hardware stack levels required when called:    1
 This function calls:
		_TMR0_WriteTimer
		i2_EPWM1_LoadDutyValue
		i2_EPWM2_LoadDutyValue
		i2_EPWM3_LoadDutyValue
 This function is called by:
		_main
		_TMR0_ISR
 This function uses a non-reentrant model


 *************** function i2_EPWM3_LoadDutyValue *****************
 Defined at:
		line 90 in file "mcc_generated_files/epwm3.c"
 Parameters:    Size  Location     Type
  dutyValue       2    0[COMRAM] unsigned short 
 Auto vars:     Size  Location     Type
		None
 Return value:  Size  Location     Type
                  1    wreg      void 
 Registers used:
		wreg, status,2, status,0
 Tracked objects:
		On entry : 
		On exit  : 
		Unchanged: 
 Data sizes:     COMRAM   BANK0   BANK1   BANK2   BANK3   BANK4   BANK5   BANK6   BANK7   BANK8   BANK9  BANK10  BANK11  BANK12  BANK13  BANK14  BANK15
      Params:         2       0       0       0       0       0       0       0       0       0       0       0       0       0       0       0       0
      Locals:         0       0       0       0       0       0       0       0       0       0       0       0       0       0       0       0       0
      Temps:          2       0       0       0       0       0       0       0       0       0       0       0       0       0       0       0       0
      Totals:         4       0       0       0       0       0       0       0       0       0       0       0       0       0       0       0       0
Total ram usage:        4 bytes
 Hardware stack levels used:    1
 This function calls:
		Nothing
 This function is called by:
		_myTMR0ISR
 This function uses a non-reentrant model


 *************** function i2_EPWM2_LoadDutyValue *****************
 Defined at:
		line 90 in file "mcc_generated_files/epwm2.c"
 Parameters:    Size  Location     Type
  dutyValue       2    0[COMRAM] unsigned short 
 Auto vars:     Size  Location     Type
		None
 Return value:  Size  Location     Type
                  1    wreg      void 
 Registers used:
		wreg, status,2, status,0
 Tracked objects:
		On entry : 
		On exit  : 
		Unchanged: 
 Data sizes:     COMRAM   BANK0   BANK1   BANK2   BANK3   BANK4   BANK5   BANK6   BANK7   BANK8   BANK9  BANK10  BANK11  BANK12  BANK13  BANK14  BANK15
      Params:         2       0       0       0       0       0       0       0       0       0       0       0       0       0       0       0       0
      Locals:         0       0       0       0       0       0       0       0       0       0       0       0       0       0       0       0       0
      Temps:          2       0       0       0       0       0       0       0       0       0       0       0       0       0       0       0       0
      Totals:         4       0       0       0       0       0       0       0       0       0       0       0       0       0       0       0       0
Total ram usage:        4 bytes
 Hardware stack levels used:    1
 This function calls:
		Nothing
 This function is called by:
		_myTMR0ISR
 This function uses a non-reentrant model


 *************** function i2_EPWM1_LoadDutyValue *****************
 Defined at:
		line 90 in file "mcc_generated_files/epwm1.c"
 Parameters:    Size  Location     Type
  dutyValue       2    0[COMRAM] unsigned short 
 Auto vars:     Size  Location     Type
		None
 Return value:  Size  Location     Type
                  1    wreg      void 
 Registers used:
		wreg, status,2, status,0
 Tracked objects:
		On entry : 
		On exit  : 
		Unchanged: 
 Data sizes:     COMRAM   BANK0   BANK1   BANK2   BANK3   BANK4   BANK5   BANK6   BANK7   BANK8   BANK9  BANK10  BANK11  BANK12  BANK13  BANK14  BANK15
      Params:         2       0       0       0       0       0       0       0       0       0       0       0       0       0       0       0       0
      Locals:         0       0       0       0       0       0       0       0       0       0       0       0       0       0       0       0       0
      Temps:          2       0       0       0       0       0       0       0       0       0       0       0       0       0       0       0       0
      Totals:         4       0       0       0       0       0       0       0       0       0       0       0       0       0       0       0       0
Total ram usage:        4 bytes
 Hardware stack levels used:    1
 This function calls:
		Nothing
 This function is called by:
		_myTMR0ISR
 This function uses a non-reentrant model


 *************** function _TMR0_WriteTimer *****************
 Defined at:
		line 122 in file "mcc_generated_files/tmr0.c"
 Parameters:    Size  Location     Type
  timerVal        2    0[COMRAM] unsigned short 
 Auto vars:     Size  Location     Type
		None
 Return value:  Size  Location     Type
                  1    wreg      void 
 Registers used:
		wreg, status,2
 Tracked objects:
		On entry : 
		On exit  : 
		Unchanged: 
 Data sizes:     COMRAM   BANK0   BANK1   BANK2   BANK3   BANK4   BANK5   BANK6   BANK7   BANK8   BANK9  BANK10  BANK11  BANK12  BANK13  BANK14  BANK15
      Params:         2       0       0       0       0       0       0       0       0       0       0       0       0       0       0       0       0
      Locals:         0       0       0       0       0       0       0       0       0       0       0       0       0       0       0       0       0
      Temps:          0       0       0       0       0       0       0       0       0       0       0       0       0       0       0       0       0
      Totals:         2       0       0       0       0       0       0       0       0       0       0       0       0       0       0       0       0
Total ram usage:        2 bytes
 Hardware stack levels used:    1
 This function calls:
		Nothing
 This function is called by:
		_myTMR0ISR
 This function uses a non-reentrant model



MODULE INFORMATION

Module		Function		Class		Link	Load	Size
C:\Program Files\Microchip\xc8\v2.20\pic\sources\c99\common\nf_fputc.c
		_fputc         		CODE           	0BC6	0000	151

C:\Program Files\Microchip\xc8\v2.20\pic\sources\c99\common\nf_fputc.c estimated size: 151

C:\Program Files\Microchip\xc8\v2.20\pic\sources\c99\common\doprnt.c
		_vfpfcnvrt     		CODE           	07C2	0000	599
		_pad           		CODE           	0B04	0000	195
		_ctoa          		CODE           	0D1E	0000	91
		_vfprintf      		CODE           	0C5C	0000	101
		_xtoa          		CODE           	04E8	0000	731

C:\Program Files\Microchip\xc8\v2.20\pic\sources\c99\common\doprnt.c estimated size: 1717

mcc_generated_files/tmr2.c
		_TMR2_Initialize		CODE           	121E	0000	17

mcc_generated_files/tmr2.c estimated size: 17

mcc_generated_files/interrupt_manager.c
		_INTERRUPT_Initialize		CODE           	126A	0000	5
		_INTERRUPT_InterruptManager		CODE           	0008	0000	87

mcc_generated_files/interrupt_manager.c estimated size: 92

mcc_generated_files/epwm2.c
		_EPWM2_LoadDutyValue		CODE           	0FEE	0000	49
		_EPWM2_Initialize		CODE           	1198	0000	33

mcc_generated_files/epwm2.c estimated size: 82

mcc_generated_files/tmr0.c
		_TMR0_SetInterruptHandler		CODE           	1238	0000	11
		_TMR0_DefaultInterruptHandler		CODE           	126E	0000	3
		_TMR0_WriteTimer		CODE           	1260	0000	11
		_TMR0_ISR      		CODE           	0EE8	0000	57
		_TMR0_Initialize		CODE           	0F56	0000	53

mcc_generated_files/tmr0.c estimated size: 135

mcc_generated_files/pin_manager.c
		_PIN_MANAGER_Initialize		CODE           	10AE	0000	45

mcc_generated_files/pin_manager.c estimated size: 45

C:\Program Files\Microchip\xc8\v2.20\pic\sources\c99\common\islower.c
		_islower       		CODE           	0E78	0000	57

C:\Program Files\Microchip\xc8\v2.20\pic\sources\c99\common\islower.c estimated size: 57

C:\Program Files\Microchip\xc8\v2.20\pic\sources\c99\common\nf_fputs.c
		_fputs         		CODE           	0D78	0000	69

C:\Program Files\Microchip\xc8\v2.20\pic\sources\c99\common\nf_fputs.c estimated size: 69

C:\Program Files\Microchip\xc8\v2.20\pic\sources\c99\common\isupper.c
		_isupper       		CODE           	0EB0	0000	57

C:\Program Files\Microchip\xc8\v2.20\pic\sources\c99\common\isupper.c estimated size: 57

C:\Program Files\Microchip\xc8\v2.20\pic\sources\c99\common\toupper.c
		_toupper       		CODE           	0CC0	0000	95

C:\Program Files\Microchip\xc8\v2.20\pic\sources\c99\common\toupper.c estimated size: 95

shared
		i2_EPWM1_LoadDutyValue		CODE           	107E	0000	49
		i2_EPWM3_LoadDutyValue		CODE           	0FBC	0000	51
		__initialization		CODE           	0DBC	0000	57
		i2_EPWM2_LoadDutyValue		CODE           	104E	0000	49

shared estimated size: 206

mcc_generated_files/eusart1.c
		_EUSART1_is_rx_ready		CODE           	120A	0000	21
		_EUSART1_Initialize		CODE           	0DFE	0000	63
		_putch         		CODE           	122E	0000	11
		_EUSART1_SetFramingErrorHandler		CODE           	124C	0000	11
		_EUSART1_Read  		CODE           	112A	0000	41
		_EUSART1_SetOverrunErrorHandler		CODE           	1242	0000	11
		_EUSART1_SetErrorHandler		CODE           	1256	0000	11
		_EUSART1_Write 		CODE           	11F4	0000	23

mcc_generated_files/eusart1.c estimated size: 192

mcc_generated_files/mcc.c
		_OSCILLATOR_Initialize		CODE           	11D8	0000	29
		_SYSTEM_Initialize		CODE           	1152	0000	39

mcc_generated_files/mcc.c estimated size: 68

C:\Program Files\Microchip\xc8\v2.20\pic\sources\c99\common\printf.c
		_printf        		CODE           	1102	0000	41

C:\Program Files\Microchip\xc8\v2.20\pic\sources\c99\common\printf.c estimated size: 41

mcc_generated_files/epwm3.c
		_EPWM3_LoadDutyValue		CODE           	0F8A	0000	51
		_EPWM3_Initialize		CODE           	1178	0000	33

mcc_generated_files/epwm3.c estimated size: 84

C:\Program Files\Microchip\xc8\v2.20\pic\sources\c99\common\strlen.c
		_strlen        		CODE           	0F20	0000	55

C:\Program Files\Microchip\xc8\v2.20\pic\sources\c99\common\strlen.c estimated size: 55

mcc_generated_files/epwm1.c
		_EPWM1_LoadDutyValue		CODE           	101E	0000	49
		_EPWM1_Initialize		CODE           	11B8	0000	33

mcc_generated_files/epwm1.c estimated size: 82

C:\Program Files\Microchip\xc8\v2.20\pic\sources\c99\common\isalpha.c
		_isalpha       		CODE           	0E3C	0000	61

C:\Program Files\Microchip\xc8\v2.20\pic\sources\c99\common\isalpha.c estimated size: 61

main.c
		_main          		CODE           	0062	0000	1159
		_myTMR0ISR     		CODE           	0A18	0000	237

main.c estimated size: 1396

