Microchip MPLAB XC8 Compiler V2.20

Linker command line:

-W-3 --edf=C:\Program Files\Microchip\xc8\v2.20\pic\dat\en_msgs.txt -cn \
  -h+dist/default/production\inlab6.X.production.sym \
  --cmf=dist/default/production\inlab6.X.production.cmf -z -Q18F26K22 \
  -oC:\Users\BRYCEG~1\AppData\Local\Temp\seoc.2 --defsym=__MPLAB_BUILD=1 \
  -Mdist/default/production/inlab6.X.production.map -E1 -ver=XC8 Compiler \
  --acfsm=1493 -ASTACK=0139h-0F37h -pstack=STACK -ACODE=00h-0FFFFh \
  -ACONST=00h-0FFFFh -ASMALLCONST=01000h-010FFhx240 \
  -AMEDIUMCONST=01000h-0FFFFh -ACOMRAM=01h-05Fh -AABS1=00h-0F37h \
  -ABIGRAM=01h-0F37h -ARAM=060h-0FFh,0100h-01FFhx14,0F00h-0F37h \
  -ABANK0=060h-0FFh -ABANK1=0100h-01FFh -ABANK2=0200h-02FFh \
  -ABANK3=0300h-03FFh -ABANK4=0400h-04FFh -ABANK5=0500h-05FFh \
  -ABANK6=0600h-06FFh -ABANK7=0700h-07FFh -ABANK8=0800h-08FFh \
  -ABANK9=0900h-09FFh -ABANK10=0A00h-0AFFh -ABANK11=0B00h-0BFFh \
  -ABANK12=0C00h-0CFFh -ABANK13=0D00h-0DFFh -ABANK14=0E00h-0EFFh \
  -ABANK15=0F00h-0F37h -ASFR=0F38h-0F5Fh,0F60h-0FFFh \
  -ACONFIG=0300000h-030000Dh -AIDLOC=0200000h-0200007h \
  -preset_vec=00h,intcode=08h,intcodelo,powerup,init -pramtop=01000h \
  -psmallconst=SMALLCONST -pmediumconst=MEDIUMCONST -pconst=CONST \
  -AFARRAM=00h-00h -AEEDATA=0F00000h-0F003FFh -peeprom_data=EEDATA \
  -prdata=COMRAM,nvrram=COMRAM,nvbit=COMRAM,rbss=COMRAM,rbit=COMRAM \
  -pfarbss=FARRAM,fardata=FARRAM,nvFARRAM=FARRAM \
  -pintsave_regs=BIGRAM,bigbss=BIGRAM,bigdata=BIGRAM -pbss=RAM \
  -pidata=CODE,irdata=CODE,ibigdata=CODE,ifardata=CODE -prparam=COMRAM \
  C:\Users\BRYCEG~1\AppData\Local\Temp\seoc.o \
  dist/default/production\inlab6.X.production.o 

Object code version is 3.11

Machine type is 18F26K22



                Name                               Link     Load   Length Selector   Space Scale
C:\Users\BRYCEG~1\AppData\Local\Temp\seoc.o
                idloc                            200000   200000        8        0       5
                config                           300000   300000        E        0       4
                init                                 B0       B0        4        4       0
                reset_vec                             0        0        4        0       0
dist/default/production\inlab6.X.production.o
                intcode                               8        8       A8        4       0
                idloc                            200000   200000        8        0       5
                config                           300000   300000        E        0       4
                temp                                 59       59        1        1       1
                mediumconst                        FC6A     FC6A      396     7E35       0
                text60                             257A     257A       2C        4       0
                text59                             2798     2798        6        4       0
                text58                             27A2     27A2        2        4       0
                text57                             2792     2792        6        4       0
                text56                             2342     2342       42        4       0
                text55                             1F38     1F38       B0        4       0
                text54                             1E7C     1E7C       BC        4       0
                text52                             25A6     25A6       2A        4       0
                text51                             2702     2702       14        4       0
                text50                             22B2     22B2       4C        4       0
                text49                             26C0     26C0       18        4       0
                text48                             2668     2668       20        4       0
                text47                             2788     2788        A        4       0
                text46                             277E     277E        A        4       0
                text45                             2774     2774        A        4       0
                text44                             23C4     23C4       40        4       0
                text43                             276A     276A        A        4       0
                text42                             2760     2760        A        4       0
                text41                             2756     2756        A        4       0
                text40                             274C     274C        A        4       0
                text39                             2742     2742        A        4       0
                text38                             207E     207E       76        4       0
                text37                             279E     279E        4        4       0
                text36                             26A4     26A4       1C        4       0
                text35                             254E     254E       2C        4       0
                text34                             2688     2688       1C        4       0
                text33                             2728     2728       10        4       0
                text32                             2646     2646       22        4       0
                text31                             2620     2620       26        4       0
                text30                             24B0     24B0       38        4       0
                text29                             2212     2212       52        4       0
                text28                             150A     150A      19A        4       0
                text27                             26D8     26D8       16        4       0
                text26                             2738     2738        A        4       0
                text25                             1FE8     1FE8       96        4       0
                text24                             22FE     22FE       44        4       0
                text23                             24E8     24E8       36        4       0
                text22                             1DBA     1DBA       C2        4       0
                text21                             21B6     21B6       5C        4       0
                text20                             16A4     16A4      188        4       0
                text19                             19AE     19AE      164        4       0
                text18                             2384     2384       40        4       0
                text17                              D58      D58      2DE        4       0
                text16                             182C     182C      182        4       0
                text15                             1B12     1B12       F0        4       0
                text14                             1CEA     1CEA       D0        4       0
                text13                             130A     130A      200        4       0
                text12                             2404     2404       3C        4       0
                text11                             2478     2478       38        4       0
                text10                             2440     2440       38        4       0
                text9                              2158     2158       5E        4       0
                text8                              1036     1036      2D4        4       0
                text7                               75A      75A      5FE        4       0
                text6                              20F4     20F4       64        4       0
                text5                              25F8     25F8       28        4       0
                text4                              251E     251E       30        4       0
                text3                              26EE     26EE       14        4       0
                text2                              25D0     25D0       28        4       0
                text1                              1C02     1C02       E8        4       0
                text0                                B4       B4      6A6        4       0
                cstackCOMRAM                          1        1       52        1       1
                cstackBANK0                          B4       B4       33       60       1
                bssBANK1                            100      100       39      100       1
                dataBANK0                            E7       E7       12       60       1
                bssBANK0                             60       60       54       60       1
                bssCOMRAM                            53       53        6        1       1
                cinit                              2264     2264       4E        4       0
                idataBANK0                         2716     2716       12        4       0

TOTAL           Name                               Link     Load   Length     Space
        CLASS   STACK          

        CLASS   CODE           
                intcode                               8        8       A8         0
                init                                 B0       B0        4         0
                reset_vec                             0        0        4         0
                text60                             257A     257A       2C         0
                text59                             2798     2798        6         0
                text58                             27A2     27A2        2         0
                text57                             2792     2792        6         0
                text56                             2342     2342       42         0
                text55                             1F38     1F38       B0         0
                text54                             1E7C     1E7C       BC         0
                text52                             25A6     25A6       2A         0
                text51                             2702     2702       14         0
                text50                             22B2     22B2       4C         0
                text49                             26C0     26C0       18         0
                text48                             2668     2668       20         0
                text47                             2788     2788        A         0
                text46                             277E     277E        A         0
                text45                             2774     2774        A         0
                text44                             23C4     23C4       40         0
                text43                             276A     276A        A         0
                text42                             2760     2760        A         0
                text41                             2756     2756        A         0
                text40                             274C     274C        A         0
                text39                             2742     2742        A         0
                text38                             207E     207E       76         0
                text37                             279E     279E        4         0
                text36                             26A4     26A4       1C         0
                text35                             254E     254E       2C         0
                text34                             2688     2688       1C         0
                text33                             2728     2728       10         0
                text32                             2646     2646       22         0
                text31                             2620     2620       26         0
                text30                             24B0     24B0       38         0
                text29                             2212     2212       52         0
                text28                             150A     150A      19A         0
                text27                             26D8     26D8       16         0
                text26                             2738     2738        A         0
                text25                             1FE8     1FE8       96         0
                text24                             22FE     22FE       44         0
                text23                             24E8     24E8       36         0
                text22                             1DBA     1DBA       C2         0
                text21                             21B6     21B6       5C         0
                text20                             16A4     16A4      188         0
                text19                             19AE     19AE      164         0
                text18                             2384     2384       40         0
                text17                              D58      D58      2DE         0
                text16                             182C     182C      182         0
                text15                             1B12     1B12       F0         0
                text14                             1CEA     1CEA       D0         0
                text13                             130A     130A      200         0
                text12                             2404     2404       3C         0
                text11                             2478     2478       38         0
                text10                             2440     2440       38         0
                text9                              2158     2158       5E         0
                text8                              1036     1036      2D4         0
                text7                               75A      75A      5FE         0
                text6                              20F4     20F4       64         0
                text5                              25F8     25F8       28         0
                text4                              251E     251E       30         0
                text3                              26EE     26EE       14         0
                text2                              25D0     25D0       28         0
                text1                              1C02     1C02       E8         0
                text0                                B4       B4      6A6         0
                cinit                              2264     2264       4E         0
                idataBANK0                         2716     2716       12         0

        CLASS   CONST          

        CLASS   SMALLCONST     

        CLASS   MEDIUMCONST    
                mediumconst                        FC6A     FC6A      396         0

        CLASS   COMRAM         
                temp                                 59       59        1         1
                cstackCOMRAM                          1        1       52         1
                bssCOMRAM                            53       53        6         1

        CLASS   ABS1           

        CLASS   BIGRAM         

        CLASS   RAM            

        CLASS   BANK0          
                cstackBANK0                          B4       B4       33         1
                dataBANK0                            E7       E7       12         1
                bssBANK0                             60       60       54         1

        CLASS   BANK1          
                bssBANK1                            100      100       39         1

        CLASS   BANK2          

        CLASS   BANK3          

        CLASS   BANK4          

        CLASS   BANK5          

        CLASS   BANK6          

        CLASS   BANK7          

        CLASS   BANK8          

        CLASS   BANK9          

        CLASS   BANK10         

        CLASS   BANK11         

        CLASS   BANK12         

        CLASS   BANK13         

        CLASS   BANK14         

        CLASS   BANK15         

        CLASS   SFR            

        CLASS   CONFIG         
                config                           300000   300000        E         4

        CLASS   IDLOC          
                idloc                            200000   200000        8         5

        CLASS   FARRAM         

        CLASS   EEDATA         



SEGMENTS        Name                           Load    Length   Top    Selector   Space  Class

                reset_vec                      000000  000004  000004         0       0  CODE    
                cstackCOMRAM                   000001  000059  00005A         1       1  COMRAM  
                intcode                        000008  00279C  0027A4         4       0  CODE    
                bssBANK0                       000060  000099  0000F9        60       1  BANK0   
                bssBANK1                       000100  000039  000139       100       1  BANK1   
                mediumconst                    00FC6A  000396  010000      7E35       0  MEDIUMCO


UNUSED ADDRESS RANGES

        Name                Unused          Largest block    Delta
        BANK0            0000F9-0000FF                7
        BANK1            000139-0001FF               C7
        BANK10           000A00-000AFF              100
        BANK11           000B00-000BFF              100
        BANK12           000C00-000CFF              100
        BANK13           000D00-000DFF              100
        BANK14           000E00-000EFF              100
        BANK15           000F00-000F37               38
        BANK2            000200-0002FF              100
        BANK3            000300-0003FF              100
        BANK4            000400-0004FF              100
        BANK5            000500-0005FF              100
        BANK6            000600-0006FF              100
        BANK7            000700-0007FF              100
        BANK8            000800-0008FF              100
        BANK9            000900-0009FF              100
        BIGRAM           00005A-00005F                6
                         0000F9-0000FF                7
                         000139-000F37              DFF
        CODE             000004-000007                4
                         0027A4-00FC69             D4C6
        COMRAM           00005A-00005F                6
        CONST            000004-000007                4
                         0027A4-00FC69             D4C6
        EEDATA           F00000-F003FF              400
        MEDIUMCONST      0027A4-00FC69             D4C6
        RAM              0000F9-0000FF                7
                         000139-000F37              100
        SFR              000F38-000FFF               28
        SMALLCONST       0027A4-00FC69              100
        STACK            000139-000F37              DFF

                                  Symbol Table

?___aodiv                                       cstackCOMRAM 000007
?___aomod                                       cstackCOMRAM 000007
?___lodiv                                       cstackCOMRAM 000007
?___lomod                                       cstackCOMRAM 000007
?___wmul                                        cstackCOMRAM 000007
?_abs                                           cstackCOMRAM 000019
?_atoi                                          cstackCOMRAM 00000E
?_ctoa                                          cstackCOMRAM 000024
?_dtoa                                          cstackCOMRAM 000024
?_isalpha                                       cstackCOMRAM 000007
?_isdigit                                       cstackCOMRAM 000007
?_islower                                       cstackCOMRAM 000007
?_isspace                                       cstackCOMRAM 000007
?_isupper                                       cstackCOMRAM 000007
?_pad                                           cstackCOMRAM 000019
?_printf                                        cstackBANK0  0000D5
?_stoa                                          cstackCOMRAM 000012
?_strlen                                        cstackCOMRAM 000007
?_toupper                                       cstackCOMRAM 00000D
?_utoa                                          cstackCOMRAM 000024
?_vfpfcnvrt                                     cstackCOMRAM 00004B
?_vfprintf                                      cstackBANK0  0000CF
?_xtoa                                          cstackCOMRAM 000024
EPWM2_LoadDutyValue@dutyValue                   cstackCOMRAM 000007
EUSART1_SetErrorHandler@interruptHandler        cstackCOMRAM 000007
EUSART1_SetFramingErrorHandler@interruptHandler cstackCOMRAM 000007
EUSART1_SetOverrunErrorHandler@interruptHandler cstackCOMRAM 000007
EUSART1_Write@txData                            cstackCOMRAM 000007
EUSART2_SetErrorHandler@interruptHandler        cstackCOMRAM 000007
EUSART2_SetFramingErrorHandler@interruptHandler cstackCOMRAM 000007
EUSART2_SetOverrunErrorHandler@interruptHandler cstackCOMRAM 000007
EUSART2_SetRxInterruptHandler@interruptHandler  cstackCOMRAM 000007
EUSART2_SetTxInterruptHandler@interruptHandler  cstackCOMRAM 000007
TMR1_WriteTimer@timerVal                        cstackCOMRAM 000007
_ANSELA                                         (abs)        000F38
_ANSELB                                         (abs)        000F39
_ANSELC                                         (abs)        000F3A
_BAUDCON1                                       (abs)        000FB8
_BAUDCON2                                       (abs)        000F70
_CCP2CON                                        (abs)        000F66
_CCPR2H                                         (abs)        000F68
_CCPR2L                                         (abs)        000F67
_CCPTMRS0bits                                   (abs)        000F49
_ECCP2AS                                        (abs)        000F64
_EPWM2_Initialize                               text48       002668
_EPWM2_LoadDutyValue                            text4        00251E
_EUSART1_DefaultErrorHandler                    (abs)        000000
_EUSART1_DefaultFramingErrorHandler             (abs)        000000
_EUSART1_DefaultOverrunErrorHandler             (abs)        000000
_EUSART1_ErrorHandler                           bssBANK0     00007C
_EUSART1_FramingErrorHandler                    bssBANK0     000080
_EUSART1_Initialize                             text44       0023C4
_EUSART1_OverrunErrorHandler                    bssBANK0     00007E
_EUSART1_Read                                   text52       0025A6
_EUSART1_SetErrorHandler                        text47       002788
_EUSART1_SetFramingErrorHandler                 text46       00277E
_EUSART1_SetOverrunErrorHandler                 text45       002774
_EUSART1_Write                                  text27       0026D8
_EUSART1_is_rx_ready                            text51       002702
_EUSART2_DefaultErrorHandler                    text59       002798
_EUSART2_DefaultFramingErrorHandler             text58       0027A2
_EUSART2_DefaultOverrunErrorHandler             text57       002792
_EUSART2_ErrorHandler                           bssBANK0     000082
_EUSART2_FramingErrorHandler                    bssBANK0     000086
_EUSART2_Initialize                             text38       00207E
_EUSART2_OverrunErrorHandler                    bssBANK0     000084
_EUSART2_Read                                   text50       0022B2
_EUSART2_Receive_ISR                            text54       001E7C
_EUSART2_RxDataHandler                          text60       00257A
_EUSART2_RxDefaultInterruptHandler              bssBANK0     000088
_EUSART2_SetErrorHandler                        text43       00276A
_EUSART2_SetFramingErrorHandler                 text42       002760
_EUSART2_SetOverrunErrorHandler                 text41       002756
_EUSART2_SetRxInterruptHandler                  text40       00274C
_EUSART2_SetTxInterruptHandler                  text39       002742
_EUSART2_Transmit_ISR                           text56       002342
_EUSART2_TxDefaultInterruptHandler              bssBANK0     00008A
_EUSART2_is_rx_ready                            text49       0026C0
_INTCON2bits                                    (abs)        000FF1
_INTCONbits                                     (abs)        000FF2
_INTERRUPT_Initialize                           text37       00279E
_INTERRUPT_InterruptManager                     intcode      000008
_IRreceiveBuffer                                bssBANK1     000120
_IRtransmitBuffer                               bssBANK0     00009B
_LATA                                           (abs)        000F89
_LATB                                           (abs)        000F8A
_LATC                                           (abs)        000F8B
_OSCCON                                         (abs)        000FD3
_OSCCON2                                        (abs)        000FD2
_OSCILLATOR_Initialize                          text36       0026A4
_OSCTUNE                                        (abs)        000F9B
_PIE3bits                                       (abs)        000FA3
_PIN_MANAGER_Initialize                         text35       00254E
_PIR1bits                                       (abs)        000F9E
_PIR3bits                                       (abs)        000FA4
_PLLRDY                                         (abs)        007E97
_PR2                                            (abs)        000FBB
_PSTR2CON                                       (abs)        000F63
_PWM2CON                                        (abs)        000F65
_RCONbits                                       (abs)        000FD0
_RCREG1                                         (abs)        000FAE
_RCREG2                                         (abs)        000F74
_RCSTA1                                         (abs)        000FAB
_RCSTA1bits                                     (abs)        000FAB
_RCSTA2                                         (abs)        000F71
_RCSTA2bits                                     (abs)        000F71
_SPBRG1                                         (abs)        000FAF
_SPBRG2                                         (abs)        000F75
_SPBRGH1                                        (abs)        000FB0
_SPBRGH2                                        (abs)        000F76
_SYSTEM_Initialize                              text32       002646
_T1CON                                          (abs)        000FCD
_T1CONbits                                      (abs)        000FCD
_T1GCON                                         (abs)        000FCC
_T1GCONbits                                     (abs)        000FCC
_T2CON                                          (abs)        000FBA
_T2CONbits                                      (abs)        000FBA
_TMR1                                           (abs)        000FCE
_TMR1H                                          (abs)        000FCF
_TMR1L                                          (abs)        000FCE
_TMR1_HasOverflowOccured                        text3        0026EE
_TMR1_Initialize                                text34       002688
_TMR1_WriteTimer                                text2        0025D0
_TMR2                                           (abs)        000FBC
_TMR2_Initialize                                text33       002728
_TRISA                                          (abs)        000F92
_TRISB                                          (abs)        000F93
_TRISC                                          (abs)        000F94
_TXREG1                                         (abs)        000FAD
_TXREG2                                         (abs)        000F73
_TXSTA1                                         (abs)        000FAC
_TXSTA1bits                                     (abs)        000FAC
_TXSTA2                                         (abs)        000F72
_TXSTA2bits                                     (abs)        000F72
_WPUB                                           (abs)        000F61
__HRAM                                          (abs)        000000
__Habs1                                         abs1         000000
__Hbank0                                        bank0        000000
__Hbank1                                        bank1        000000
__Hbank10                                       bank10       000000
__Hbank11                                       bank11       000000
__Hbank12                                       bank12       000000
__Hbank13                                       bank13       000000
__Hbank14                                       bank14       000000
__Hbank15                                       bank15       000000
__Hbank2                                        bank2        000000
__Hbank3                                        bank3        000000
__Hbank4                                        bank4        000000
__Hbank5                                        bank5        000000
__Hbank6                                        bank6        000000
__Hbank7                                        bank7        000000
__Hbank8                                        bank8        000000
__Hbank9                                        bank9        000000
__Hbigbss                                       bigbss       000000
__Hbigdata                                      bigdata      000000
__Hbigram                                       bigram       000000
__Hbss                                          bss          000000
__HbssBANK0                                     bssBANK0     000000
__HbssBANK1                                     bssBANK1     000000
__HbssCOMRAM                                    bssCOMRAM    000000
__Hcinit                                        cinit        000000
__Hclrtext                                      clrtext      000000
__Hcomram                                       comram       000000
__Hconfig                                       config       30000E
__Hconst                                        const        000000
__HcstackBANK0                                  cstackBANK0  000000
__HcstackCOMRAM                                 cstackCOMRAM 000000
__Hdata                                         data         000000
__HdataBANK0                                    dataBANK0    000000
__Heeprom_data                                  eeprom_data  000000
__Hfarbss                                       farbss       000000
__Hfardata                                      fardata      000000
__Hibigdata                                     ibigdata     000000
__Hidata                                        idata        000000
__HidataBANK0                                   idataBANK0   000000
__Hidloc                                        idloc        200008
__Hifardata                                     ifardata     000000
__Hinit                                         init         0000B4
__Hintcode                                      intcode      0000B0
__Hintcode_body                                 intcode_body 000000
__Hintcodelo                                    intcodelo    0000B0
__Hintentry                                     intentry     000000
__Hintret                                       intret       000000
__Hintsave_regs                                 intsave_regs 000000
__Hirdata                                       irdata       000000
__Hmediumconst                                  mediumconst  010000
__HnvFARRAM                                     nvFARRAM     000000
__Hnvbit                                        nvbit        000000
__Hnvrram                                       nvrram       000000
__Hparam                                        rparam       000000
__Hpowerup                                      powerup      0000B0
__Hram                                          ram          000000
__Hramtop                                       ramtop       001000
__Hrbit                                         rbit         000000
__Hrbss                                         rbss         000000
__Hrdata                                        rdata        000000
__Hreset_vec                                    reset_vec    000004
__Hrparam                                       rparam       000000
__Hsfr                                          sfr          000000
__Hsmallconst                                   smallconst   000000
__Hspace_0                                      (abs)        010000
__Hspace_1                                      (abs)        000139
__Hspace_2                                      (abs)        000000
__Hspace_4                                      (abs)        60000E
__Hstack                                        stack        000000
__Hstruct                                       struct       000000
__Htemp                                         temp         00005A
__Htext                                         text         000000
__Htext0                                        text0        000000
__Htext1                                        text1        000000
__Htext10                                       text10       000000
__Htext11                                       text11       000000
__Htext12                                       text12       000000
__Htext13                                       text13       000000
__Htext14                                       text14       000000
__Htext15                                       text15       000000
__Htext16                                       text16       000000
__Htext17                                       text17       000000
__Htext18                                       text18       000000
__Htext19                                       text19       000000
__Htext2                                        text2        000000
__Htext20                                       text20       000000
__Htext21                                       text21       000000
__Htext22                                       text22       000000
__Htext23                                       text23       000000
__Htext24                                       text24       000000
__Htext25                                       text25       000000
__Htext26                                       text26       000000
__Htext27                                       text27       000000
__Htext28                                       text28       000000
__Htext29                                       text29       000000
__Htext3                                        text3        000000
__Htext30                                       text30       000000
__Htext31                                       text31       000000
__Htext32                                       text32       000000
__Htext33                                       text33       000000
__Htext34                                       text34       000000
__Htext35                                       text35       000000
__Htext36                                       text36       000000
__Htext37                                       text37       000000
__Htext38                                       text38       000000
__Htext39                                       text39       000000
__Htext4                                        text4        000000
__Htext40                                       text40       000000
__Htext41                                       text41       000000
__Htext42                                       text42       000000
__Htext43                                       text43       000000
__Htext44                                       text44       000000
__Htext45                                       text45       000000
__Htext46                                       text46       000000
__Htext47                                       text47       000000
__Htext48                                       text48       000000
__Htext49                                       text49       000000
__Htext5                                        text5        000000
__Htext50                                       text50       000000
__Htext51                                       text51       000000
__Htext52                                       text52       000000
__Htext54                                       text54       000000
__Htext55                                       text55       000000
__Htext56                                       text56       000000
__Htext57                                       text57       000000
__Htext58                                       text58       000000
__Htext59                                       text59       000000
__Htext6                                        text6        000000
__Htext60                                       text60       000000
__Htext61                                       text61       000000
__Htext7                                        text7        000000
__Htext8                                        text8        000000
__Htext9                                        text9        000000
__LRAM                                          (abs)        000001
__Labs1                                         abs1         000000
__Lbank0                                        bank0        000000
__Lbank1                                        bank1        000000
__Lbank10                                       bank10       000000
__Lbank11                                       bank11       000000
__Lbank12                                       bank12       000000
__Lbank13                                       bank13       000000
__Lbank14                                       bank14       000000
__Lbank15                                       bank15       000000
__Lbank2                                        bank2        000000
__Lbank3                                        bank3        000000
__Lbank4                                        bank4        000000
__Lbank5                                        bank5        000000
__Lbank6                                        bank6        000000
__Lbank7                                        bank7        000000
__Lbank8                                        bank8        000000
__Lbank9                                        bank9        000000
__Lbigbss                                       bigbss       000000
__Lbigdata                                      bigdata      000000
__Lbigram                                       bigram       000000
__Lbss                                          bss          000000
__LbssBANK0                                     bssBANK0     000000
__LbssBANK1                                     bssBANK1     000000
__LbssCOMRAM                                    bssCOMRAM    000000
__Lcinit                                        cinit        000000
__Lclrtext                                      clrtext      000000
__Lcomram                                       comram       000000
__Lconfig                                       config       000000
__Lconst                                        const        000000
__LcstackBANK0                                  cstackBANK0  000000
__LcstackCOMRAM                                 cstackCOMRAM 000000
__Ldata                                         data         000000
__LdataBANK0                                    dataBANK0    000000
__Leeprom_data                                  eeprom_data  000000
__Lfarbss                                       farbss       000000
__Lfardata                                      fardata      000000
__Libigdata                                     ibigdata     000000
__Lidata                                        idata        000000
__LidataBANK0                                   idataBANK0   000000
__Lidloc                                        idloc        000000
__Lifardata                                     ifardata     000000
__Linit                                         init         0000B0
__Lintcode                                      intcode      000008
__Lintcode_body                                 intcode_body 000000
__Lintcodelo                                    intcodelo    0000B0
__Lintentry                                     intentry     000000
__Lintret                                       intret       000000
__Lintsave_regs                                 intsave_regs 000000
__Lirdata                                       irdata       000000
__Lmediumconst                                  mediumconst  00FC6A
__LnvFARRAM                                     nvFARRAM     000000
__Lnvbit                                        nvbit        000000
__Lnvrram                                       nvrram       000000
__Lparam                                        rparam       000000
__Lpowerup                                      powerup      0000B0
__Lram                                          ram          000000
__Lramtop                                       ramtop       001000
__Lrbit                                         rbit         000000
__Lrbss                                         rbss         000000
__Lrdata                                        rdata        000000
__Lreset_vec                                    reset_vec    000000
__Lrparam                                       rparam       000000
__Lsfr                                          sfr          000000
__Lsmallconst                                   smallconst   000000
__Lspace_0                                      (abs)        000000
__Lspace_1                                      (abs)        000000
__Lspace_2                                      (abs)        000000
__Lspace_4                                      (abs)        000000
__Lstack                                        stack        000000
__Lstruct                                       struct       000000
__Ltemp                                         temp         000059
__Ltext                                         text         000000
__Ltext0                                        text0        000000
__Ltext1                                        text1        000000
__Ltext10                                       text10       000000
__Ltext11                                       text11       000000
__Ltext12                                       text12       000000
__Ltext13                                       text13       000000
__Ltext14                                       text14       000000
__Ltext15                                       text15       000000
__Ltext16                                       text16       000000
__Ltext17                                       text17       000000
__Ltext18                                       text18       000000
__Ltext19                                       text19       000000
__Ltext2                                        text2        000000
__Ltext20                                       text20       000000
__Ltext21                                       text21       000000
__Ltext22                                       text22       000000
__Ltext23                                       text23       000000
__Ltext24                                       text24       000000
__Ltext25                                       text25       000000
__Ltext26                                       text26       000000
__Ltext27                                       text27       000000
__Ltext28                                       text28       000000
__Ltext29                                       text29       000000
__Ltext3                                        text3        000000
__Ltext30                                       text30       000000
__Ltext31                                       text31       000000
__Ltext32                                       text32       000000
__Ltext33                                       text33       000000
__Ltext34                                       text34       000000
__Ltext35                                       text35       000000
__Ltext36                                       text36       000000
__Ltext37                                       text37       000000
__Ltext38                                       text38       000000
__Ltext39                                       text39       000000
__Ltext4                                        text4        000000
__Ltext40                                       text40       000000
__Ltext41                                       text41       000000
__Ltext42                                       text42       000000
__Ltext43                                       text43       000000
__Ltext44                                       text44       000000
__Ltext45                                       text45       000000
__Ltext46                                       text46       000000
__Ltext47                                       text47       000000
__Ltext48                                       text48       000000
__Ltext49                                       text49       000000
__Ltext5                                        text5        000000
__Ltext50                                       text50       000000
__Ltext51                                       text51       000000
__Ltext52                                       text52       000000
__Ltext54                                       text54       000000
__Ltext55                                       text55       000000
__Ltext56                                       text56       000000
__Ltext57                                       text57       000000
__Ltext58                                       text58       000000
__Ltext59                                       text59       000000
__Ltext6                                        text6        000000
__Ltext60                                       text60       000000
__Ltext61                                       text61       000000
__Ltext7                                        text7        000000
__Ltext8                                        text8        000000
__Ltext9                                        text9        000000
__S0                                            (abs)        010000
__S1                                            (abs)        000139
__S2                                            (abs)        000000
__S4                                            (abs)        000000
__S5                                            (abs)        000000
___aodiv                                        text20       0016A4
___aodiv@counter                                cstackCOMRAM 000017
___aodiv@dividend                               cstackCOMRAM 000007
___aodiv@divisor                                cstackCOMRAM 00000F
___aodiv@quotient                               cstackCOMRAM 000019
___aodiv@sign                                   cstackCOMRAM 000018
___aomod                                        text19       0019AE
___aomod@counter                                cstackCOMRAM 000017
___aomod@dividend                               cstackCOMRAM 000007
___aomod@divisor                                cstackCOMRAM 00000F
___aomod@sign                                   cstackCOMRAM 000018
___inthi_sp                                     stack        000000
___intlo_sp                                     stack        000000
___lodiv                                        text15       001B12
___lodiv@counter                                cstackCOMRAM 00001F
___lodiv@dividend                               cstackCOMRAM 000007
___lodiv@divisor                                cstackCOMRAM 00000F
___lodiv@quotient                               cstackCOMRAM 000017
___lomod                                        text14       001CEA
___lomod@counter                                cstackCOMRAM 000017
___lomod@dividend                               cstackCOMRAM 000007
___lomod@divisor                                cstackCOMRAM 00000F
___param_bank                                   (abs)        000000
___rparam_used                                  (abs)        000001
___sp                                           stack        000000
___wmul                                         text31       002620
___wmul@multiplicand                            cstackCOMRAM 000009
___wmul@multiplier                              cstackCOMRAM 000007
___wmul@product                                 cstackCOMRAM 00000B
__accesstop                                     (abs)        000060
__activetblptr                                  (abs)        000003
__end_of_EPWM2_Initialize                       text48       002688
__end_of_EPWM2_LoadDutyValue                    text4        00254E
__end_of_EUSART1_Initialize                     text44       002404
__end_of_EUSART1_Read                           text52       0025D0
__end_of_EUSART1_SetErrorHandler                text47       002792
__end_of_EUSART1_SetFramingErrorHandler         text46       002788
__end_of_EUSART1_SetOverrunErrorHandler         text45       00277E
__end_of_EUSART1_Write                          text27       0026EE
__end_of_EUSART1_is_rx_ready                    text51       002716
__end_of_EUSART2_DefaultErrorHandler            text59       00279E
__end_of_EUSART2_DefaultFramingErrorHandler     text58       0027A4
__end_of_EUSART2_DefaultOverrunErrorHandler     text57       002798
__end_of_EUSART2_Initialize                     text38       0020F4
__end_of_EUSART2_Read                           text50       0022FE
__end_of_EUSART2_Receive_ISR                    text54       001F38
__end_of_EUSART2_RxDataHandler                  text60       0025A6
__end_of_EUSART2_SetErrorHandler                text43       002774
__end_of_EUSART2_SetFramingErrorHandler         text42       00276A
__end_of_EUSART2_SetOverrunErrorHandler         text41       002760
__end_of_EUSART2_SetRxInterruptHandler          text40       002756
__end_of_EUSART2_SetTxInterruptHandler          text39       00274C
__end_of_EUSART2_Transmit_ISR                   text56       002384
__end_of_EUSART2_is_rx_ready                    text49       0026D8
__end_of_INTERRUPT_Initialize                   text37       0027A2
__end_of_INTERRUPT_InterruptManager             intcode      0000B0
__end_of_OSCILLATOR_Initialize                  text36       0026C0
__end_of_PIN_MANAGER_Initialize                 text35       00257A
__end_of_SYSTEM_Initialize                      text32       002668
__end_of_TMR1_HasOverflowOccured                text3        002702
__end_of_TMR1_Initialize                        text34       0026A4
__end_of_TMR1_WriteTimer                        text2        0025F8
__end_of_TMR2_Initialize                        text33       002738
__end_of___aodiv                                text20       00182C
__end_of___aomod                                text19       001B12
__end_of___lodiv                                text15       001C02
__end_of___lomod                                text14       001DBA
__end_of___wmul                                 text31       002646
__end_of__initialization                        cinit        0022A8
__end_of_abs                                    text18       0023C4
__end_of_atoi                                   text28       0016A4
__end_of_ctoa                                   text21       002212
__end_of_dtoa                                   text17       001036
__end_of_fputc                                  text25       00207E
__end_of_fputs                                  text24       002342
__end_of_isalpha                                text12       002440
__end_of_isdigit                                text30       0024E8
__end_of_islower                                text10       002478
__end_of_isspace                                text29       002264
__end_of_isupper                                text11       0024B0
__end_of_main                                   text0        00075A
__end_of_myEUSART2ISR                           text55       001FE8
__end_of_pad                                    text22       001E7C
__end_of_printf                                 text5        002620
__end_of_putch                                  text26       002742
__end_of_stoa                                   text16       0019AE
__end_of_strlen                                 text23       00251E
__end_of_toupper                                text9        0021B6
__end_of_transmitCharacterOverIR                text1        001CEA
__end_of_utoa                                   text13       00150A
__end_of_vfpfcnvrt                              text7        000D58
__end_of_vfprintf                               text6        002158
__end_of_xtoa                                   text8        00130A
__initialization                                cinit        002264
__mediumconst                                   mediumconst  00FC6A
__pbssBANK0                                     bssBANK0     000060
__pbssBANK1                                     bssBANK1     000100
__pbssCOMRAM                                    bssCOMRAM    000053
__pcinit                                        cinit        002264
__pcstackBANK0                                  cstackBANK0  0000B4
__pcstackCOMRAM                                 cstackCOMRAM 000001
__pdataBANK0                                    dataBANK0    0000E7
__pidataBANK0                                   idataBANK0   002716
__pintcode                                      intcode      000008
__pmediumconst                                  mediumconst  00FC6A
__ptext0                                        text0        0000B4
__ptext1                                        text1        001C02
__ptext10                                       text10       002440
__ptext11                                       text11       002478
__ptext12                                       text12       002404
__ptext13                                       text13       00130A
__ptext14                                       text14       001CEA
__ptext15                                       text15       001B12
__ptext16                                       text16       00182C
__ptext17                                       text17       000D58
__ptext18                                       text18       002384
__ptext19                                       text19       0019AE
__ptext2                                        text2        0025D0
__ptext20                                       text20       0016A4
__ptext21                                       text21       0021B6
__ptext22                                       text22       001DBA
__ptext23                                       text23       0024E8
__ptext24                                       text24       0022FE
__ptext25                                       text25       001FE8
__ptext26                                       text26       002738
__ptext27                                       text27       0026D8
__ptext28                                       text28       00150A
__ptext29                                       text29       002212
__ptext3                                        text3        0026EE
__ptext30                                       text30       0024B0
__ptext31                                       text31       002620
__ptext32                                       text32       002646
__ptext33                                       text33       002728
__ptext34                                       text34       002688
__ptext35                                       text35       00254E
__ptext36                                       text36       0026A4
__ptext37                                       text37       00279E
__ptext38                                       text38       00207E
__ptext39                                       text39       002742
__ptext4                                        text4        00251E
__ptext40                                       text40       00274C
__ptext41                                       text41       002756
__ptext42                                       text42       002760
__ptext43                                       text43       00276A
__ptext44                                       text44       0023C4
__ptext45                                       text45       002774
__ptext46                                       text46       00277E
__ptext47                                       text47       002788
__ptext48                                       text48       002668
__ptext49                                       text49       0026C0
__ptext5                                        text5        0025F8
__ptext50                                       text50       0022B2
__ptext51                                       text51       002702
__ptext52                                       text52       0025A6
__ptext54                                       text54       001E7C
__ptext55                                       text55       001F38
__ptext56                                       text56       002342
__ptext57                                       text57       002792
__ptext58                                       text58       0027A2
__ptext59                                       text59       002798
__ptext6                                        text6        0020F4
__ptext60                                       text60       00257A
__ptext61                                       text61       000000
__ptext7                                        text7        00075A
__ptext8                                        text8        001036
__ptext9                                        text9        002158
__ramtop                                        ramtop       001000
__size_of_EPWM2_Initialize                      (abs)        000000
__size_of_EPWM2_LoadDutyValue                   (abs)        000000
__size_of_EUSART1_Initialize                    (abs)        000000
__size_of_EUSART1_Read                          (abs)        000000
__size_of_EUSART1_SetErrorHandler               (abs)        000000
__size_of_EUSART1_SetFramingErrorHandler        (abs)        000000
__size_of_EUSART1_SetOverrunErrorHandler        (abs)        000000
__size_of_EUSART1_Write                         (abs)        000000
__size_of_EUSART1_is_rx_ready                   (abs)        000000
__size_of_EUSART2_DefaultErrorHandler           (abs)        000000
__size_of_EUSART2_DefaultFramingErrorHandler    (abs)        000000
__size_of_EUSART2_DefaultOverrunErrorHandler    (abs)        000000
__size_of_EUSART2_Initialize                    (abs)        000000
__size_of_EUSART2_Read                          (abs)        000000
__size_of_EUSART2_Receive_ISR                   (abs)        000000
__size_of_EUSART2_RxDataHandler                 (abs)        000000
__size_of_EUSART2_SetErrorHandler               (abs)        000000
__size_of_EUSART2_SetFramingErrorHandler        (abs)        000000
__size_of_EUSART2_SetOverrunErrorHandler        (abs)        000000
__size_of_EUSART2_SetRxInterruptHandler         (abs)        000000
__size_of_EUSART2_SetTxInterruptHandler         (abs)        000000
__size_of_EUSART2_Transmit_ISR                  (abs)        000000
__size_of_EUSART2_is_rx_ready                   (abs)        000000
__size_of_INTERRUPT_Initialize                  (abs)        000000
__size_of_INTERRUPT_InterruptManager            (abs)        000000
__size_of_OSCILLATOR_Initialize                 (abs)        000000
__size_of_PIN_MANAGER_Initialize                (abs)        000000
__size_of_SYSTEM_Initialize                     (abs)        000000
__size_of_TMR1_HasOverflowOccured               (abs)        000000
__size_of_TMR1_Initialize                       (abs)        000000
__size_of_TMR1_WriteTimer                       (abs)        000000
__size_of_TMR2_Initialize                       (abs)        000000
__size_of___aodiv                               (abs)        000000
__size_of___aomod                               (abs)        000000
__size_of___lodiv                               (abs)        000000
__size_of___lomod                               (abs)        000000
__size_of___wmul                                (abs)        000000
__size_of_abs                                   (abs)        000000
__size_of_atoi                                  (abs)        000000
__size_of_ctoa                                  (abs)        000000
__size_of_dtoa                                  (abs)        000000
__size_of_fputc                                 (abs)        000000
__size_of_fputs                                 (abs)        000000
__size_of_isalpha                               (abs)        000000
__size_of_isdigit                               (abs)        000000
__size_of_islower                               (abs)        000000
__size_of_isspace                               (abs)        000000
__size_of_isupper                               (abs)        000000
__size_of_main                                  (abs)        000000
__size_of_myEUSART2ISR                          (abs)        000000
__size_of_pad                                   (abs)        000000
__size_of_printf                                (abs)        000000
__size_of_putch                                 (abs)        000000
__size_of_stoa                                  (abs)        000000
__size_of_strlen                                (abs)        000000
__size_of_toupper                               (abs)        000000
__size_of_transmitCharacterOverIR               (abs)        000000
__size_of_utoa                                  (abs)        000000
__size_of_vfpfcnvrt                             (abs)        000000
__size_of_vfprintf                              (abs)        000000
__size_of_xtoa                                  (abs)        000000
__smallconst                                    smallconst   000000
_abs                                            text18       002384
_atoi                                           text28       00150A
_atoi$1984                                      cstackCOMRAM 000016
_atoi$1985                                      cstackCOMRAM 00001A
_atoi$1986                                      cstackCOMRAM 000018
_baudRateSelected                               dataBANK0    0000F8
_bitPeriod                                      dataBANK0    0000E7
_checksum                                       bssBANK0     000090
_cksum                                          bssBANK0     000091
_ctoa                                           text21       0021B6
_dbuf                                           bssBANK1     000100
_dtoa                                           text17       000D58
_dtoa$1918                                      cstackCOMRAM 000036
_eusart1RxLastError                             bssBANK0     000095
_eusart2RxBuffer                                bssBANK0     000068
_eusart2RxCount                                 bssBANK0     000097
_eusart2RxHead                                  bssCOMRAM    000058
_eusart2RxLastError                             bssBANK0     000096
_eusart2RxStatusBuffer                          bssBANK0     000060
_eusart2RxTail                                  bssCOMRAM    000057
_eusart2TxBuffer                                bssBANK0     000070
_eusart2TxBufferRemaining                       bssBANK0     000098
_eusart2TxHead                                  bssBANK0     00009A
_eusart2TxTail                                  bssBANK0     000099
_flags                                          bssCOMRAM    000055
_fputc                                          text25       001FE8
_fputs                                          text24       0022FE
_ind                                            bssBANK0     000092
_isalpha                                        text12       002404
_isdigit                                        text30       0024B0
_islower                                        text10       002440
_isspace                                        text29       002212
_isspace$2011                                   cstackCOMRAM 00000D
_isupper                                        text11       002478
_main                                           text0        0000B4
_myEUSART2ISR                                   text55       001F38
_nout                                           bssBANK0     000078
_pad                                            text22       001DBA
_prec                                           bssCOMRAM    000053
_printf                                         text5        0025F8
_putch                                          text26       002738
_receiveBusy                                    bssBANK0     000094
_receiveNewMessage                              bssBANK0     000093
_stoa                                           text16       00182C
_strlen                                         text23       0024E8
_timer1ReloadVal                                bssBANK0     00008C
_toupper                                        text9        002158
_toupper$2060                                   cstackCOMRAM 000013
_transmitCharacterOverIR                        text1        001C02
_utoa                                           text13       00130A
_vfpfcnvrt                                      text7        00075A
_vfpfcnvrt$1960                                 cstackBANK0  0000C4
_vfprintf                                       text6        0020F4
_width                                          bssBANK0     00007A
_xtoa                                           text8        001036
_xtoa$1945                                      cstackCOMRAM 000037
_xtoa$1946                                      cstackCOMRAM 000039
abs@a                                           cstackCOMRAM 000019
atoi@n                                          cstackCOMRAM 00001B
atoi@neg                                        cstackCOMRAM 000014
atoi@s                                          cstackCOMRAM 00000E
btemp                                           temp         000059
ctoa@c                                          cstackCOMRAM 000026
ctoa@fp                                         cstackCOMRAM 000024
ctoa@w                                          cstackCOMRAM 000027
dtoa@d                                          cstackCOMRAM 000026
dtoa@fp                                         cstackCOMRAM 000024
dtoa@i                                          cstackCOMRAM 000046
dtoa@n                                          cstackCOMRAM 00003E
dtoa@p                                          cstackCOMRAM 000038
dtoa@s                                          cstackCOMRAM 00003C
dtoa@w                                          cstackCOMRAM 00003A
end_of_initialization                           cinit        0022A8
fputc@c                                         cstackCOMRAM 000009
fputc@fp                                        cstackCOMRAM 00000B
fputs@c                                         cstackCOMRAM 000016
fputs@fp                                        cstackCOMRAM 000014
fputs@i                                         cstackCOMRAM 000017
fputs@s                                         cstackCOMRAM 000012
int$flags                                       temp         000059
intlevel0                                       text         000000
intlevel1                                       text         000000
intlevel2                                       text         000000
intlevel3                                       text         000000
isalpha@c                                       cstackCOMRAM 000007
isdigit@c                                       cstackCOMRAM 000007
islower@c                                       cstackCOMRAM 000007
isspace@c                                       cstackCOMRAM 000007
isupper@c                                       cstackCOMRAM 000007
main@baud_rate                                  cstackBANK0  0000E1
main@cmd                                        cstackBANK0  0000E3
main@i                                          cstackBANK0  0000E6
main@i_1370                                     cstackBANK0  0000E5
main@letter                                     cstackBANK0  0000E4
myEUSART2ISR@Index                              bssBANK0     00008E
myEUSART2ISR@state                              bssBANK0     00008F
pad@buf                                         cstackCOMRAM 00001B
pad@fp                                          cstackCOMRAM 000019
pad@i                                           cstackCOMRAM 000020
pad@p                                           cstackCOMRAM 00001D
pad@w                                           cstackCOMRAM 000022
printf@ap                                       cstackBANK0  0000DD
printf@fmt                                      cstackBANK0  0000D5
putch@txData                                    cstackCOMRAM 000008
stackhi                                         (abs)        000F37
stacklo                                         (abs)        000139
start                                           init         0000B0
start_initialization                            cinit        002264
stoa@F1144                                      dataBANK0    0000F1
stoa@cp                                         cstackCOMRAM 000022
stoa@fp                                         cstackCOMRAM 000012
stoa@i                                          cstackCOMRAM 00001E
stoa@l                                          cstackCOMRAM 000026
stoa@nuls                                       cstackCOMRAM 000017
stoa@p                                          cstackCOMRAM 000024
stoa@s                                          cstackCOMRAM 000014
stoa@w                                          cstackCOMRAM 000020
strlen@a                                        cstackCOMRAM 000009
strlen@s                                        cstackCOMRAM 000007
toupper@c                                       cstackCOMRAM 00000D
transmitCharacterOverIR@baudRate                cstackCOMRAM 00000B
transmitCharacterOverIR@letter                  cstackCOMRAM 00000D
transmitCharacterOverIR@mask                    cstackCOMRAM 00000E
ttemp5                                          temp         00005A
ttemp6                                          temp         00005D
ttemp7                                          temp         000061
utoa@d                                          cstackCOMRAM 000026
utoa@fp                                         cstackCOMRAM 000024
utoa@i                                          cstackCOMRAM 000042
utoa@n                                          cstackCOMRAM 00003A
utoa@p                                          cstackCOMRAM 000036
utoa@w                                          cstackCOMRAM 000038
vfpfcnvrt@ap                                    cstackCOMRAM 00004F
vfpfcnvrt@c                                     cstackBANK0  0000CE
vfpfcnvrt@cp                                    cstackBANK0  0000C0
vfpfcnvrt@done                                  cstackBANK0  0000C2
vfpfcnvrt@fmt                                   cstackCOMRAM 00004D
vfpfcnvrt@fp                                    cstackCOMRAM 00004B
vfpfcnvrt@ll                                    cstackBANK0  0000B8
vfpfcnvrt@llu                                   cstackBANK0  0000C6
vfprintf@ap                                     cstackBANK0  0000D3
vfprintf@cfmt                                   cstackCOMRAM 000051
vfprintf@fmt                                    cstackBANK0  0000D1
vfprintf@fp                                     cstackBANK0  0000CF
wtemp8                                          temp         00005A
xtoa@c                                          cstackCOMRAM 000049
xtoa@d                                          cstackCOMRAM 000026
xtoa@fp                                         cstackCOMRAM 000024
xtoa@i                                          cstackCOMRAM 000047
xtoa@n                                          cstackCOMRAM 00003F
xtoa@p                                          cstackCOMRAM 00003B
xtoa@w                                          cstackCOMRAM 00003D
xtoa@x                                          cstackCOMRAM 00002E


FUNCTION INFORMATION:

 *************** function _main *****************
 Defined at:
		line 49 in file "main.c"
 Parameters:    Size  Location     Type
		None
 Auto vars:     Size  Location     Type
  baud_rate       2   45[BANK0 ] unsigned short 
  i               1   49[BANK0 ] unsigned char 
  i               1   50[BANK0 ] unsigned char 
  letter          1   48[BANK0 ] unsigned char 
  cmd             1   47[BANK0 ] unsigned char 
 Return value:  Size  Location     Type
                  1    wreg      void 
 Registers used:
		wreg, fsr1l, fsr1h, fsr2l, fsr2h, status,2, status,0, tblptrl, tblptrh, tblptru, prodl, prodh, cstack
 Tracked objects:
		On entry : 
		On exit  : 
		Unchanged: 
 Data sizes:     COMRAM   BANK0   BANK1   BANK2   BANK3   BANK4   BANK5   BANK6   BANK7   BANK8   BANK9  BANK10  BANK11  BANK12  BANK13  BANK14  BANK15
      Params:         0       0       0       0       0       0       0       0       0       0       0       0       0       0       0       0       0
      Locals:         0       6       0       0       0       0       0       0       0       0       0       0       0       0       0       0       0
      Temps:          0       2       0       0       0       0       0       0       0       0       0       0       0       0       0       0       0
      Totals:         0       8       0       0       0       0       0       0       0       0       0       0       0       0       0       0       0
Total ram usage:        8 bytes
 Hardware stack levels required when called:   13
 This function calls:
		_EPWM2_LoadDutyValue
		_EUSART1_Read
		_EUSART1_is_rx_ready
		_EUSART2_Read
		_EUSART2_SetRxInterruptHandler
		_EUSART2_is_rx_ready
		_SYSTEM_Initialize
		_TMR1_HasOverflowOccured
		_TMR1_WriteTimer
		_printf
		_transmitCharacterOverIR
 This function is called by:
		Startup code after reset
 This function uses a non-reentrant model


 *************** function _transmitCharacterOverIR *****************
 Defined at:
		line 305 in file "main.c"
 Parameters:    Size  Location     Type
  letter          1    wreg     unsigned char 
  baudRate        2   10[COMRAM] unsigned short 
 Auto vars:     Size  Location     Type
  letter          1   12[COMRAM] unsigned char 
  mask            1   13[COMRAM] unsigned char 
 Return value:  Size  Location     Type
                  1    wreg      void 
 Registers used:
		wreg, status,2, status,0, cstack
 Tracked objects:
		On entry : 
		On exit  : 
		Unchanged: 
 Data sizes:     COMRAM   BANK0   BANK1   BANK2   BANK3   BANK4   BANK5   BANK6   BANK7   BANK8   BANK9  BANK10  BANK11  BANK12  BANK13  BANK14  BANK15
      Params:         2       0       0       0       0       0       0       0       0       0       0       0       0       0       0       0       0
      Locals:         2       0       0       0       0       0       0       0       0       0       0       0       0       0       0       0       0
      Temps:          0       0       0       0       0       0       0       0       0       0       0       0       0       0       0       0       0
      Totals:         4       0       0       0       0       0       0       0       0       0       0       0       0       0       0       0       0
Total ram usage:        4 bytes
 Hardware stack levels used:    1
 Hardware stack levels required when called:    5
 This function calls:
		_EPWM2_LoadDutyValue
		_TMR1_HasOverflowOccured
		_TMR1_WriteTimer
 This function is called by:
		_main
 This function uses a non-reentrant model


 *************** function _TMR1_WriteTimer *****************
 Defined at:
		line 114 in file "mcc_generated_files/tmr1.c"
 Parameters:    Size  Location     Type
  timerVal        2    6[COMRAM] unsigned short 
 Auto vars:     Size  Location     Type
		None
 Return value:  Size  Location     Type
                  1    wreg      void 
 Registers used:
		wreg, status,2
 Tracked objects:
		On entry : 
		On exit  : 
		Unchanged: 
 Data sizes:     COMRAM   BANK0   BANK1   BANK2   BANK3   BANK4   BANK5   BANK6   BANK7   BANK8   BANK9  BANK10  BANK11  BANK12  BANK13  BANK14  BANK15
      Params:         2       0       0       0       0       0       0       0       0       0       0       0       0       0       0       0       0
      Locals:         0       0       0       0       0       0       0       0       0       0       0       0       0       0       0       0       0
      Temps:          0       0       0       0       0       0       0       0       0       0       0       0       0       0       0       0       0
      Totals:         2       0       0       0       0       0       0       0       0       0       0       0       0       0       0       0       0
Total ram usage:        2 bytes
 Hardware stack levels used:    1
 Hardware stack levels required when called:    4
 This function calls:
		Nothing
 This function is called by:
		_main
		_transmitCharacterOverIR
		_TMR1_Reload
 This function uses a non-reentrant model


 *************** function _TMR1_HasOverflowOccured *****************
 Defined at:
		line 151 in file "mcc_generated_files/tmr1.c"
 Parameters:    Size  Location     Type
		None
 Auto vars:     Size  Location     Type
		None
 Return value:  Size  Location     Type
                  1    wreg      _Bool 
 Registers used:
		wreg
 Tracked objects:
		On entry : 
		On exit  : 
		Unchanged: 
 Data sizes:     COMRAM   BANK0   BANK1   BANK2   BANK3   BANK4   BANK5   BANK6   BANK7   BANK8   BANK9  BANK10  BANK11  BANK12  BANK13  BANK14  BANK15
      Params:         0       0       0       0       0       0       0       0       0       0       0       0       0       0       0       0       0
      Locals:         0       0       0       0       0       0       0       0       0       0       0       0       0       0       0       0       0
      Temps:          0       0       0       0       0       0       0       0       0       0       0       0       0       0       0       0       0
      Totals:         0       0       0       0       0       0       0       0       0       0       0       0       0       0       0       0       0
Total ram usage:        0 bytes
 Hardware stack levels used:    1
 Hardware stack levels required when called:    4
 This function calls:
		Nothing
 This function is called by:
		_main
		_transmitCharacterOverIR
 This function uses a non-reentrant model


 *************** function _EPWM2_LoadDutyValue *****************
 Defined at:
		line 90 in file "mcc_generated_files/epwm2.c"
 Parameters:    Size  Location     Type
  dutyValue       2    6[COMRAM] unsigned short 
 Auto vars:     Size  Location     Type
		None
 Return value:  Size  Location     Type
                  1    wreg      void 
 Registers used:
		wreg, status,2, status,0
 Tracked objects:
		On entry : 
		On exit  : 
		Unchanged: 
 Data sizes:     COMRAM   BANK0   BANK1   BANK2   BANK3   BANK4   BANK5   BANK6   BANK7   BANK8   BANK9  BANK10  BANK11  BANK12  BANK13  BANK14  BANK15
      Params:         2       0       0       0       0       0       0       0       0       0       0       0       0       0       0       0       0
      Locals:         0       0       0       0       0       0       0       0       0       0       0       0       0       0       0       0       0
[...]
 This function calls:
		Nothing
 This function is called by:
		_main
 This function uses a non-reentrant model


 *************** function _EUSART1_Read *****************
 Defined at:
		line 113 in file "mcc_generated_files/eusart1.c"
 Parameters:    Size  Location     Type
		None
 Auto vars:     Size  Location     Type
		None
 Return value:  Size  Location     Type
                  1    wreg      unsigned char 
 Registers used:
		wreg, status,2
 Tracked objects:
		On entry : 
		On exit  : 
		Unchanged: 
 Data sizes:     COMRAM   BANK0   BANK1   BANK2   BANK3   BANK4   BANK5   BANK6   BANK7   BANK8   BANK9  BANK10  BANK11  BANK12  BANK13  BANK14  BANK15
      Params:         0       0       0       0       0       0       0       0       0       0       0       0       0       0       0       0       0
      Locals:         0       0       0       0       0       0       0       0       0       0       0       0       0       0       0       0       0
      Temps:          0       0       0       0       0       0       0       0       0       0       0       0       0       0       0       0       0
      Totals:         0       0       0       0       0       0       0       0       0       0       0       0       0       0       0       0       0
Total ram usage:        0 bytes
 Hardware stack levels used:    1
 Hardware stack levels required when called:    4
 This function calls:
		Nothing
 This function is called by:
		_main
		_getch
 This function uses a non-reentrant model


 *************** function _INTERRUPT_InterruptManager *****************
 Defined at:
		line 58 in file "mcc_generated_files/interrupt_manager.c"
 Parameters:    Size  Location     Type
		None
 Auto vars:     Size  Location     Type
		None
 Return value:  Size  Location     Type
                  1    wreg      void 
 Registers used:
		wreg, fsr2l, fsr2h, status,2, status,0, pclath, tosl, cstack
 Tracked objects:
		On entry : 
		On exit  : 
		Unchanged: 
 Data sizes:     COMRAM   BANK0   BANK1   BANK2   BANK3   BANK4   BANK5   BANK6   BANK7   BANK8   BANK9  BANK10  BANK11  BANK12  BANK13  BANK14  BANK15
      Params:         0       0       0       0       0       0       0       0       0       0       0       0       0       0       0       0       0
      Locals:         0       0       0       0       0       0       0       0       0       0       0       0       0       0       0       0       0
      Temps:          4       0       0       0       0       0       0       0       0       0       0       0       0       0       0       0       0
      Totals:         4       0       0       0       0       0       0       0       0       0       0       0       0       0       0       0       0
Total ram usage:        4 bytes
 Hardware stack levels used:    1
 Hardware stack levels required when called:    3
 This function calls:
		Absolute function
		_EUSART2_Receive_ISR
		_EUSART2_Transmit_ISR
		_myEUSART2ISR
 This function is called by:
		Interrupt level 2
 This function uses a non-reentrant model


 *************** function _EUSART2_Receive_ISR *****************
 Defined at:
		line 216 in file "mcc_generated_files/eusart2.c"
 Parameters:    Size  Location     Type
		None
 Auto vars:     Size  Location     Type
		None
 Return value:  Size  Location     Type
                  1    wreg      void 
 Registers used:
		wreg, fsr2l, fsr2h, status,2, status,0, pclath, tosl, cstack
 Tracked objects:
		On entry : 
		On exit  : 
		Unchanged: 
 Data sizes:     COMRAM   BANK0   BANK1   BANK2   BANK3   BANK4   BANK5   BANK6   BANK7   BANK8   BANK9  BANK10  BANK11  BANK12  BANK13  BANK14  BANK15
      Params:         0       0       0       0       0       0       0       0       0       0       0       0       0       0       0       0       0
      Locals:         0       0       0       0       0       0       0       0       0       0       0       0       0       0       0       0       0
      Temps:          0       0       0       0       0       0       0       0       0       0       0       0       0       0       0       0       0
      Totals:         0       0       0       0       0       0       0       0       0       0       0       0       0       0       0       0       0
Total ram usage:        0 bytes
 Hardware stack levels used:    1
 Hardware stack levels required when called:    2
 This function calls:
		Absolute function
		_EUSART2_DefaultErrorHandler
		_EUSART2_DefaultFramingErrorHandler
		_EUSART2_DefaultOverrunErrorHandler
		_EUSART2_RxDataHandler
 This function is called by:
		_EUSART2_Initialize
		_INTERRUPT_InterruptManager
 This function uses a non-reentrant model


 *************** function _myEUSART2ISR *****************
 Defined at:
		line 277 in file "main.c"
 Parameters:    Size  Location     Type
		None
 Auto vars:     Size  Location     Type
		None
 Return value:  Size  Location     Type
                  1    wreg      void 
 Registers used:
		wreg, fsr2l, fsr2h, status,2, status,0
 Tracked objects:
		On entry : 
		On exit  : 
		Unchanged: 
 Data sizes:     COMRAM   BANK0   BANK1   BANK2   BANK3   BANK4   BANK5   BANK6   BANK7   BANK8   BANK9  BANK10  BANK11  BANK12  BANK13  BANK14  BANK15
      Params:         0       0       0       0       0       0       0       0       0       0       0       0       0       0       0       0       0
      Locals:         0       0       0       0       0       0       0       0       0       0       0       0       0       0       0       0       0
      Temps:          2       0       0       0       0       0       0       0       0       0       0       0       0       0       0       0       0
      Totals:         2       0       0       0       0       0       0       0       0       0       0       0       0       0       0       0       0
Total ram usage:        2 bytes
 Hardware stack levels used:    1
 This function calls:
		Nothing
 This function is called by:
		_main
		_INTERRUPT_InterruptManager
 This function uses a non-reentrant model


 *************** function _EUSART2_Transmit_ISR *****************
 Defined at:
		line 197 in file "mcc_generated_files/eusart2.c"
 Parameters:    Size  Location     Type
		None
 Auto vars:     Size  Location     Type
		None
 Return value:  Size  Location     Type
                  1    wreg      void 
 Registers used:
		wreg, fsr2l, fsr2h, status,2, status,0
 Tracked objects:
		On entry : 
		On exit  : 
		Unchanged: 
 Data sizes:     COMRAM   BANK0   BANK1   BANK2   BANK3   BANK4   BANK5   BANK6   BANK7   BANK8   BANK9  BANK10  BANK11  BANK12  BANK13  BANK14  BANK15
      Params:         0       0       0       0       0       0       0       0       0       0       0       0       0       0       0       0       0
      Locals:         0       0       0       0       0       0       0       0       0       0       0       0       0       0       0       0       0
      Temps:          0       0       0       0       0       0       0       0       0       0       0       0       0       0       0       0       0
      Totals:         0       0       0       0       0       0       0       0       0       0       0       0       0       0       0       0       0
Total ram usage:        0 bytes
 Hardware stack levels used:    1
 This function calls:
		Nothing
 This function is called by:
		_EUSART2_Initialize
		_INTERRUPT_InterruptManager
 This function uses a non-reentrant model


 *************** function _EUSART2_DefaultOverrunErrorHandler *****************
 Defined at:
		line 252 in file "mcc_generated_files/eusart2.c"
 Parameters:    Size  Location     Type
		None
 Auto vars:     Size  Location     Type
		None
 Return value:  Size  Location     Type
                  1    wreg      void 
 Registers used:
		None
 Tracked objects:
		On entry : 
		On exit  : 
		Unchanged: 
 Data sizes:     COMRAM   BANK0   BANK1   BANK2   BANK3   BANK4   BANK5   BANK6   BANK7   BANK8   BANK9  BANK10  BANK11  BANK12  BANK13  BANK14  BANK15
      Params:         0       0       0       0       0       0       0       0       0       0       0       0       0       0       0       0       0
      Locals:         0       0       0       0       0       0       0       0       0       0       0       0       0       0       0       0       0
      Temps:          0       0       0       0       0       0       0       0       0       0       0       0       0       0       0       0       0
      Totals:         0       0       0       0       0       0       0       0       0       0       0       0       0       0       0       0       0
Total ram usage:        0 bytes
 Hardware stack levels used:    1
 This function calls:
		Nothing
 This function is called by:
		_EUSART2_Initialize
		_EUSART2_Receive_ISR
 This function uses a non-reentrant model


 *************** function _EUSART2_DefaultFramingErrorHandler *****************
 Defined at:
		line 250 in file "mcc_generated_files/eusart2.c"
 Parameters:    Size  Location     Type
		None
 Auto vars:     Size  Location     Type
		None
 Return value:  Size  Location     Type
                  1    wreg      void 
 Registers used:
		None
 Tracked objects:
		On entry : 
		On exit  : 
		Unchanged: 
 Data sizes:     COMRAM   BANK0   BANK1   BANK2   BANK3   BANK4   BANK5   BANK6   BANK7   BANK8   BANK9  BANK10  BANK11  BANK12  BANK13  BANK14  BANK15
      Params:         0       0       0       0       0       0       0       0       0       0       0       0       0       0       0       0       0
      Locals:         0       0       0       0       0       0       0       0       0       0       0       0       0       0       0       0       0
      Temps:          0       0       0       0       0       0       0       0       0       0       0       0       0       0       0       0       0
      Totals:         0       0       0       0       0       0       0       0       0       0       0       0       0       0       0       0       0
Total ram usage:        0 bytes
 Hardware stack levels used:    1
 This function calls:
		Nothing
 This function is called by:
		_EUSART2_Initialize
		_EUSART2_Receive_ISR
 This function uses a non-reentrant model


 *************** function _EUSART2_DefaultErrorHandler *****************
 Defined at:
		line 260 in file "mcc_generated_files/eusart2.c"
 Parameters:    Size  Location     Type
		None
 Auto vars:     Size  Location     Type
		None
 Return value:  Size  Location     Type
                  1    wreg      void 
 Registers used:
		wreg, fsr2l, fsr2h, status,2, status,0, cstack
 Tracked objects:
		On entry : 
		On exit  : 
		Unchanged: 
 Data sizes:     COMRAM   BANK0   BANK1   BANK2   BANK3   BANK4   BANK5   BANK6   BANK7   BANK8   BANK9  BANK10  BANK11  BANK12  BANK13  BANK14  BANK15
      Params:         0       0       0       0       0       0       0       0       0       0       0       0       0       0       0       0       0
      Locals:         0       0       0       0       0       0       0       0       0       0       0       0       0       0       0       0       0
      Temps:          0       0       0       0       0       0       0       0       0       0       0       0       0       0       0       0       0
      Totals:         0       0       0       0       0       0       0       0       0       0       0       0       0       0       0       0       0
Total ram usage:        0 bytes
 Hardware stack levels used:    1
 Hardware stack levels required when called:    1
 This function calls:
		_EUSART2_RxDataHandler
 This function is called by:
		_EUSART2_Initialize
		_EUSART2_Receive_ISR
 This function uses a non-reentrant model


 *************** function _EUSART2_RxDataHandler *****************
 Defined at:
		line 240 in file "mcc_generated_files/eusart2.c"
 Parameters:    Size  Location     Type
		None
 Auto vars:     Size  Location     Type
		None
 Return value:  Size  Location     Type
                  1    wreg      void 
 Registers used:
		wreg, fsr2l, fsr2h, status,2, status,0
 Tracked objects:
		On entry : 
		On exit  : 
		Unchanged: 
 Data sizes:     COMRAM   BANK0   BANK1   BANK2   BANK3   BANK4   BANK5   BANK6   BANK7   BANK8   BANK9  BANK10  BANK11  BANK12  BANK13  BANK14  BANK15
      Params:         0       0       0       0       0       0       0       0       0       0       0       0       0       0       0       0       0
      Locals:         0       0       0       0       0       0       0       0       0       0       0       0       0       0       0       0       0
      Temps:          0       0       0       0       0       0       0       0       0       0       0       0       0       0       0       0       0
      Totals:         0       0       0       0       0       0       0       0       0       0       0       0       0       0       0       0       0
Total ram usage:        0 bytes
 Hardware stack levels used:    1
 This function calls:
		Nothing
 This function is called by:
		_EUSART2_Receive_ISR
		_EUSART2_DefaultErrorHandler
 This function uses a non-reentrant model



MODULE INFORMATION

Module		Function		Class		Link	Load	Size
C:\Program Files\Microchip\xc8\v2.20\pic\sources\c99\common\nf_fputc.c
		_fputc         		CODE           	1FE8	0000	151

C:\Program Files\Microchip\xc8\v2.20\pic\sources\c99\common\nf_fputc.c estimated size: 151

mcc_generated_files/eusart2.c
		_EUSART2_Read  		CODE           	22B2	0000	77
		_EUSART2_SetOverrunErrorHandler		CODE           	2756	0000	11
		_EUSART2_SetErrorHandler		CODE           	276A	0000	11
		_EUSART2_Receive_ISR		CODE           	1E7C	0000	189
		_EUSART2_RxDataHandler		CODE           	257A	0000	45
		_EUSART2_DefaultOverrunErrorHandler		CODE           	2792	0000	7
		_EUSART2_Transmit_ISR		CODE           	2342	0000	67
		_EUSART2_DefaultFramingErrorHandler		CODE           	27A2	0000	3
		_EUSART2_SetRxInterruptHandler		CODE           	274C	0000	11
		_EUSART2_SetTxInterruptHandler		CODE           	2742	0000	11
		_EUSART2_is_rx_ready		CODE           	26C0	0000	25
		_EUSART2_Initialize		CODE           	207E	0000	119
		_EUSART2_DefaultErrorHandler		CODE           	2798	0000	7
		_EUSART2_SetFramingErrorHandler		CODE           	2760	0000	11

mcc_generated_files/eusart2.c estimated size: 594

C:\Program Files\Microchip\xc8\v2.20\pic\sources\c99\common\isdigit.c
		_isdigit       		CODE           	24B0	0000	57

C:\Program Files\Microchip\xc8\v2.20\pic\sources\c99\common\isdigit.c estimated size: 57

C:\Program Files\Microchip\xc8\v2.20\pic\sources\c99\common\doprnt.c
		_vfpfcnvrt     		CODE           	075A	0000	1535
		_pad           		CODE           	1DBA	0000	195
		_ctoa          		CODE           	21B6	0000	93
		_dtoa          		CODE           	0D58	0000	735
		_vfprintf      		CODE           	20F4	0000	101
		_stoa          		CODE           	182C	0000	387
		_utoa          		CODE           	130A	0000	513
		_xtoa          		CODE           	1036	0000	725

C:\Program Files\Microchip\xc8\v2.20\pic\sources\c99\common\doprnt.c estimated size: 4284

mcc_generated_files/tmr2.c
		_TMR2_Initialize		CODE           	2728	0000	17

mcc_generated_files/tmr2.c estimated size: 17

mcc_generated_files/interrupt_manager.c
		_INTERRUPT_Initialize		CODE           	279E	0000	5
		_INTERRUPT_InterruptManager		CODE           	0008	0000	169

mcc_generated_files/interrupt_manager.c estimated size: 174

mcc_generated_files/epwm2.c
		_EPWM2_LoadDutyValue		CODE           	251E	0000	49
		_EPWM2_Initialize		CODE           	2668	0000	33

mcc_generated_files/epwm2.c estimated size: 82

C:\Program Files\Microchip\xc8\v2.20\pic\sources\c99\common\Umul16.c
		___wmul        		CODE           	2620	0000	39

C:\Program Files\Microchip\xc8\v2.20\pic\sources\c99\common\Umul16.c estimated size: 39

mcc_generated_files/pin_manager.c
		_PIN_MANAGER_Initialize		CODE           	254E	0000	45

mcc_generated_files/pin_manager.c estimated size: 45

C:\Program Files\Microchip\xc8\v2.20\pic\sources\c99\common\lomod.c
		___lomod       		CODE           	1CEA	0000	209

C:\Program Files\Microchip\xc8\v2.20\pic\sources\c99\common\lomod.c estimated size: 209

C:\Program Files\Microchip\xc8\v2.20\pic\sources\c99\common\aomod.c
		___aomod       		CODE           	19AE	0000	357

C:\Program Files\Microchip\xc8\v2.20\pic\sources\c99\common\aomod.c estimated size: 357

C:\Program Files\Microchip\xc8\v2.20\pic\sources\c99\common\islower.c
		_islower       		CODE           	2440	0000	57

C:\Program Files\Microchip\xc8\v2.20\pic\sources\c99\common\islower.c estimated size: 57

C:\Program Files\Microchip\xc8\v2.20\pic\sources\c99\common\nf_fputs.c
		_fputs         		CODE           	22FE	0000	69

C:\Program Files\Microchip\xc8\v2.20\pic\sources\c99\common\nf_fputs.c estimated size: 69

C:\Program Files\Microchip\xc8\v2.20\pic\sources\c99\common\isupper.c
		_isupper       		CODE           	2478	0000	57

C:\Program Files\Microchip\xc8\v2.20\pic\sources\c99\common\isupper.c estimated size: 57

C:\Program Files\Microchip\xc8\v2.20\pic\sources\c99\common\toupper.c
		_toupper       		CODE           	2158	0000	95

C:\Program Files\Microchip\xc8\v2.20\pic\sources\c99\common\toupper.c estimated size: 95

shared
		__initialization		CODE           	2264	0000	69

shared estimated size: 69

mcc_generated_files/eusart1.c
		_EUSART1_is_rx_ready		CODE           	2702	0000	21
		_EUSART1_Initialize		CODE           	23C4	0000	65
		_putch         		CODE           	2738	0000	11
		_EUSART1_SetFramingErrorHandler		CODE           	277E	0000	11
		_EUSART1_Read  		CODE           	25A6	0000	43
		_EUSART1_SetOverrunErrorHandler		CODE           	2774	0000	11
		_EUSART1_SetErrorHandler		CODE           	2788	0000	11
		_EUSART1_Write 		CODE           	26D8	0000	23

mcc_generated_files/eusart1.c estimated size: 196

mcc_generated_files/mcc.c
		_OSCILLATOR_Initialize		CODE           	26A4	0000	29
		_SYSTEM_Initialize		CODE           	2646	0000	35

mcc_generated_files/mcc.c estimated size: 64

C:\Program Files\Microchip\xc8\v2.20\pic\sources\c99\common\isspace.c
		_isspace       		CODE           	2212	0000	83

C:\Program Files\Microchip\xc8\v2.20\pic\sources\c99\common\isspace.c estimated size: 83

C:\Program Files\Microchip\xc8\v2.20\pic\sources\c99\common\printf.c
		_printf        		CODE           	25F8	0000	41

C:\Program Files\Microchip\xc8\v2.20\pic\sources\c99\common\printf.c estimated size: 41

C:\Program Files\Microchip\xc8\v2.20\pic\sources\c99\common\lodiv.c
		___lodiv       		CODE           	1B12	0000	241

C:\Program Files\Microchip\xc8\v2.20\pic\sources\c99\common\lodiv.c estimated size: 241

C:\Program Files\Microchip\xc8\v2.20\pic\sources\c99\common\aodiv.c
		___aodiv       		CODE           	16A4	0000	393

C:\Program Files\Microchip\xc8\v2.20\pic\sources\c99\common\aodiv.c estimated size: 393

mcc_generated_files/tmr1.c
		_TMR1_Initialize		CODE           	2688	0000	29
		_TMR1_WriteTimer		CODE           	25D0	0000	41
		_TMR1_HasOverflowOccured		CODE           	26EE	0000	21

mcc_generated_files/tmr1.c estimated size: 91

C:\Program Files\Microchip\xc8\v2.20\pic\sources\c99\common\abs.c
		_abs           		CODE           	2384	0000	65

C:\Program Files\Microchip\xc8\v2.20\pic\sources\c99\common\abs.c estimated size: 65

C:\Program Files\Microchip\xc8\v2.20\pic\sources\c99\common\strlen.c
		_strlen        		CODE           	24E8	0000	55

C:\Program Files\Microchip\xc8\v2.20\pic\sources\c99\common\strlen.c estimated size: 55

C:\Program Files\Microchip\xc8\v2.20\pic\sources\c99\common\atoi.c
		_atoi          		CODE           	150A	0000	411

C:\Program Files\Microchip\xc8\v2.20\pic\sources\c99\common\atoi.c estimated size: 411

C:\Program Files\Microchip\xc8\v2.20\pic\sources\c99\common\isalpha.c
		_isalpha       		CODE           	2404	0000	61

C:\Program Files\Microchip\xc8\v2.20\pic\sources\c99\common\isalpha.c estimated size: 61

main.c
		_myEUSART2ISR  		CODE           	1F38	0000	177
		_main          		CODE           	00B4	0000	1703
		_transmitCharacterOverIR		CODE           	1C02	0000	233

main.c estimated size: 2113

